
 Start         Length     Name                   Class
 0001:00000000 0008F228H .text                   CODE
 0002:00000000 0000294CH .data                   DATA
 0002:0000294C 00002369H .bss                    BSS


Detailed map of segments

 0001:00000000 00005DC3 C=CODE     S=.text    G=(none)   M=System   ACBP=A9
 0001:00005DC4 00000140 C=CODE     S=.text    G=(none)   M=SysInit  ACBP=A9
 0001:00005F04 00000078 C=CODE     S=.text    G=(none)   M=Types    ACBP=A9
 0001:00005F7C 00000EB8 C=CODE     S=.text    G=(none)   M=Windows  ACBP=A9
 0001:00006E34 00000338 C=CODE     S=.text    G=(none)   M=SysConst ACBP=A9
 0001:0000716C 00007530 C=CODE     S=.text    G=(none)   M=SysUtils ACBP=A9
 0001:0000E69C 00000038 C=CODE     S=.text    G=(none)   M=Messages ACBP=A9
 0001:0000E6D4 000007FB C=CODE     S=.text    G=(none)   M=VarUtils ACBP=A9
 0001:0000EED0 00005B12 C=CODE     S=.text    G=(none)   M=Variants ACBP=A9
 0001:000149E4 00000130 C=CODE     S=.text    G=(none)   M=RTLConsts ACBP=A9
 0001:00014B14 00000B2C C=CODE     S=.text    G=(none)   M=TypInfo  ACBP=A9
 0001:00015640 000000AC C=CODE     S=.text    G=(none)   M=ActiveX  ACBP=A9
 0001:000156EC 00009EC6 C=CODE     S=.text    G=(none)   M=Classes  ACBP=A9
 0001:0001F5B4 00000038 C=CODE     S=.text    G=(none)   M=ETypes   ACBP=A9
 0001:0001F5EC 000014D0 C=CODE     S=.text    G=(none)   M=EConsts  ACBP=A9
 0001:00020ABC 00003078 C=CODE     S=.text    G=(none)   M=ECore    ACBP=A9
 0001:00023B34 00000040 C=CODE     S=.text    G=(none)   M=ShellAPI ACBP=A9
 0001:00023B74 000000A0 C=CODE     S=.text    G=(none)   M=WinSock  ACBP=A9
 0001:00023C14 000016CC C=CODE     S=.text    G=(none)   M=EHook    ACBP=A9
 0001:000252E0 000000E8 C=CODE     S=.text    G=(none)   M=ELang    ACBP=A9
 0001:000253C8 00001588 C=CODE     S=.text    G=(none)   M=ESockets ACBP=A9
 0001:00026950 00005640 C=CODE     S=.text    G=(none)   M=EZlib    ACBP=A9
 0001:0002BF90 00000D3C C=CODE     S=.text    G=(none)   M=EEncrypt ACBP=A9
 0001:0002CCCC 000002DC C=CODE     S=.text    G=(none)   M=EBase64  ACBP=A9
 0001:0002CFA8 00000A7C C=CODE     S=.text    G=(none)   M=ETarGZip ACBP=A9
 0001:0002DA24 00002288 C=CODE     S=.text    G=(none)   M=EWebTools ACBP=A9
 0001:0002FCAC 000005A8 C=CODE     S=.text    G=(none)   M=EXMLBuilder ACBP=A9
 0001:00030254 000035DC C=CODE     S=.text    G=(none)   M=ELogManager ACBP=A9
 0001:00033830 000012F0 C=CODE     S=.text    G=(none)   M=EListView ACBP=A9
 0001:00034B20 0001D224 C=CODE     S=.text    G=(none)   M=ExceptionLog ACBP=A9
 0001:00051D44 00000298 C=CODE     S=.text    G=(none)   M=Consts   ACBP=A9
 0001:00051FDC 000072D7 C=CODE     S=.text    G=(none)   M=Graphics ACBP=A9
 0001:000592B4 00000048 C=CODE     S=.text    G=(none)   M=Math     ACBP=A9
 0001:000592FC 000002B8 C=CODE     S=.text    G=(none)   M=Contnrs  ACBP=A9
 0001:000595B4 00000190 C=CODE     S=.text    G=(none)   M=CommCtrl ACBP=A9
 0001:00059744 00000787 C=CODE     S=.text    G=(none)   M=MultiMon ACBP=A9
 0001:00059ECC 00000038 C=CODE     S=.text    G=(none)   M=Imm      ACBP=A9
 0001:00059F04 00000FF8 C=CODE     S=.text    G=(none)   M=HelpIntfs ACBP=A9
 0001:0005AEFC 00000038 C=CODE     S=.text    G=(none)   M=WinSpool ACBP=A9
 0001:0005AF34 00000044 C=CODE     S=.text    G=(none)   M=Printers ACBP=A9
 0001:0005AF78 0000031F C=CODE     S=.text    G=(none)   M=FlatSB   ACBP=A9
 0001:0005B298 000001A4 C=CODE     S=.text    G=(none)   M=SyncObjs ACBP=A9
 0001:0005B43C 000009BB C=CODE     S=.text    G=(none)   M=UxTheme  ACBP=A9
 0001:0005BDF8 00000038 C=CODE     S=.text    G=(none)   M=RichEdit ACBP=A9
 0001:0005BE30 00000038 C=CODE     S=.text    G=(none)   M=ToolWin  ACBP=A9
 0001:0005BE68 00000038 C=CODE     S=.text    G=(none)   M=RegStr   ACBP=A9
 0001:0005BEA0 00000038 C=CODE     S=.text    G=(none)   M=WinInet  ACBP=A9
 0001:0005BED8 00000038 C=CODE     S=.text    G=(none)   M=UrlMon   ACBP=A9
 0001:0005BF10 0000006C C=CODE     S=.text    G=(none)   M=ShlObj   ACBP=A9
 0001:0005BF7C 00000040 C=CODE     S=.text    G=(none)   M=CommDlg  ACBP=A9
 0001:0005BFBC 00000038 C=CODE     S=.text    G=(none)   M=Dlgs     ACBP=A9
 0001:0005BFF4 000016A9 C=CODE     S=.text    G=(none)   M=Dialogs  ACBP=A9
 0001:0005D6A0 00000652 C=CODE     S=.text    G=(none)   M=ExtCtrls ACBP=A9
 0001:0005DCF4 00000040 C=CODE     S=.text    G=(none)   M=ComStrs  ACBP=A9
 0001:0005DD34 00000094 C=CODE     S=.text    G=(none)   M=Clipbrd  ACBP=A9
 0001:0005DDC8 00000038 C=CODE     S=.text    G=(none)   M=StrUtils ACBP=A9
 0001:0005DE00 000000F5 C=CODE     S=.text    G=(none)   M=Buttons  ACBP=A9
 0001:0005DEF8 00000038 C=CODE     S=.text    G=(none)   M=ExtDlgs  ACBP=A9
 0001:0005DF30 00000068 C=CODE     S=.text    G=(none)   M=IniFiles ACBP=A9
 0001:0005DF98 00000068 C=CODE     S=.text    G=(none)   M=Registry ACBP=A9
 0001:0005E000 0000006C C=CODE     S=.text    G=(none)   M=Mapi     ACBP=A9
 0001:0005E06C 00000058 C=CODE     S=.text    G=(none)   M=ExtActns ACBP=A9
 0001:0005E0C4 00000038 C=CODE     S=.text    G=(none)   M=ListActns ACBP=A9
 0001:0005E0FC 000014FC C=CODE     S=.text    G=(none)   M=ComCtrls ACBP=A9
 0001:0005F5F8 00000A0C C=CODE     S=.text    G=(none)   M=Themes   ACBP=A9
 0001:00060004 00004574 C=CODE     S=.text    G=(none)   M=StdCtrls ACBP=A9
 0001:00064578 00000168 C=CODE     S=.text    G=(none)   M=StdActns ACBP=A9
 0001:000646E0 00000D1F C=CODE     S=.text    G=(none)   M=WinHelpViewer ACBP=A9
 0001:00065400 00010B43 C=CODE     S=.text    G=(none)   M=Controls ACBP=A9
 0001:00075F44 00001292 C=CODE     S=.text    G=(none)   M=ActnList ACBP=A9
 0001:000771D8 000016E4 C=CODE     S=.text    G=(none)   M=ImgList  ACBP=A9
 0001:000788BC 000066AD C=CODE     S=.text    G=(none)   M=Menus    ACBP=A9
 0001:0007EF6C 0000C5F8 C=CODE     S=.text    G=(none)   M=Forms    ACBP=A9
 0001:0008B564 00000038 C=CODE     S=.text    G=(none)   M=DirectDraw ACBP=A9
 0001:0008B59C 00000038 C=CODE     S=.text    G=(none)   M=MMSystem ACBP=A9
 0001:0008B5D4 00000038 C=CODE     S=.text    G=(none)   M=DXTypes  ACBP=A9
 0001:0008B60C 00000038 C=CODE     S=.text    G=(none)   M=DirectSound ACBP=A9
 0001:0008B644 00000038 C=CODE     S=.text    G=(none)   M=Direct3D9 ACBP=A9
 0001:0008B67C 00000058 C=CODE     S=.text    G=(none)   M=ComConst ACBP=A9
 0001:0008B6D4 00000E65 C=CODE     S=.text    G=(none)   M=ComObj   ACBP=A9
 0001:0008C53C 00000038 C=CODE     S=.text    G=(none)   M=DirectShow9 ACBP=A9
 0001:0008C574 000001C0 C=CODE     S=.text    G=(none)   M=WMF9     ACBP=A9
 0001:0008C734 0000237C C=CODE     S=.text    G=(none)   M=NetWrite ACBP=A9
 0001:0008EAB0 0000041C C=CODE     S=.text    G=(none)   M=Unit1    ACBP=A9
 0001:0008EECC 0000035C C=CODE     S=.text    G=(none)   M=wmvnetwrite ACBP=A9
 0002:00000000 000000A4 C=DATA     S=.data    G=DGROUP   M=System   ACBP=A9
 0002:000000A4 00000020 C=DATA     S=.data    G=DGROUP   M=SysInit  ACBP=A9
 0002:000000C4 00000254 C=DATA     S=.data    G=DGROUP   M=SysUtils ACBP=A9
 0002:00000318 00000008 C=DATA     S=.data    G=DGROUP   M=VarUtils ACBP=A9
 0002:00000320 0000008E C=DATA     S=.data    G=DGROUP   M=Variants ACBP=A9
 0002:000003B0 0000000C C=DATA     S=.data    G=DGROUP   M=TypInfo  ACBP=A9
 0002:000003BC 00000010 C=DATA     S=.data    G=DGROUP   M=ActiveX  ACBP=A9
 0002:000003CC 00000080 C=DATA     S=.data    G=DGROUP   M=Classes  ACBP=A9
 0002:0000044C 000003B4 C=DATA     S=.data    G=DGROUP   M=EConsts  ACBP=A9
 0002:00000800 00000024 C=DATA     S=.data    G=DGROUP   M=ECore    ACBP=A9
 0002:00000824 000001A0 C=DATA     S=.data    G=DGROUP   M=EHook    ACBP=A9
 0002:000009C4 00000DDC C=DATA     S=.data    G=DGROUP   M=EZlib    ACBP=A9
 0002:000017A0 000000C0 C=DATA     S=.data    G=DGROUP   M=EBase64  ACBP=A9
 0002:00001860 00000012 C=DATA     S=.data    G=DGROUP   M=ETarGZip ACBP=A9
 0002:00001874 000000E4 C=DATA     S=.data    G=DGROUP   M=EWebTools ACBP=A9
 0002:00001958 00000020 C=DATA     S=.data    G=DGROUP   M=EXMLBuilder ACBP=A9
 0002:00001978 00000020 C=DATA     S=.data    G=DGROUP   M=ELogManager ACBP=A9
 0002:00001998 000000A0 C=DATA     S=.data    G=DGROUP   M=ExceptionLog ACBP=A9
 0002:00001A38 00000304 C=DATA     S=.data    G=DGROUP   M=Graphics ACBP=A9
 0002:00001D3C 00000004 C=DATA     S=.data    G=DGROUP   M=Printers ACBP=A9
 0002:00001D40 000000D4 C=DATA     S=.data    G=DGROUP   M=Dialogs  ACBP=A9
 0002:00001E14 00000178 C=DATA     S=.data    G=DGROUP   M=ExtCtrls ACBP=A9
 0002:00001F8C 0000002C C=DATA     S=.data    G=DGROUP   M=Buttons  ACBP=A9
 0002:00001FB8 00000008 C=DATA     S=.data    G=DGROUP   M=IniFiles ACBP=A9
 0002:00001FC0 00000008 C=DATA     S=.data    G=DGROUP   M=Registry ACBP=A9
 0002:00001FC8 00000008 C=DATA     S=.data    G=DGROUP   M=Mapi     ACBP=A9
 0002:00001FD0 00000018 C=DATA     S=.data    G=DGROUP   M=ComCtrls ACBP=A9
 0002:00001FE8 00000068 C=DATA     S=.data    G=DGROUP   M=Themes   ACBP=A9
 0002:00002050 00000080 C=DATA     S=.data    G=DGROUP   M=StdCtrls ACBP=A9
 0002:000020D0 0000013C C=DATA     S=.data    G=DGROUP   M=Controls ACBP=A9
 0002:0000220C 00000020 C=DATA     S=.data    G=DGROUP   M=ImgList  ACBP=A9
 0002:0000222C 000000EC C=DATA     S=.data    G=DGROUP   M=Menus    ACBP=A9
 0002:00002318 0000011C C=DATA     S=.data    G=DGROUP   M=Forms    ACBP=A9
 0002:00002434 00000030 C=DATA     S=.data    G=DGROUP   M=ComObj   ACBP=A9
 0002:00002464 00000060 C=DATA     S=.data    G=DGROUP   M=WMF9     ACBP=A9
 0002:000024C4 00000004 C=DATA     S=.data    G=DGROUP   M=NetWrite ACBP=A9
 0002:00003000 00000664 C=BSS      S=.bss     G=DGROUP   M=System   ACBP=A9
 0002:00003664 00000010 C=BSS      S=.bss     G=DGROUP   M=SysInit  ACBP=A9
 0002:00003674 00000004 C=BSS      S=.bss     G=DGROUP   M=Types    ACBP=A9
 0002:00003678 00000004 C=BSS      S=.bss     G=DGROUP   M=Windows  ACBP=A9
 0002:0000367C 00000004 C=BSS      S=.bss     G=DGROUP   M=SysConst ACBP=A9
 0002:00003680 00000120 C=BSS      S=.bss     G=DGROUP   M=SysUtils ACBP=A9
 0002:000037A0 00000004 C=BSS      S=.bss     G=DGROUP   M=Messages ACBP=A9
 0002:000037A4 0000005C C=BSS      S=.bss     G=DGROUP   M=VarUtils ACBP=A9
 0002:00003800 00000040 C=BSS      S=.bss     G=DGROUP   M=Variants ACBP=A9
 0002:00003840 00000004 C=BSS      S=.bss     G=DGROUP   M=RTLConsts ACBP=A9
 0002:00003844 00000004 C=BSS      S=.bss     G=DGROUP   M=TypInfo  ACBP=A9
 0002:00003848 00000004 C=BSS      S=.bss     G=DGROUP   M=ActiveX  ACBP=A9
 0002:0000384C 00000044 C=BSS      S=.bss     G=DGROUP   M=Classes  ACBP=A9
 0002:00003890 00000004 C=BSS      S=.bss     G=DGROUP   M=ETypes   ACBP=A9
 0002:00003894 00000004 C=BSS      S=.bss     G=DGROUP   M=EConsts  ACBP=A9
 0002:00003898 00000009 C=BSS      S=.bss     G=DGROUP   M=ECore    ACBP=A9
 0002:000038A4 00000004 C=BSS      S=.bss     G=DGROUP   M=ShellAPI ACBP=A9
 0002:000038A8 00000004 C=BSS      S=.bss     G=DGROUP   M=WinSock  ACBP=A9
 0002:000038AC 00000010 C=BSS      S=.bss     G=DGROUP   M=EHook    ACBP=A9
 0002:000038BC 00000004 C=BSS      S=.bss     G=DGROUP   M=ELang    ACBP=A9
 0002:000038C0 00000004 C=BSS      S=.bss     G=DGROUP   M=ESockets ACBP=A9
 0002:000038C4 00000890 C=BSS      S=.bss     G=DGROUP   M=EZlib    ACBP=A9
 0002:00004154 0000001C C=BSS      S=.bss     G=DGROUP   M=EEncrypt ACBP=A9
 0002:00004170 00000004 C=BSS      S=.bss     G=DGROUP   M=EBase64  ACBP=A9
 0002:00004174 00000404 C=BSS      S=.bss     G=DGROUP   M=ETarGZip ACBP=A9
 0002:00004578 00000048 C=BSS      S=.bss     G=DGROUP   M=EWebTools ACBP=A9
 0002:000045C0 00000004 C=BSS      S=.bss     G=DGROUP   M=EXMLBuilder ACBP=A9
 0002:000045C4 00000004 C=BSS      S=.bss     G=DGROUP   M=ELogManager ACBP=A9
 0002:000045C8 00000004 C=BSS      S=.bss     G=DGROUP   M=EListView ACBP=A9
 0002:000045CC 00000A0C C=BSS      S=.bss     G=DGROUP   M=ExceptionLog ACBP=A9
 0002:00004FD8 00000004 C=BSS      S=.bss     G=DGROUP   M=Consts   ACBP=A9
 0002:00004FDC 00000060 C=BSS      S=.bss     G=DGROUP   M=Graphics ACBP=A9
 0002:0000503C 00000004 C=BSS      S=.bss     G=DGROUP   M=Math     ACBP=A9
 0002:00005040 00000004 C=BSS      S=.bss     G=DGROUP   M=Contnrs  ACBP=A9
 0002:00005044 0000000C C=BSS      S=.bss     G=DGROUP   M=CommCtrl ACBP=A9
 0002:00005050 00000031 C=BSS      S=.bss     G=DGROUP   M=MultiMon ACBP=A9
 0002:00005084 00000004 C=BSS      S=.bss     G=DGROUP   M=Imm      ACBP=A9
 0002:00005088 00000008 C=BSS      S=.bss     G=DGROUP   M=HelpIntfs ACBP=A9
 0002:00005090 00000004 C=BSS      S=.bss     G=DGROUP   M=WinSpool ACBP=A9
 0002:00005094 00000004 C=BSS      S=.bss     G=DGROUP   M=Printers ACBP=A9
 0002:00005098 00000034 C=BSS      S=.bss     G=DGROUP   M=FlatSB   ACBP=A9
 0002:000050CC 00000004 C=BSS      S=.bss     G=DGROUP   M=SyncObjs ACBP=A9
 0002:000050D0 000000CC C=BSS      S=.bss     G=DGROUP   M=UxTheme  ACBP=A9
 0002:0000519C 00000004 C=BSS      S=.bss     G=DGROUP   M=RichEdit ACBP=A9
 0002:000051A0 00000004 C=BSS      S=.bss     G=DGROUP   M=ToolWin  ACBP=A9
 0002:000051A4 00000004 C=BSS      S=.bss     G=DGROUP   M=RegStr   ACBP=A9
 0002:000051A8 00000004 C=BSS      S=.bss     G=DGROUP   M=WinInet  ACBP=A9
 0002:000051AC 00000004 C=BSS      S=.bss     G=DGROUP   M=UrlMon   ACBP=A9
 0002:000051B0 00000004 C=BSS      S=.bss     G=DGROUP   M=ShlObj   ACBP=A9
 0002:000051B4 00000004 C=BSS      S=.bss     G=DGROUP   M=CommDlg  ACBP=A9
 0002:000051B8 00000004 C=BSS      S=.bss     G=DGROUP   M=Dlgs     ACBP=A9
 0002:000051BC 0000000C C=BSS      S=.bss     G=DGROUP   M=Dialogs  ACBP=A9
 0002:000051C8 00000004 C=BSS      S=.bss     G=DGROUP   M=ExtCtrls ACBP=A9
 0002:000051CC 00000004 C=BSS      S=.bss     G=DGROUP   M=ComStrs  ACBP=A9
 0002:000051D0 0000000C C=BSS      S=.bss     G=DGROUP   M=Clipbrd  ACBP=A9
 0002:000051DC 00000004 C=BSS      S=.bss     G=DGROUP   M=StrUtils ACBP=A9
 0002:000051E0 00000030 C=BSS      S=.bss     G=DGROUP   M=Buttons  ACBP=A9
 0002:00005210 00000004 C=BSS      S=.bss     G=DGROUP   M=ExtDlgs  ACBP=A9
 0002:00005214 00000004 C=BSS      S=.bss     G=DGROUP   M=IniFiles ACBP=A9
 0002:00005218 00000004 C=BSS      S=.bss     G=DGROUP   M=Registry ACBP=A9
 0002:0000521C 00000004 C=BSS      S=.bss     G=DGROUP   M=Mapi     ACBP=A9
 0002:00005220 00000009 C=BSS      S=.bss     G=DGROUP   M=ExtActns ACBP=A9
 0002:0000522C 00000004 C=BSS      S=.bss     G=DGROUP   M=ListActns ACBP=A9
 0002:00005230 00000010 C=BSS      S=.bss     G=DGROUP   M=ComCtrls ACBP=A9
 0002:00005240 00000008 C=BSS      S=.bss     G=DGROUP   M=Themes   ACBP=A9
 0002:00005248 00000004 C=BSS      S=.bss     G=DGROUP   M=StdCtrls ACBP=A9
 0002:0000524C 00000004 C=BSS      S=.bss     G=DGROUP   M=StdActns ACBP=A9
 0002:00005250 00000014 C=BSS      S=.bss     G=DGROUP   M=WinHelpViewer ACBP=A9
 0002:00005264 00000080 C=BSS      S=.bss     G=DGROUP   M=Controls ACBP=A9
 0002:000052E4 00000004 C=BSS      S=.bss     G=DGROUP   M=ActnList ACBP=A9
 0002:000052E8 0000000C C=BSS      S=.bss     G=DGROUP   M=ImgList  ACBP=A9
 0002:000052F4 00000010 C=BSS      S=.bss     G=DGROUP   M=Menus    ACBP=A9
 0002:00005304 00000020 C=BSS      S=.bss     G=DGROUP   M=Forms    ACBP=A9
 0002:00005324 00000004 C=BSS      S=.bss     G=DGROUP   M=DirectDraw ACBP=A9
 0002:00005328 00000004 C=BSS      S=.bss     G=DGROUP   M=MMSystem ACBP=A9
 0002:0000532C 00000004 C=BSS      S=.bss     G=DGROUP   M=DXTypes  ACBP=A9
 0002:00005330 00000004 C=BSS      S=.bss     G=DGROUP   M=DirectSound ACBP=A9
 0002:00005334 00000004 C=BSS      S=.bss     G=DGROUP   M=Direct3D9 ACBP=A9
 0002:00005338 00000004 C=BSS      S=.bss     G=DGROUP   M=ComConst ACBP=A9
 0002:0000533C 00000011 C=BSS      S=.bss     G=DGROUP   M=ComObj   ACBP=A9
 0002:00005350 00000004 C=BSS      S=.bss     G=DGROUP   M=DirectShow9 ACBP=A9
 0002:00005354 00000004 C=BSS      S=.bss     G=DGROUP   M=WMF9     ACBP=A9
 0002:00005358 00000004 C=BSS      S=.bss     G=DGROUP   M=NetWrite ACBP=A9
 0002:0000535C 0000000C C=BSS      S=.bss     G=DGROUP   M=Unit1    ACBP=A9


  Address         Publics by Name

 0001:0002A118       ..
 0001:00027054       ..
 0002:00000C08       ..
 0002:000009F4       ..
 0002:000038C8       ..
 0002:00000D34       ..
 0002:000009EC       ..
 0002:00000A98       ..
 0002:00000A48       ..
 0002:00005338       .1
 0002:0000366C       .1
 0002:0000367C       .1
 0002:000051DC       .1
 0002:0000521C       .1
 0002:00005330       .1
 0002:000038BC       .1
 0002:00004154       .1
 0002:000051CC       .1
 0002:00004170       .1
 0002:000038AC       .1
 0002:00005258       .1
 0002:00005354       .1
 0002:000038A8       .1
 0002:00004578       .1
 0002:000038A4       .1
 0002:00005044       .1
 0002:00005070       .1
 0002:00004FD8       .1
 0002:00003674       .1
 0002:00005084       .1
 0002:00003890       .1
 0002:000037A0       .1
 0002:000050B8       .1
 0002:0000532C       .1
 0002:00005324       .1
 0002:0000518C       .1
 0002:00005334       .1
 0002:00003840       .1
 0002:000051B8       .1
 0002:000051B4       .1
 0002:000051B0       .1
 0002:000051AC       .1
 0002:000051A8       .1
 0002:000051A4       .1
 0002:0000519C       .1
 0002:000051BC       .11
 0002:00004FE0       .12
 0002:000051C8       .12
 0002:00005240       .2
 0002:00005088       .2
 0002:0000389C       .2
 0002:000045C8       .2
 0002:00005358       .2
 0002:000051D4       .2
 0002:00005364       .2
 0002:000038C4       .2
 0002:0000503C       .2
 0002:00005040       .21
 0002:00003678       .3
 0002:00003848       .3
 0002:00005210       .3
 0002:00004174       .3
 0002:000045C0       .3
 0002:000045C4       .3
 0002:00005090       .3
 0002:00005094       .3
 0002:000052E8       .3
 0002:00005350       .31
 0002:00003790       .35
 0002:00005230       .36
 0002:000038C0       .4
 0002:00003894       .4
 0002:000051E0       .4
 0002:000051A0       .4
 0002:0000530C       .41
 0002:0000533C       .41
 0002:00005248       .42
 0002:00003858       .45
 0002:000035BC       .5
 0002:00005218       .5
 0002:000037FC       .5
 0002:000050CC       .6
 0002:00003844       .6
 0002:00005328       .7
 0002:0000526C       .72
 0002:00005220       .72
 0002:0000524C       .73
 0002:00005214       .8
 0002:000052E4       .8
 0002:0000522C       .8
 0002:000045E8       .8
 0002:00003820       .81
 0002:000052FC       .9
 0001:000020B8       @AbstractError
 0001:000047F8       @AddRefArray
 0001:000047B0       @AddRefRecord
 0001:00003050       @AfterConstruction
 0001:00002E94       @AsClass
 0001:00003B10       @Assert
 0001:000024F4       @AStrCmp
 0001:00003060       @BeforeDestruction
 0001:00002C14       @BoundErr
 0001:00002EE0       @CallDynaInst
 0001:00005800       @CheckAutoResult
 0001:00002FF8       @ClassCreate
 0001:00003048       @ClassDestroy
 0001:000023F0       @Close
 0001:00001C6C       @Copy
 0001:000049EC       @CopyArray
 0001:000048D0       @CopyRecord
 0001:00004B58       @DispCallByIDError
 0001:0000F9F4       @DispInvokeError
 0001:00004AF4       @Dispose
 0001:000035A0       @DoneExcept
 0001:00004FF4       @DynArrayAddRef
 0001:00004FCC       @DynArrayAsg
 0001:00004F90       @DynArrayClear
 0001:00004DB0       @DynArrayHigh
 0001:00004DA8       @DynArrayLength
 0001:00004F84       @DynArraySetLength
 0001:00003688       @ExceptionHandler
 0001:00002564       @FillChar
 0001:000047A4       @Finalize
 0001:000046B8       @FinalizeArray
 0001:0000466C       @FinalizeRecord
 0001:000023E4       @Flush
 0001:00002C08       @FpuInit
 0001:00002B44       @FpuMaskInit
 0001:00001AE0       @FreeMem
 0001:00001AB0       @GetMem
 0001:00005E3C       @GetTls
 0001:00003AF8       @Halt
 0001:00003A18       @Halt0
 0001:00003174       @HandleAnyException
 0001:00003460       @HandleAutoException
 0001:00003428       @HandleFinally
 0001:000032A0       @HandleOnException
 0001:00028240       @inflate_fast
 0001:00029CA8       @inflate_table
 0001:00005E88       @InitExe
 0001:00004660       @Initialize
 0001:000045CC       @InitializeArray
 0001:0000459C       @InitializeRecord
 0001:000038DC       @InitImports
 0001:000038B4       @InitResStringImports
 0001:00003890       @InitResStrings
 0001:00001D28       @Insert
 0001:00005764       @IntfAddRef
 0001:00005734       @IntfCast
 0001:000056F0       @IntfClear
 0001:00005708       @IntfCopy
 0001:00002E70       @IsClass
 0001:00002B14       @isNECWindows
 0001:00001CB0       @LGetDir
 0001:00004080       @LStrAddRef
 0001:00003BD8       @LStrArrayClr
 0001:00003C08       @LStrAsg
 0001:00003E98       @LStrCat
 0001:00003EDC       @LStrCat3
 0001:00003F50       @LStrCatN
 0001:00003BB4       @LStrClr
 0001:00003FDC       @LStrCmp
 0001:000040F0       @LStrCopy
 0001:00004130       @LStrDelete
 0001:00003E24       @LStrFromArray
 0001:00003D9C       @LStrFromChar
 0001:00003DAC       @LStrFromPChar
 0001:00003CA4       @LStrFromPCharLen
 0001:00003DDC       @LStrFromPWChar
 0001:00003D10       @LStrFromPWCharLen
 0001:00003E18       @LStrFromString
 0001:00003E3C       @LStrFromWArray
 0001:00003E58       @LStrFromWStr
 0001:00004178       @LStrInsert
 0001:00003C4C       @LStrLAsg
 0001:00003E90       @LStrLen
 0001:000041D4       @LStrPos
 0001:0000421C       @LStrSetLength
 0001:00004090       @LStrToPChar
 0001:00003E6C       @LStrToString
 0001:00004AE0       @New
 0001:00003C78       @NewAnsiString
 0001:000042C4       @NewWideString
 0001:00002020       @Pos
 0001:00002828       @Pow10
 0001:00002470       @PStrCmp
 0001:00002448       @PStrCpy
 0001:00002454       @PStrNCpy
 0001:0000354C       @RaiseAgain
 0001:00003524       @RaiseExcept
 0001:00002584       @RandInt
 0001:00001B00       @ReallocMem
 0001:0000212C       @RewritText
 0001:00002088       @ROUND
 0001:00003B04       @RunError
 0001:0000280C       @SetEq
 0001:00002060       @SetLength
 0001:00003850       @StartExe
 0001:0000031C       @strlen
 0001:00002094       @TRUNC
 0001:000035D0       @TryFinallyExit
 0001:000040E8       @UniqueStringA
 0001:00004B84       @ValInt64
 0001:000025A0       @ValLong
 0001:00014138       @VarAddRef
 0001:000047E0       @VarAddRef
 0001:000102E8       @VarCast
 0001:0000FCE0       @VarClear
 0001:000046A0       @VarClr
 0001:0000FCF4       @VarClr
 0001:0001001C       @VarCopy
 0001:000048B8       @VarCopy
 0001:00014018       @VarFromBool
 0001:00013EA4       @VarFromByte
 0001:00014068       @VarFromCurr
 0001:00013FC0       @VarFromCurrency
 0001:00013FEC       @VarFromDate
 0001:0001410C       @VarFromDisp
 0001:00013F94       @VarFromDouble
 0001:00013E48       @VarFromInt
 0001:00013F44       @VarFromInt64
 0001:00013E84       @VarFromInteger
 0001:000140E0       @VarFromIntf
 0001:00013EE4       @VarFromLongWord
 0001:0001407C       @VarFromLStr
 0001:00014040       @VarFromReal
 0001:00013F04       @VarFromShortInt
 0001:00013F70       @VarFromSingle
 0001:00013F24       @VarFromSmallInt
 0001:00014054       @VarFromTDateTime
 0001:00013EC4       @VarFromWord
 0001:000140A8       @VarFromWStr
 0001:0000FA48       @VarNull
 0001:0001176C       @VarToBoolean
 0001:00010BAC       @VarToByte
 0001:00012930       @VarToCurrency
 0001:000123C8       @VarToDate
 0001:00013D9C       @VarToDisp
 0001:00011C74       @VarToDouble
 0001:00011170       @VarToInt64
 0001:000106AC       @VarToInteger
 0001:00013CD0       @VarToIntf
 0001:00010E24       @VarToLongWord
 0001:00012FE4       @VarToLStr
 0001:00010AFC       @VarToShortInt
 0001:00011FF0       @VarToSingle
 0001:00010C54       @VarToSmallInt
 0001:00010D4C       @VarToWord
 0001:00013704       @VarToWStr
 0001:00004280       @Write0LString
 0001:000026B8       @WriteBytes
 0001:00002788       @WriteLn
 0001:0000429C       @WriteLString
 0001:0000270C       @WriteSpaces
 0001:0000457C       @WStrAddRef
 0001:00004304       @WStrArrayClr
 0001:00004328       @WStrAsg
 0001:000042EC       @WStrClr
 0001:00004464       @WStrCmp
 0001:000044E8       @WStrCopy
 0001:00004438       @WStrFromLStr
 0001:0000434C       @WStrFromPCharLen
 0001:000043FC       @WStrFromPWChar
 0001:000043D8       @WStrFromPWCharLen
 0001:00004458       @WStrLen
 0001:00004534       @WStrSetLength
 0001:00004448       @WStrToPWChar
 0001:000027E8       @_CLenToPasStr
 0001:000027DC       @_CToPasStr
 0001:00001C3C       @_IOTest
 0001:00004B60       @_llmul
 0001:0002B310       @_tr_align
 0001:0002B5DC       @_tr_flush_block
 0001:0002A11C       @_tr_init
 0001:0002B254       @_tr_stored_block
 0001:0000C4C4       Abort
 0001:00067F4C       AbsMin
 0001:0000C890       AbstractErrorHandler
 0002:0000302C       AbstractErrorProc
 0002:00000148       AccessMode
 0001:000489C0       AccessViolationModuleInLongFormat
 0001:00001B9C       AcquireExceptionObject
 0001:00042064       ActicatePage
 0001:00017AA4       ActivateClassGroup
 0002:0000474C       ActivateEurekaLog
 0001:00006600       ActivateKeyboardLayout
 0002:000052A0       ActiveDrag
 0001:000156E4       ActiveX
 0001:000771AC       ActnList
 0001:00000484       AddBlockAfter
 0001:0004CA34       AddCallerCallStack
 0001:0004455C       AddColor
 0001:0003EA78       AddCustomHeaderToLog
 0002:000003CC       AddDataModule
 0001:00026054       AddDNS
 0001:00007E40       AddExitProc
 0001:0001ACCC       AddFinished
 0001:0007A4F0       AddIn
 0001:0003D994       AddModule
 0001:00005558       AddModuleUnloadProc
 0001:00005548       AddModuleUnloadProc
 0001:0001AD04       AddNotFinished
 0001:00024254       AddrSize
 0001:0001B728       AddSubComponentsToLoaded
 0001:0001DB3C       AddThread
 0001:0003DB00       AddToStack
 0001:00031390       AddValueField
 0001:0005563C       AdjustColor
 0001:00041FB4       AdjustDialog
 0001:0003FBFC       AdjustFlatStyle
 0001:0000810C       AdjustLineBreaks
 0001:00081594       Adjustment
 0001:00006608       AdjustWindowRectEx
 0001:00026D4C       adler32
 0001:00045200       AfterScreenshot
 0001:00044F08       AfterScreenshotToStream
 0002:000022F0       Alignments
 0002:00002300       Alignments
 0002:00002058       Alignments
 0002:00002098       Alignments
 0001:000884D8       AlignWork
 0001:0006D5B8       AlignWork
 0001:0001F394       AllocateHWnd
 0001:0005CDB0       AllocFilterStr
 0001:00007DE4       AllocMem
 0002:000035B4       AllocMemCount
 0002:000035B8       AllocMemSize
 0001:000590AC       AllocPatternBitmap
 0001:00005DE4       AllocTlsBuffer
 0002:000020DC       AnchorAlign
 0002:000020D0       AnimateWindowProc
 0002:000021D8       AnimationStyle
 0001:0000D264       AnsiCompareFileName
 0001:00008014       AnsiCompareStr
 0001:0000804C       AnsiCompareText
 0001:000089C0       AnsiLastChar
 0001:00006610       AnsiLower
 0001:00007FE0       AnsiLowerCase
 0001:0000D2E4       AnsiLowerCaseFileName
 0001:0000D228       AnsiPos
 0001:0007ED78       AnsiSameCaption
 0001:00008084       AnsiSameText
 0001:0000809C       AnsiStrLIComp
 0001:0000D370       AnsiStrPos
 0001:0000D430       AnsiStrRScan
 0001:0000D478       AnsiStrScan
 0001:00005B80       AnsiToUtf8
 0001:00013C58       AnyToIntf
 0001:0000A760       AppendChars
 0001:0000AB2C       AppendFormat
 0001:0000A7C4       AppendNumber
 0001:0000A7A4       AppendString
 0002:00005304       Application
 0002:000003DC       ApplicationHandleException
 0001:0003E180       ApplicationRestore
 0002:000003E4       ApplicationShowException
 0002:0000242C       AppVisible
 0001:0003CC58       ASMAssigned
 0002:000008C4       AsmConst
 0001:0000C874       AssertErrorHandler
 0002:00003024       AssertErrorProc
 0001:00014F08       AssignLongStr
 0001:0003F1A0       AssignPriority
 0001:0001546C       AssignVariant
 0001:00045F58       AttachedFile
 0001:000461B4       AttachedFiles
 0002:000045E0       AttachedFilesRequest
 0002:00004758       AutoCloseTimer
 0001:0003E94C       AutoCloseTimerProc
 0002:0000360C       avail
 0001:00008EC4       BackfillGetDiskFreeSpaceEx
 0001:0006AAE0       BackgroundClipped
 0001:0000E964       BackupVarBoolFromStr
 0001:0000EAC4       BackupVarBStrFromBool
 0001:0000E9E4       BackupVarBStrFromCy
 0001:0000EA54       BackupVarBStrFromDate
 0001:0000E8F8       BackupVarCyFromStr
 0001:0000E88C       BackupVarDateFromStr
 0001:0000E748       BackupVarI4FromStr
 0001:0000E6F4       BackupVariantChangeTypeEx
 0001:0000E7B4       BackupVarR4FromStr
 0001:0000E820       BackupVarR8FromStr
 0001:0002CDEC       Base64Decode
 0001:0002CECC       Base64DecodeStr
 0001:0002CF34       Base64DecodeString
 0001:0002CD30       Base64Encode
 0001:00045C08       Base64EncodeFromFile
 0001:0002CE80       Base64EncodeStr
 0001:0002CF2C       Base64EncodeString
 0001:0002CF3C       Base64EncodeToString
 0001:0000CE70       Beep
 0001:00017DFC       BeginGlobalLoading
 0001:00006618       BeginPaint
 0001:00003B68       BeginThread
 0001:00055648       BetterSize
 0001:0007B384       BiDiDraw
 0001:00022470       BinToStr
 0001:00006410       BitBlt
 0002:00001F8C       BitBtnCaptions
 0002:000051E4       BitBtnGlyphs
 0002:00001CF0       BitmapCanvasList
 0002:00004FF8       BitmapImageLock
 0001:0000E730       BiUnimplemented
 0002:00000420       BlockCode
 0002:000035E4       blockDescBlockList
 0002:000035E8       blockDescFreeList
 0001:00047ECC       BlockingSendInternetMessage
 0002:000003B0       BooleanIdents
 0002:0000032C       BooleanToStringRule
 0001:000086CC       BoolToStr
 0001:00012D6C       BoolToWStrViaOS
 0002:00002050       BorderStyles
 0001:00016DBC       Bounds
 0001:00005F28       Bounds
 0002:00002298       Breaks
 0002:00005030       BrushManager
 0001:0007DB58       BuildImage
 0002:00001DE8       ButtonCaptions
 0002:00001DBC       ButtonNames
 0001:0005DED0       Buttons
 0002:00002314       Buttons
 0002:000020C8       ButtonStyles
 0001:000446D8       BytesPerScanline
 0001:00054E14       BytesPerScanline
 0001:00044138       BytesSwap
 0001:00055178       ByteSwapColors
 0001:0000CF54       ByteToCharIndex
 0001:0000CF2C       ByteToCharLen
 0001:0000CEF0       ByteType
 0001:0000CE78       ByteTypeTest
 0002:000052EC       CachedComCtrlVer
 0002:00004918       Cached_LogFile
 0001:0004FC00       CalcAddr
 0001:00044168       CalcCRC
 0001:0002CCF8       CalcDecodedSize
 0001:0003B1BC       CalcDuplicatedException
 0001:0002CCCC       CalcEncodedSize
 0001:0001F2D0       CalcJmpOffset
 0001:00075234       CalcSplitterPos
 0001:000245E0       CalculateRelocatedAsmSize
 0001:0003C090       CallAttachedFilesRequest
 0001:0003C100       CallAttachedFilesRequestEvents
 0001:0003BFB4       CallCustomDataRequest
 0001:0003C020       CallCustomDataRequestEvents
 0001:0003C174       CallCustomFieldsRequest
 0001:0003C1F0       CallCustomFieldsRequestEvents
 0001:0003BC80       CallExceptionActionNotify
 0001:00049D9C       CallExceptionActionNotify_atSavedLogFile
 0001:00049D78       CallExceptionActionNotify_atSavingLogFile
 0001:00047304       CallExceptionActionNotify_atSendingEmail
 0001:0004734C       CallExceptionActionNotify_atSendingWebMessage
 0001:00047328       CallExceptionActionNotify_atSentEmail
 0001:00047370       CallExceptionActionNotify_atSentWebMessage
 0001:00049FF8       CallExceptionActionNotify_atShowedExceptionInfo
 0001:00049FD4       CallExceptionActionNotify_atShowingExceptionInfo
 0001:00043D5C       CallExceptionActionNotify_atTerminating
 0001:0003BE00       CallExceptionErrorNotify
 0001:00049DC0       CallExceptionErrorNotify_atSavedLogFile
 0001:00047394       CallExceptionErrorNotify_atSentEmail
 0001:000473B8       CallExceptionErrorNotify_atSentWebMessage
 0001:0003BB4C       CallExceptionNotify
 0001:0003BBB8       CallExceptionNotifyEvents
 0001:0003BBC4       CallModuleEvent_ExceptionActionNotify
 0001:0003BD48       CallModuleEvent_ExceptionErrorNotify
 0001:0003C02C       CallModule_AttachedFilesRequest
 0001:0003BF34       CallModule_CustomDataRequest
 0001:0003C10C       CallModule_CustomFieldsRequest
 0001:0003BAF0       CallModule_ExceptionNotify
 0001:0003C1FC       CallModule_PasswordRequestEvent
 0001:00006620       CallNextHookEx
 0001:0003BEC8       CallPasswordRequest
 0001:0003DDD8       CallStackByAddresses
 0001:00040C74       CallStackDialogProc
 0001:0000DB50       CallTerminateProcs
 0001:00006628       CallWindowProc
 0001:0004A01C       CallWriteIntraWebText
 0001:0004E8D4       Call_HookedExceptionObject
 0001:0004E764       Call_HookedRaise
 0001:0004E900       Call_HookedRtlUnwind
 0002:0000470D       CanAttachScreenshot
 0002:00004709       CanAttachScreenshot_Show
 0001:00068F84       CancelDrag
 0002:0000470E       CanCopy
 0002:0000470A       CanCopy_Show
 0001:0003C9F8       CanExit
 0002:000046D1       CanHookLibraries
 0002:000019A8       CannotProcessMessagesExceptions
 0001:0004CAA8       CanPauseThisThread
 0002:00004708       CanSendEmail_Show
 0002:0000470C       CanSendMessage
 0002:0000470B       CanSupport_Show
 0002:000052B4       CanvasList
 0002:00005034       CanvasList
 0002:00004950       CaptionFontName
 0002:00001DA8       Captions
 0002:00004B64       CAPTION_HEIGHT
 0002:00002194       CaptureControl
 0002:000017A0       cBase64Codec
 0002:000017E0       cBase64Codec
 0002:00002238       cBooleanToItemAutoFlag
 0001:0005C6C0       CenterWindow
 0002:000051D2       CF_COMPONENT
 0002:000051D0       CF_PICTURE
 0002:00004694       CGIHandleException
 0002:00004644       CGIOutputFile
 0002:00003818       ChangeAnyProc
 0001:00067504       ChangeBiDiModeAlignment
 0001:00008A48       ChangeFileExt
 0002:00002078       CharCases
 0001:00003CD4       CharFromWChar
 0001:0000D138       CharLength
 0001:00006630       CharLowerBuff
 0001:0000027C       CharNext
 0001:00006638       CharNext
 0002:00001978       chars
 0001:00053798       CharsetToIdent
 0001:0000D040       CharToByteIndex
 0001:0000D0A4       CharToByteLen
 0001:00006640       CharToOemA
 0001:00055C04       CheckBool
 0001:00021A30       CheckDirectoryExists
 0001:0002E8A4       CheckError
 0001:00024CA8       CheckFail
 0001:0003A1F8       CheckForResult
 0001:000213E0       CheckIntoIDE
 0001:000030F0       CheckJmp
 0001:00006648       CheckMenuItem
 0002:00002288       Checks
 0001:0001B764       CheckSubComponents
 0001:0001DB54       CheckSynchronize
 0001:00080FD0       CheckTaskWindow
 0001:00068C38       CheckUndock
 0001:0000CD64       CheckWin32Version
 0002:00000330       CInvalidCustomVariantType
 0002:0000223C       cItemAutoFlagToBoolean
 0002:00002234       cItemAutoFlagToMenu
 0001:0001F520       Classes
 0001:00017868       ClassNotFound
 0002:00003814       ClearAnyProc
 0001:00053018       ClearColor
 0001:0002D42C       ClearDirRec
 0001:0008C21C       ClearExcepInfo
 0001:00037DDC       ClearInternalError
 0001:00014474       ClearVariantTypeList
 0001:0003413C       ClickOnSign
 0001:00006650       ClientToScreen
 0001:0007281C       ClientToWindow
 0002:00001CE8       ClipboardFormats
 0001:0005DD70       Clipbrd
 0001:000369E8       CloneObject
 0001:00006658       CloseClipboard
 0001:0000021C       CloseHandle
 0001:00006068       CloseHandle
 0001:0003B1A0       CloseLogFile
 0001:00045ECC       CloseSendDialog
 0001:00023B74       closesocket
 0002:000050D4       CloseThemeData
 0002:0000469C       CLXHandleException
 0002:000046A0       CLXShowException
 0002:00003040       CmdLine
 0002:0000303C       CmdShow
 0002:00002230       cMenuAutoFlagToItem
 0001:0000E73C       CmpUnimplemented
 0002:0000243C       CoAddRefServerProcess
 0002:00002434       CoCreateInstanceEx
 0002:0000244C       CoInitFlags
 0001:0001567C       CoInitialize
 0002:00002438       CoInitializeEx
 0002:00001A24       ColIdx
 0002:00001A68       Colors
 0001:00053590       ColorToIdent
 0002:00001E14       ColorToPretyName
 0001:00053580       ColorToRGB
 0002:00004B14       ColWidths
 0001:00006418       CombineRgn
 0002:00005344       ComClassManagerVar
 0001:0008B6CC       ComConst
 0002:00005048       ComCtl32DLL
 0002:0000523C       ComCtlVersion
 0001:0005F5F0       ComCtrls
 0002:00005300       CommandPool
 0001:0005973C       CommCtrl
 0001:0005BFB4       CommDlg
 0001:00000804       Commit
 0002:00003628       committedRoot
 0001:00044E4C       CommonSaveToStream
 0001:0008C4E4       ComObj
 0001:0003CE28       CompareEurekaFunctions
 0001:00079AD4       CompareFront
 0001:00007F48       CompareMem
 0001:00038958       CompareModulesFunctions
 0001:00007F18       CompareStr
 0001:00006070       CompareString
 0001:00007F68       CompareText
 0001:000085F4       CompareWith
 0001:00049678       CompleteIP
 0001:00035824       CompleteStr
 0001:0001B844       ComponentCreated
 0001:0002C000       Compress
 0001:00027108       compressBound
 0001:0003649C       ComputerName
 0001:00023794       ComputerName
 0001:0005DD2C       ComStrs
 0001:00023B7C       connect
 0001:00051FD4       Consts
 0001:000595AC       Contnrs
 0002:00005272       ControlAtom
 0002:00005278       ControlAtomString
 0001:00085D7C       ControlHasHelp
 0001:00075EB4       Controls
 0001:0000C254       ConvertAddr
 0001:00020C90       ConvertAddress
 0001:0000A8B8       ConvertEraString
 0001:00007DA8       ConvertError
 0001:00007DC0       ConvertErrorFmt
 0001:0003044C       ConvertNotDosText
 0001:0000AA24       ConvertYearString
 0001:00004DB8       CopyArray
 0001:000566DC       CopyBitmap
 0001:00056DA4       CopyBitmapAsMask
 0001:00006B78       CopyMemory
 0001:00056D40       CopyPalette
 0001:00006660       CopyRect
 0002:00001FEC       Copyright
 0001:0003C46C       CopyStrings
 0001:0007CC04       CopyToBest
 0002:00002440       CoReleaseServerProcess
 0002:00002444       CoResumeClassObjects
 0002:00002448       CoSuspendClassObjects
 0001:00015684       CoUninitialize
 0001:0000CFB0       CountChars
 0002:00005010       CounterLock
 0001:00041B9C       CPUDialogProc
 0001:00035EFC       CPUToRTF
 0002:00000334       CRangeToType
 0002:00004178       crc_table
 0002:00001860       crc_table_computed
 0001:000448EC       Create8bitBitmap
 0001:0000C7B8       CreateAssertException
 0001:0000C940       CreateAVObject
 0001:00006420       CreateBitmap
 0001:00006428       CreateBrushIndirect
 0001:00006430       CreateCompatibleBitmap
 0001:00006438       CreateCompatibleDC
 0001:0001B8C4       CreateComponent
 0001:00006CEC       CreateDialog
 0001:0003E644       CreateDialogFonts
 0001:00006668       CreateDialogParam
 0001:00006448       CreateDIBitmap
 0001:00006440       CreateDIBSection
 0001:00008FBC       CreateDir
 0001:00006078       CreateDirectory
 0001:00006080       CreateEvent
 0001:00006088       CreateFile
 0001:00000224       CreateFileA
 0001:00006090       CreateFileMapping
 0001:00006450       CreateFont
 0001:00006458       CreateFontIndirect
 0001:0004A028       CreateGeneralText
 0001:0002D0D8       CreateGZipFile
 0001:00006460       CreateHalftonePalette
 0001:000395F4       CreateHTMLByLayout
 0001:0003B75C       CreateHTMLFile
 0001:00006670       CreateIcon
 0001:0000C6E4       CreateInOutError
 0001:0004AF88       CreateLogText
 0001:00006678       CreateMenu
 0001:00026488       CreateMXQuery
 0001:000444F8       CreateOctreeNode
 0001:00006468       CreatePalette
 0001:00006470       CreatePenIndirect
 0001:00006680       CreatePopupMenu
 0001:00006098       CreateProcess
 0001:00006478       CreateRectRgn
 0001:00006480       CreateRectRgnIndirect
 0001:00006488       CreateSolidBrush
 0001:000551D0       CreateSystemPalette
 0001:000399CC       CreateTemplateFile
 0001:000473DC       CreateTGZFile
 0001:000060A0       CreateThread
 0001:00000284       CreateThread
 0001:0003F450       CreateThreadStr
 0001:00046E3C       CreateTmpLogFile
 0001:000364D0       CreateVirtualFile
 0001:00006C94       CreateWindow
 0001:00006C3C       CreateWindowEx
 0001:0003B828       CreateXMLLogCopy
 0002:00001D44       CreationControl
 0002:000020D4       CreationControl
 0002:0000039C       CRelationshipToBoolean
 0002:00000318       CResult
 0002:00000800       CriticalError
 0002:000019C4       CriticalExceptObject
 0002:00000140       cSimpleBoolStrs
 0002:00000348       CText
 0002:000021D0       Ctl3DStyles
 0002:00003620       curAlloc
 0002:00003688       CurrencyDecimals
 0002:00003684       CurrencyFormat
 0002:00003680       CurrencyString
 0002:000046CC       CurrentCPUErrorText
 0002:0000475C       CurrentDialog
 0001:0004FC74       CurrentEurekaLogOptions
 0002:000046C8       CurrentGeneralErrorText
 0002:00004640       CurrentOptions
 0002:00004774       CurrentProcessWindowsList
 0002:0000472C       CurrentRequestValue
 0002:000019B4       CurrentStackList
 0001:0000A74C       CurrentYear
 0001:0000A150       CurrToStr
 0001:00012CFC       CurrToWStrViaOS
 0002:000023B0       CursorMap
 0002:000020E4       Cursors
 0001:00067824       CursorToIdent
 0002:000023A0       cUseAlpha
 0002:000023A8       cUseColorKey
 0001:00041DA4       CustomDataDialogProc
 0002:000045DC       CustomDataRequest
 0002:000046F8       CustomExceptMessage
 0002:000045E4       CustomFieldsRequest
 0002:00004158       CV
 0001:00008318       CvtInt
 0001:00008384       CvtInt64
 0002:00000180       CWNear
 0002:00003689       DateSeparator
 0001:0000B360       DateTimeToStr
 0001:0000B304       DateTimeToString
 0001:0000A268       DateTimeToTimeStamp
 0001:00012D34       DateToWStrViaOS
 0001:0000A6D4       DayOfWeek
 0002:00001A08       Days
 0002:00004770       DbgSection
 0002:0000017C       DCon10
 0002:00001A64       DDBsOnly
 0001:0001F448       DeallocateHWnd
 0002:0000002C       DebugHook
 0002:000048B0       DebugHook_Assigned
 0002:00003687       DecimalSeparator
 0001:0000A644       DecodeDate
 0001:0000A4F4       DecodeDateFully
 0001:0000A35C       DecodeTime
 0001:000008C4       Decommit
 0001:00000FF0       DecommitFree
 0002:000035FC       decommittedRoot
 0001:0002CBC4       Decrypt
 0001:000839FC       Default
 0001:00089114       Default
 0002:00000024       Default8087CW
 0002:000020D8       DefaultDockTreeClass
 0002:00000038       DefaultTextLineBreakStyle
 0002:000035C0       DefaultUserCodePage
 0002:00001CB8       DefBrushData
 0002:00001A38       DefFontData
 0001:00006688       DefFrameProc
 0001:00027708       deflate
 0001:000279B8       deflateEnd
 0001:00026A40       DeflateInit
 0001:0002711C       deflateInit_
 0002:0000020C       DefLongDayNames
 0002:000001C0       DefLongMonthNames
 0001:00006690       DefMDIChildProc
 0002:00001C98       DefPenData
 0002:000001F0       DefShortDayNames
 0002:00000190       DefShortMonthNames
 0001:00006698       DefWindowProc
 0001:00005030       DelayLoadResourceModule
 0001:000004E0       DeleteBlock
 0001:000060A8       DeleteCriticalSection
 0001:000003F0       DeleteCriticalSection
 0001:00006490       DeleteDC
 0001:00047558       DeleteExtraFiles
 0001:000089A8       DeleteFile
 0001:000060B0       DeleteFile
 0001:00000DD8       DeleteFree
 0001:000066A0       DeleteMenu
 0001:00006498       DeleteObject
 0001:0004440C       DeleteTree
 0001:0003665C       DeleteVirtualFile
 0001:00056298       DeselectBitmap
 0001:000066A8       DestroyCursor
 0001:0003E84C       DestroyDialogFonts
 0001:000066B0       DestroyIcon
 0001:0005DE00       DestroyLocals
 0001:000066B8       DestroyMenu
 0001:000066C0       DestroyWindow
 0002:00004B54       DetailsActive
 0001:0003FC3C       DetailsState
 0001:000066C8       DialogBoxParam
 0001:000650B4       DialogEnumerationTester
 0002:00004B60       DialogHeight
 0001:0005C774       DialogHook
 0001:0005D660       Dialogs
 0002:00001CF4       DIBPalSizes
 0002:00000094       dig
 0001:0008B674       Direct3D9
 0001:0008B594       DirectDraw
 0001:000399A8       DirectoryExists
 0001:0008C56C       DirectShow9
 0001:0008B63C       DirectSound
 0001:00080E0C       DisableTaskWindows
 0001:0008BC30       DispatchInvoke
 0001:0008C210       DispatchInvokeError
 0001:000066D0       DispatchMessage
 0001:0008705C       DispatchShortCut
 0001:0008C22C       DispCall
 0001:0008C310       DispCallByID
 0002:00003000       DispCallByIDProc
 0001:0008C13C       DispCallError
 0001:00007D8C       DivMod
 0001:0005BFEC       Dlgs
 0001:0003E2FC       DlgTemplate
 0002:000038B4       DllList
 0001:0006D448       DoAlign
 0001:0008838C       DoAlign
 0001:000714FC       DoCalcConstraints
 0002:000052A8       DockSiteList
 0001:0007D824       DoClick
 0001:0006EB8C       DoControlMsg
 0001:00080DBC       DoDisableWindow
 0001:00068564       DoDragOver
 0001:00007E04       DoExitProc
 0001:00073508       DoFindControlZone
 0001:00080F10       DoFindWindow
 0001:00073A94       DoFindZone
 0001:0007358C       DoForEach
 0001:00074E98       DoGetNextLimit
 0001:00023AAC       Done
 0001:000519B0       Done
 0001:000268BC       Done
 0001:0002519C       Done
 0001:00080D84       DoneApplication
 0001:000508E8       DoneCheckFreeze
 0001:00075BF8       DoneControls
 0001:0000CC74       DoneExceptions
 0001:0002E534       DoneLib
 0001:000853D8       DoNestedActivation
 0001:0001DAF0       DoneThreadSynchronization
 0001:0008A4C0       DoOnHelp
 0001:0006D008       DoPosition
 0001:000881DC       DoPosition
 0001:000744C0       DoPrune
 0001:00074998       DoSaveZone
 0001:00074B9C       DoSetNewBounds
 0002:000003B8       DotSep
 0001:00055E5C       DoWrite
 0001:00018CD4       DoWrite
 0001:00078134       DoWrite
 0001:0006E174       DoWriteDesignSize
 0001:0006BBE0       DoWriteIsControl
 0002:0000528C       DragCapture
 0002:00005280       DragControl
 0001:00068CAC       DragDone
 0001:00068514       DragFindTarget
 0001:000684E8       DragFindWindow
 0002:000052A4       DragImageList
 0001:00068904       DragInit
 0001:00068A74       DragInitControl
 0002:00005288       DragInternalObject
 0001:00068430       DragMessage
 0002:00005284       DragObject
 0002:000052B0       DragSave
 0002:00005298       DragSaveCursor
 0002:00005290       DragStartPos
 0002:0000529C       DragThreshold
 0001:00068634       DragTo
 0001:00089150       DrawAppIcon
 0001:00033900       DrawBmp
 0001:000344AC       DrawBottom
 0001:0007402C       DrawCloseButton
 0001:000066D8       DrawEdge
 0001:00034438       DrawFrame
 0001:000066E0       DrawFrameControl
 0001:00074084       DrawGrabberLine
 0001:000066E8       DrawIcon
 0001:000066F0       DrawIconEx
 0002:0000220C       DrawingStyles
 0001:00034554       DrawItem
 0001:00034500       DrawLine
 0001:000066F8       DrawMenuBar
 0001:0007EB94       DrawMenuItem
 0001:000422FC       DrawSupportLink
 0001:00006700       DrawText
 0002:000050D8       DrawThemeBackground
 0002:000050FC       DrawThemeEdge
 0002:00005100       DrawThemeIcon
 0002:00005184       DrawThemeParentBackground
 0002:000050DC       DrawThemeText
 0001:00054C94       DupBits
 0002:0000470F       DuplicatedException
 0001:000060B8       DuplicateHandle
 0001:0008B604       DXTypes
 0001:00004DD0       DynArrayClear
 0001:00004DD8       DynArraySetLength
 0001:0002CFA0       EBase64
 0001:00020AB4       EConsts
 0001:00023B04       ECore
 0002:000022F8       EdgeStyle
 0002:000021C0       EdgeStyles
 0001:0002CCC4       EEncrypt
 0001:0000C6B8       EHeapException.FreeInstance
 0001:000252B0       EHook
 0001:0003088C       ElaborateString
 0001:0002EA00       ElaborateURL
 0001:000253C0       ELang
 0001:00034B18       EListView
 0001:00033828       ELogManager
 0002:00002094       Empty
 0001:00006708       EmptyClipboard
 0002:00003800       EmptyParam
 0002:000000C4       EmptyStr
 0002:000000C8       EmptyWideStr
 0002:00000450       EMsgs
 0001:00006710       EnableMenuItem
 0002:00002290       Enables
 0001:00006718       EnableScrollBar
 0001:00080EC0       EnableTaskWindows
 0002:0000516C       EnableThemeDialogTexture
 0002:00005188       EnableTheming
 0001:00006720       EnableWindow
 0001:00044330       Encode
 0001:0000A4C4       EncodeDate
 0002:00001958       EncodedChars
 0001:0000A31C       EncodeTime
 0001:00046FA0       EncodeURL
 0001:00006728       EndDialog
 0001:00017E84       EndGlobalLoading
 0001:00006730       EndPaint
 0001:00003BAC       EndThread
 0001:000060C0       EnterCriticalSection
 0001:000003E0       EnterCriticalSection
 0001:000060C8       EnumCalendarInfoA
 0002:0000506C       EnumDisplayMonitors
 0001:0000BEC8       EnumEraNames
 0001:0000BF04       EnumEraYearOffsets
 0001:00083FC0       EnumMonitorsProc
 0001:000060D0       EnumSystemLocales
 0001:00006738       EnumThreadWindows
 0001:0001B074       EnumValue
 0001:00006740       EnumWindows
 0001:00037FF0       EnumWindowsProc
 0001:00037F68       EnumWindowsProc
 0001:00021594       EnvironmentVariable
 0001:0008B960       EOleException.Create
 0001:0008B890       EOleSysError.Create
 0001:00006748       EqualRect
 0002:00003750       EraNames
 0001:0000B5EC       EraToYear
 0002:0000376C       EraYearOffsets
 0002:0000006C       errCaption
 0001:0001A858       Error
 0001:00079824       Error
 0001:00001C30       Error
 0001:00045300       Error
 0001:0001740C       Error
 0002:00000004       ErrorAddr
 0001:00001BE4       ErrorAt
 0001:0000C764       ErrorHandler
 0002:00000228       ErrorMap
 0002:00003008       ErrorProc
 0002:000033E8       ErrOutput
 0002:0000077C       EShowOptions
 0001:0002691C       ESockets
 0001:0002DA1C       ETarGZip
 0001:0001F5E4       ETypes
 0002:0000044C       EurekaLogCurrentVersion
 0002:00004728       EurekaLogList
 0001:00045B64       EurekaLogSendEmail
 0001:0003C8A0       EurekaLog_AttachedFilesRequestEvent
 0001:0004EF3C       EurekaLog_CallCreateThread
 0001:0004E824       EurekaLog_CallExceptObject
 0001:0004F080       EurekaLog_CallExitThread
 0001:0004E730       EurekaLog_CallGeneralRaise
 0001:0004EFDC       EurekaLog_CallResumeThread
 0001:0003C7F0       EurekaLog_CustomDataRequestEvent
 0001:0003C944       EurekaLog_CustomFieldsRequestEvent
 0001:0003C6A8       EurekaLog_ExceptionActionNotifyEvent
 0001:0003C74C       EurekaLog_ExceptionErrorNotifyEvent
 0001:0003C604       EurekaLog_ExceptionNotifyEvent
 0001:0003C4F0       EurekaLog_PasswordRequestEvent
 0001:0003C534       EurekaLog_PasswordRequestEventEx
 0002:000005FC       EVals
 0001:0002FCA4       EWebTools
 0001:00001B70       ExceptAddr
 0002:0000300C       ExceptClsProc
 0001:0000CBE0       ExceptHandler
 0001:0000C4E4       Exception.Create
 0001:0000C520       Exception.CreateFmt
 0001:0000C670       Exception.CreateHelp
 0001:0000C5A0       Exception.CreateRes
 0001:0000C5DC       Exception.CreateResFmt
 0002:000045D0       ExceptionActionNotify
 0002:00004920       ExceptionAddressText
 0002:0000301C       ExceptionClass
 0002:00004614       ExceptionCriticalSection
 0001:0000C260       ExceptionErrorMessage
 0002:000045D4       ExceptionErrorNotify
 0001:00051CDC       ExceptionLog
 0001:0004FE50       ExceptionManager
 0002:0000491C       ExceptionModuleText
 0002:00004928       ExceptionMsgText
 0002:000045CC       ExceptionNotify
 0002:0000464C       ExceptionNumber
 0002:00004764       ExceptionsTime
 0002:00004768       ExceptionTime
 0001:00039F0C       ExceptionTypeByAddr
 0002:00004924       ExceptionTypeText
 0002:00000260       ExceptMap
 0001:0004DE68       ExceptNotify
 0001:000481D0       ExceptNotifyAfter1
 0001:000482C0       ExceptNotifyAfter2
 0001:000482D4       ExceptNotifyAfter3
 0001:00001B50       ExceptObject
 0002:00003010       ExceptObjProc
 0002:00003004       ExceptProc
 0001:000064A0       ExcludeClipRect
 0002:00000000       ExitCode
 0001:0000395C       ExitDll
 0002:00003048       ExitProc
 0001:00000294       ExitProcess
 0002:00003028       ExitProcessProc
 0002:0000013C       ExitProcList
 0001:000060D8       ExitThread
 0001:0000028C       ExitThread
 0001:0003024C       EXMLBuilder
 0001:000060E0       ExpandEnvironmentStrings
 0001:00008C24       ExpandFileName
 0001:000452CC       ExpandPath
 0001:0005CA4C       ExplorerHook
 0001:0003CEC8       ExportedFunctions
 0001:0005E0BC       ExtActns
 0001:0005DCC4       ExtCtrls
 0001:0005DF28       ExtDlgs
 0001:00008B10       ExtractFileDrive
 0001:00008BDC       ExtractFileExt
 0001:0005D0C4       ExtractFileName
 0001:00008BA4       ExtractFileName
 0001:0005D10C       ExtractFileNames
 0001:00008ADC       ExtractFilePath
 0001:00008C60       ExtractFilePathNoDrive
 0001:0002D2E4       ExtractGZipStream
 0001:0003B29C       ExtractList
 0001:00008CF4       ExtractRelativePath
 0001:0003ABE0       ExtractStr
 0001:00021164       ExtractStringsEx
 0001:0003F288       ExtractThreadByList
 0001:000318AC       ExtractValue
 0001:0002BF88       EZlib
 0002:00004934       fActive
 0002:000019D0       fActivePage
 0001:000156A8       Failed
 0002:0000378C       FalseBoolStrs
 0002:00004938       fCaptionFont
 0002:000051D8       FClipboard
 0002:00000170       FCon1E18
 0002:0000492C       fDlgBack
 0002:00004940       fFixedFont1
 0002:00004944       fFixedFont2
 0001:00008834       FileAge
 0001:0000882C       FileClose
 0001:00008770       FileCreate
 0001:00008794       FileCreate
 0001:00008F44       FileDateToDateTime
 0001:0000889C       FileExists
 0002:00001CEC       FileFormats
 0002:0000000C       FileMode
 0001:00002174       FileNOPProc
 0001:00008718       FileOpen
 0001:0000879C       FileRead
 0002:000003F4       FilerSignature
 0001:000087F4       FileSeek
 0001:000060E8       FileTimeToDosDateTime
 0001:000060F0       FileTimeToLocalFileTime
 0001:000060F8       FileTimeToSystemTime
 0001:000087C8       FileWrite
 0001:00000F10       FillAfterGap
 0001:0003B9B4       FillAttachedList
 0001:00000EB0       FillBeforeGap
 0001:00000FB0       FillerSizeAfterGap
 0001:00000F38       FillerSizeBeforeGap
 0001:00006750       FillRect
 0001:0008EA78       Finalization
 0001:00025390       Finalization
 0001:0000EE90       Finalization
 0001:0002BF58       Finalization
 0001:0002525C       Finalization
 0001:00005C9C       Finalization
 0001:0002CC94       Finalization
 0001:00005ECC       Finalization
 0001:00078884       Finalization
 0001:00005F44       Finalization
 0001:00051FA4       Finalization
 0001:00051B24       Finalization
 0001:0005970C       Finalization
 0001:0005957C       Finalization
 0001:000148C0       Finalization
 0001:00014ADC       Finalization
 0001:00059E8C       Finalization
 0001:00059ECC       Finalization
 0001:0008EE94       Finalization
 0001:0000E69C       Finalization
 0001:0008B60C       Finalization
 0001:0000E49C       Finalization
 0001:000155E8       Finalization
 0001:0005AEB4       Finalization
 0001:000592C4       Finalization
 0001:0002CF70       Finalization
 0001:0005AEFC       Finalization
 0001:0005AF34       Finalization
 0001:000156B4       Finalization
 0001:0008C6FC       Finalization
 0001:00023BDC       Finalization
 0001:0002D9EC       Finalization
 0001:0008B5D4       Finalization
 0001:00023B3C       Finalization
 0001:00023AB0       Finalization
 0001:0005B258       Finalization
 0001:0002FC40       Finalization
 0001:0005B404       Finalization
 0001:0003021C       Finalization
 0001:0008EECC       Finalization
 0001:000337F8       Finalization
 0001:000590E4       Finalization
 0001:00034AE8       Finalization
 0001:0007717C       Finalization
 0001:00075E4C       Finalization
 0001:00020A44       Finalization
 0001:0008B59C       Finalization
 0001:0001F5B4       Finalization
 0001:0001F470       Finalization
 0001:0008C464       Finalization
 0001:0005BD88       Finalization
 0001:0005BDF8       Finalization
 0001:0005BE30       Finalization
 0001:0005BE68       Finalization
 0001:0005BEA0       Finalization
 0001:0005BED8       Finalization
 0001:0005BF44       Finalization
 0001:000268C4       Finalization
 0001:0005BF84       Finalization
 0001:0008B644       Finalization
 0001:0005BFBC       Finalization
 0001:0007EE74       Finalization
 0001:0008B564       Finalization
 0001:0008B4C4       Finalization
 0001:0006532C       Finalization
 0001:0005D604       Finalization
 0001:000646A8       Finalization
 0001:00064540       Finalization
 0001:0005DC7C       Finalization
 0001:0005DCFC       Finalization
 0001:0005FFB8       Finalization
 0001:0005E0C4       Finalization
 0001:0005E06C       Finalization
 0001:0005E014       Finalization
 0001:0008B69C       Finalization
 0001:0005DD34       Finalization
 0001:0005DFB0       Finalization
 0001:0005DDC8       Finalization
 0001:00007134       Finalization
 0001:00006DFC       Finalization
 0001:0005DF48       Finalization
 0001:0005DEF8       Finalization
 0001:0008C53C       Finalization
 0001:0005DE98       Finalization
 0001:0005F578       Finalization
 0001:00004DC8       FinalizeArray
 0001:00003770       FinalizeUnits
 0001:0007D5E4       Find
 0001:000050C0       FindBS
 0001:00017928       FindClass
 0001:00005028       FindClassHInstance
 0001:0000898C       FindClose
 0001:000002A4       FindClose
 0001:00006100       FindClose
 0001:00000E6C       FindCommitted
 0001:00067604       FindControl
 0001:00073CC0       FindControlAtPos
 0001:00014718       FindCustomVariantType
 0001:000147D0       FindCustomVariantType
 0001:00068FD0       FindDragTarget
 0001:00046DBC       FindEOFLine
 0001:0002EB60       FindErrorMessage
 0001:00049F4C       FindException
 0001:0001BA74       FindExistingComponent
 0001:00008918       FindFirst
 0001:000002AC       FindFirstFile
 0001:00006108       FindFirstFile
 0001:0003AFA4       FindFunction
 0001:00017D14       FindGlobalComponent
 0001:0008101C       FindGlobalComponent
 0002:00003864       FindGlobalComponentProcs
 0001:000352D4       FindHandled
 0001:00005000       FindHInstance
 0001:00017BBC       FindIdentToInt
 0001:00051238       FindMainInstance
 0001:000088AC       FindMatchingFile
 0001:000383F8       FindModuleType
 0002:000051C4       FindMsg
 0001:0001AC04       FindNestedComponent
 0001:00008968       FindNext
 0001:00006110       FindNextFile
 0001:000797EC       FindPopupControl
 0001:0000EB58       FindProc
 0001:00006118       FindResource
 0001:00005078       FindResourceHInstance
 0001:0008ACF4       FindScanline
 0001:00033440       FindSection
 0001:00080F74       FindTopMostWindow
 0001:0001C958       FindUniqueName
 0001:00068F9C       FindVCLWindow
 0001:00006758       FindWindow
 0001:0006510C       FindWinHelp
 0002:00004954       FixedFontName1
 0002:00004958       FixedFontName2
 0002:0000494C       FixedFontSize
 0001:00056690       FixupBitFields
 0002:00002308       Flags
 0002:0000379C       FLanguages
 0001:0005B288       FlatSB
 0002:00005098       FlatSB_EnableScrollBar
 0002:000050A4       FlatSB_GetScrollInfo
 0002:000050A8       FlatSB_GetScrollPos
 0002:000050A0       FlatSB_GetScrollRange
 0002:000050B0       FlatSB_SetScrollInfo
 0002:000050AC       FlatSB_SetScrollPos
 0001:0005AF78       FlatSB_SetScrollProp
 0002:000050B4       FlatSB_SetScrollRange
 0002:0000509C       FlatSB_ShowScrollBar
 0002:00004948       fLinkFont
 0002:00004ACC       fListViewItems
 0001:00009DE0       FloatToDecimal
 0001:0000A120       FloatToStr
 0001:00009818       FloatToText
 0001:00009AEC       FloatToTextFmt
 0001:000023D8       Flush
 0001:00006120       FlushInstructionCache
 0002:00004930       fMemoBack
 0002:00004AB0       fMonitor
 0002:00004AB4       fMonitorInfo
 0002:00000184       FMSecsPerDay
 0001:0000970C       FmtStr
 0002:00002324       FocusCount
 0002:00002320       FocusMessages
 0002:00001C08       FontCharsets
 0002:00005028       FontManager
 0001:0004FDA4       ForceApplicationTermination
 0002:00001D40       ForceCurrentDirectory
 0001:00080FF0       ForegroundTask
 0002:0000535C       Form1
 0001:000096F8       Format
 0002:0000018C       Format
 0001:000092E8       FormatBuf
 0001:000092DC       FormatClearStr
 0001:00049CB8       FormatComplete
 0001:0000B374       FormatDateTime
 0001:00009260       FormatError
 0002:00000168       FormatErrorStrs
 0001:0000A180       FormatFloat
 0001:00006128       FormatMessage
 0001:000092B8       FormatVarToStr
 0001:0008B520       Forms
 0001:00002820       FPower10
 0002:00001D3C       FPrinter
 0001:00006760       FrameRect
 0001:0000E07C       FreeAndNil
 0001:00036A1C       FreeClonedObject
 0001:00000B6C       FreeCommitted
 0001:000011A4       FreeCurAlloc
 0001:00069090       FreeDeviceContext
 0001:0006914C       FreeDeviceContexts
 0001:0001F23C       FreeIntConstList
 0001:00006130       FreeLibrary
 0001:000002B4       FreeLibrary
 0001:000561EC       FreeMemoryContexts
 0001:0001F370       FreeObjectInstance
 0001:00006150       FreeResource
 0001:00045290       FreeScreenshot
 0001:0000073C       FreeSpace
 0001:0000DB7C       FreeTerminateProcs
 0001:0005B43C       FreeThemeLibrary
 0002:000046D4       FreezeThread
 0002:00005238       FRichEditModule
 0002:000045AC       FtpOpenFile
 0001:0002F7D0       FTPUploadFiles
 0002:0000493C       fVariableFont
 0001:00054C84       GDICheck
 0001:00054BDC       GDIError
 0001:00041994       GeneralDialogProc
 0001:0004E5C8       GeneralRaise
 0001:00035AD0       GeneralToRTF
 0001:00039884       GenerateHTML
 0001:0002EC4C       GenerateMultipartBoundary
 0001:0002ED7C       GenerateRequestBody
 0001:00002080       Get8087CW
 0001:00006158       GetACP
 0001:0004863C       GetActiveControlClass
 0001:00048654       GetActiveControlText
 0001:0004855C       GetActiveFormClass
 0001:000485A8       GetActiveFormText
 0001:00044A34       GetActiveMonitorData
 0001:00006768       GetActiveWindow
 0001:000497B4       GetAdapterInfo
 0001:00088868       GetAnimation
 0001:000490B8       GetApplicationName
 0001:000243BC       GetAsmSize
 0001:0004E3A4       GetBaseOfStack
 0001:000064A8       GetBitmapBits
 0001:000003F8       GetBlockDesc
 0001:000064B0       GetBrushOrgEx
 0001:00006BFC       GetBValue
 0001:0003E0D0       GetCallStackByAddresses
 0001:00037284       GetCallStackDump
 0001:00006770       GetCapture
 0001:000678CC       GetCaptureControl
 0001:000178D4       GetClass
 0001:00006778       GetClassInfo
 0001:00006780       GetClassName
 0001:00006788       GetClientRect
 0001:000064B8       GetClipBox
 0001:00000394       GetCmdShow
 0001:0007734C       GetColor
 0001:00034968       GetColumnAlign
 0001:0003493C       GetColumnCount
 0001:0005EA88       GetComCtlVersion
 0001:00006168       GetCommandLine
 0001:000002BC       GetCommandLine
 0001:00000980       GetCommitted
 0001:00000A28       GetCommittedAt
 0001:000484F4       GetCompilationDate
 0001:00006170       GetComputerName
 0001:0006E740       GetControlAtPos
 0001:0004D9C8       GetControlClass
 0001:0004DA20       GetControlText
 0001:0000A810       GetCount
 0001:00006160       GetCPInfo
 0001:00008FB0       GetCurrentDir
 0001:000002C4       GetCurrentDirectory
 0001:000064C0       GetCurrentObject
 0001:000064C8       GetCurrentPositionEx
 0001:00006178       GetCurrentProcess
 0001:00006180       GetCurrentProcessId
 0001:0004E3AC       GetCurrentStackPointer
 0001:0004FE48       GetCurrentStackPointer
 0002:0000517C       GetCurrentThemeName
 0001:00006188       GetCurrentThread
 0001:00000384       GetCurrentThreadId
 0001:00006190       GetCurrentThreadId
 0001:00006B70       GetCurrentTime
 0001:00036A3C       GetCurrentTopOfStack
 0001:00006790       GetCursor
 0001:0008AD04       GetCursorHeightMargin
 0001:00006798       GetCursorPos
 0001:0000A840       GetDate
 0001:00006198       GetDateFormat
 0001:0000B504       GetDateOrder
 0001:000067A0       GetDC
 0001:000067A8       GetDCEx
 0001:000064D0       GetDCOrgEx
 0001:0003DAC0       GetDebugDetail
 0001:0003B04C       GetDebugInfosByAddr
 0001:0003AD8C       GetDebugPartialInfo
 0001:00058CEC       GetDefFontCharSet
 0001:000067B0       GetDesktopWindow
 0001:000064E8       GetDeviceCaps
 0001:00041F90       GetDialogState
 0001:00055BEC       GetDIB
 0001:000064D8       GetDIBColorTable
 0001:000064E0       GetDIBits
 0001:00055B34       GetDIBSizes
 0001:00054DF4       GetDInColors
 0001:000061A0       GetDiskFreeSpaceA
 0002:00000138       GetDiskFreeSpaceEx
 0001:00048E70       GetDiskInfo
 0001:000495D8       GetDisplayMode
 0001:000067B8       GetDlgItem
 0001:00026078       GetDNSList
 0001:00074F78       GetDockAlign
 0001:00068274       GetDockSiteAtPos
 0001:00026244       GetDomain
 0001:000263B0       GetDomainName
 0001:000685A0       GetDropCtl
 0001:0004AC64       GetDump
 0001:00002EB0       GetDynaMethod
 0001:0004A9A4       GetEAX
 0001:0004A9FC       GetEBX
 0001:0004AA54       GetECX
 0001:0004AB5C       GetEDI
 0001:0004AAAC       GetEDX
 0001:0003CC50       GetEF
 0001:0004AC0C       GetEIP
 0001:0004AEE0       GetEmptySection
 0001:00014B4C       GetEnumName
 0001:00014C24       GetEnumNameValue
 0001:00014C70       GetEnumValue
 0001:000061A8       GetEnvironmentVariable
 0001:0000BF7C       GetEraNamesAndYearOffsets
 0001:0000B598       GetEraYearOffset
 0001:00015694       GetErrorInfo
 0001:0004AB04       GetESI
 0001:00037274       GetESP
 0001:0004ABB4       GetESP
 0001:000488C8       GetExceptionAddress
 0001:0000C928       GetExceptionClass
 0001:000488B0       GetExceptionDate
 0001:00048C8C       GetExceptionMessage
 0001:000488FC       GetExceptionModule
 0001:0000CB14       GetExceptionObject
 0001:00048950       GetExceptionType
 0001:0003E20C       GetExceptMessage
 0001:000061B0       GetExitCodeProcess
 0001:000061B8       GetExitCodeThread
 0001:0001785C       GetFieldClassTable
 0001:000061C0       GetFileAttributes
 0001:0002ED10       GetFileContents
 0001:0002F794       GetFileSize
 0001:00000234       GetFileSize
 0001:00038924       GetFileSize
 0001:0000022C       GetFileType
 0001:0000CD84       GetFileVersion
 0001:000063F8       GetFileVersionInfo
 0001:00006400       GetFileVersionInfoSize
 0001:000067C0       GetFocus
 0001:000537B8       GetFontData
 0001:000067C8       GetForegroundWindow
 0001:0000D724       GetFormatSettings
 0001:00048F60       GetFreeDisk
 0001:00048DE0       GetFreeMemory
 0001:000061C8       GetFullPathName
 0001:00024510       GetFunctionSize
 0001:00021398       GetGMT
 0001:00006BF8       GetGValue
 0001:000061D0       GetHandleInformation
 0001:00052D00       GetHashCode
 0001:00085DB4       GetHelpInfo
 0001:0005A34C       GetHelpSystem
 0001:0008864C       GetHint
 0001:00088684       GetHintControl
 0001:00023BAC       gethostbyname
 0001:00023BB4       gethostname
 0001:0007ED14       GetHotkey
 0001:0002F078       GetHTTPResponse
 0001:000067D0       GetIconInfo
 0001:0008BFA8       GetIDsOfNames
 0001:0004E1E0       GetIntraWebExceptionType
 0001:000338D8       GetItemRect
 0001:00040C28       GetItemText
 0001:000067E8       GetKeyboardLayout
 0001:000067F0       GetKeyboardLayoutList
 0001:000067F8       GetKeyboardState
 0001:00002B0C       GetKeyboardType
 0001:000067D8       GetKeyNameText
 0001:000067E0       GetKeyState
 0001:0004887C       GetLanguageString
 0001:00006800       GetLastActivePopup
 0001:00073240       GetLastChildZone
 0001:000002CC       GetLastError
 0001:000061D8       GetLastError
 0001:0003BAD0       GetLastExceptionObject
 0001:0000BD40       GetLocaleChar
 0001:00048750       GetLocaleDataA
 0001:00048710       GetLocaleDataW
 0001:000061E8       GetLocaleInfo
 0001:000002D4       GetLocaleInfo
 0001:000061F0       GetLocaleInfoA
 0001:000061F8       GetLocaleInfoW
 0001:0000BCF4       GetLocaleStr
 0001:000061E0       GetLocalTime
 0001:00067888       GetLongHint
 0001:00020D7C       GetLongNameFromShort
 0001:00014F1C       GetLongStrProp
 0001:00037FA0       GetMainWindow
 0001:000064F0       GetMapMode
 0001:0002C8BC       GetMD5Key
 0001:00006808       GetMenu
 0001:00085D3C       GetMenuHelpContext
 0001:00006810       GetMenuItemCount
 0001:00006818       GetMenuItemID
 0001:00006820       GetMenuItemInfo
 0001:0007BE30       GetMenuSize
 0001:00006828       GetMenuState
 0001:00006830       GetMenuString
 0001:000154C0       GetMethodProp
 0001:00020CD8       GetModifiedDate
 0001:0003867C       GetModuleDescriptionAndVersion
 0001:00006200       GetModuleFileName
 0001:000002DC       GetModuleFileName
 0001:00006208       GetModuleHandle
 0001:000002E4       GetModuleHandle
 0001:00005DC4       GetModuleHandle
 0001:000385BC       GetModulePath
 0001:00038C54       GetModulesList
 0001:00038AC4       GetModulesWin9X
 0001:00038960       GetModulesWinNT
 0002:00005060       GetMonitorInfo
 0002:00005064       GetMonitorInfoA
 0002:00005068       GetMonitorInfoW
 0001:0000BDA4       GetMonthDayNames
 0001:000265B0       GetMXBestRecord
 0001:00026510       GetMXRecord
 0001:000266A0       GetMXServerFromEmail
 0001:00049B1C       GetNetworkData
 0001:00006838       GetNextWindow
 0001:000064F8       GetObject
 0001:0005BF7C       GetOpenFileName
 0001:0004487C       GetOptimizedPalette
 0001:00014D44       GetOrdProp
 0001:000486C8       GetOSBuild
 0001:000488A4       GetOSLanguage
 0001:00036DC4       GetOSType
 0001:000486FC       GetOSUpdate
 0001:00044448       GetPaletteColors
 0001:00006500       GetPaletteEntries
 0001:00048450       GetParameters
 0001:00001DF0       GetParamStr
 0001:00006840       GetParent
 0001:000811E8       GetParentForm
 0001:0003D494       GetPassword
 0001:00006508       GetPixel
 0001:00006210       GetPrivateProfileString
 0001:00006218       GetProcAddress
 0001:000002EC       GetProcAddress
 0001:00049134       GetProcessor
 0001:00006848       GetProp
 0001:00014CD4       GetPropInfo
 0001:00020BF0       GetReadableSize
 0001:0003B3C0       GetRealFileName
 0001:000816A8       GetRealScrollPosition
 0001:0003A008       GetResourceData
 0001:0007732C       GetRGBColor
 0001:00006BF4       GetRValue
 0001:00006850       GetScrollInfo
 0001:00006858       GetScrollPos
 0001:00006860       GetScrollRange
 0001:00067844       GetShortHint
 0001:00014E14       GetShortStrProp
 0001:00014EAC       GetShortStrPropAsLongStr
 0001:0003A344       GetSourceInfoByAddr
 0001:00000660       GetSpace
 0001:000006C4       GetSpaceAt
 0001:0007987C       GetSpecialName
 0001:0004AE50       GetStack
 0001:000490A0       GetStartDate
 0001:000002F4       GetStartupInfo
 0001:00006220       GetStartupInfo
 0001:0000023C       GetStdHandle
 0001:00006228       GetStdHandle
 0001:00006510       GetStockObject
 0001:00006230       GetStringTypeEx
 0001:0001504C       GetStrProp
 0001:00006868       GetSubMenu
 0001:0003AA90       GetSymbolAddr
 0001:00006870       GetSysColor
 0001:00006878       GetSysColorBrush
 0001:00006238       GetSystemDefaultLangID
 0001:00006240       GetSystemInfo
 0001:00006880       GetSystemMenu
 0001:00006888       GetSystemMetrics
 0002:00005050       GetSystemMetrics
 0001:00006518       GetSystemPaletteEntries
 0001:00006248       GetSystemTime
 0001:00049320       GetSystemUpTime
 0001:00006250       GetTempPath
 0001:00006520       GetTextExtentPoint32
 0001:0003EBD4       GetTextHeight
 0001:00006528       GetTextMetrics
 0002:00005174       GetThemeAppProperties
 0002:000050E0       GetThemeBackgroundContentRect
 0002:000050E4       GetThemeBackgroundExtent
 0002:000050F4       GetThemeBackgroundRegion
 0002:00005118       GetThemeBool
 0002:0000510C       GetThemeColor
 0002:00005180       GetThemeDocumentationProperty
 0002:00005120       GetThemeEnumValue
 0002:00005140       GetThemeFilename
 0002:00005128       GetThemeFont
 0002:0000511C       GetThemeInt
 0002:00005134       GetThemeIntList
 0002:00005130       GetThemeMargins
 0002:00005110       GetThemeMetric
 0002:000050E8       GetThemePartSize
 0002:00005124       GetThemePosition
 0002:00005138       GetThemePropertyOrigin
 0002:0000512C       GetThemeRect
 0002:00005114       GetThemeString
 0002:0000514C       GetThemeSysBool
 0002:00005144       GetThemeSysColor
 0002:00005148       GetThemeSysColorBrush
 0002:00005154       GetThemeSysFont
 0002:0000515C       GetThemeSysInt
 0002:00005150       GetThemeSysSize
 0002:00005158       GetThemeSysString
 0002:000050EC       GetThemeTextExtent
 0002:000050F0       GetThemeTextMetrics
 0001:00006258       GetThreadContext
 0001:0003F320       GetThreadData
 0001:00006260       GetThreadLocale
 0001:000002FC       GetThreadLocale
 0001:0004E168       GetThreadParams
 0001:00006268       GetThreadPriority
 0001:00006270       GetTickCount
 0001:0000A878       GetTime
 0001:00005DF0       GetTlsSize
 0001:00088E2C       GetTopMostWindows
 0001:0003727C       GetTopOfStack
 0001:000679D4       GetTopParent
 0001:00006890       GetTopWindow
 0001:00049000       GetTotalDisk
 0001:00048D50       GetTotalMemory
 0001:00014B40       GetTypeData
 0001:0002D744       GetUnixGMTFileTime
 0001:00006048       GetUserName
 0001:000219EC       GetUserPath
 0001:00006278       GetVersion
 0001:0000038C       GetVersion
 0001:00006280       GetVersionEx
 0001:0004866C       GetVersionNumber
 0001:00023F60       GetVirtualMethod
 0001:000150B8       GetWideStrProp
 0001:00014F9C       GetWideStrPropAsLongStr
 0001:00006898       GetWindow
 0001:000068A0       GetWindowDC
 0001:000068A8       GetWindowLong
 0001:00006530       GetWindowOrgEx
 0001:000068B0       GetWindowPlacement
 0001:000068B8       GetWindowRect
 0001:00006288       GetWindowsDirectory
 0001:000068C0       GetWindowText
 0002:00005168       GetWindowTheme
 0001:000068D0       GetWindowThreadProcessId
 0001:000068C8       GetWindowThreadProcessId
 0001:00021A70       GetWorkingFile
 0001:00006290       GlobalAddAtom
 0001:00006298       GlobalAlloc
 0001:00006B8C       GlobalAllocPtr
 0001:000062A0       GlobalDeleteAtom
 0001:000062A8       GlobalFindAtom
 0002:00003868       GlobalFixupList
 0001:0001AD4C       GlobalFixupReferences
 0001:000062B0       GlobalFree
 0001:00006BB8       GlobalFreePtr
 0001:000062C0       GlobalHandle
 0001:000062B8       GlobalLock
 0001:000062C8       GlobalMemoryStatus
 0002:0000384C       GlobalNameSpace
 0001:000062D0       GlobalReAlloc
 0001:00006B9C       GlobalReAllocPtr
 0002:00004B68       GlobalSendValues
 0001:000062D8       GlobalUnlock
 0002:00004900       Global_AttachedFiles
 0002:000048F0       Global_CurrentEvent
 0002:000048FC       Global_CustomData
 0002:000048D0       Global_ExceptionRecord
 0002:000048B1       Global_Execute
 0002:00004904       Global_FieldsName
 0002:00004908       Global_FieldsValue
 0002:000048B2       Global_Handled
 0002:000019C8       Global_IntoHandleException
 0002:00004910       Global_IntraWebText
 0002:000048F8       Global_LastInitPassword
 0002:0000490C       Global_Module
 0002:000048F4       Global_Password
 0002:000048B3       Global_Retry
 0002:00004914       Global_WebTextID
 0001:0004E4B8       GoNotify
 0001:000591B8       Graphics
 0001:00017A50       GroupDescendentsWith
 0002:000003BC       GUID_NULL
 0001:00050AC4       HandleAnyExceptionAddr
 0002:00004650       HandleAnyExceptionAddr_Variable
 0001:00050B68       HandleAutoExceptionAddr
 0002:00004658       HandleAutoExceptionAddr_Variable
 0001:000343C4       HandleBackgroundState
 0001:0000F970       HandleConversionException
 0002:000047A8       HandledCache
 0002:000047A4       HandledCacheCount
 0002:00004898       HandledCacheCriticalSection
 0001:00085FBC       HandleEdge
 0001:0001C1B0       HandleException
 0001:00050B10       HandleOnExceptionAddr
 0002:00004654       HandleOnExceptionAddr_Variable
 0002:00000028       HeapAllocFlags
 0002:000035C8       heapErrorCode
 0002:000035CC       heapLock
 0001:0005AEF4       HelpIntfs
 0002:0000508C       HelpManager
 0002:000051C0       HelpMsg
 0002:0000525C       HelpViewer
 0002:00005260       HelpViewerIntf
 0002:00000134       HexDisplayPrefix
 0002:00002084       HideSelections
 0001:00074FF4       HideZone
 0002:00003668       HInstance
 0002:00005318       HintDoneEvent
 0001:00088754       HintGetMsgHook
 0002:0000531C       HintHook
 0001:000886F8       HintMouseThread
 0002:00005320       HintThread
 0002:00005314       HintThreadID
 0001:000886A4       HintTimerProc
 0002:00002318       HintWindowClass
 0002:000050F8       HitTestThemeBackground
 0001:00006B6C       HiWord
 0001:0003CB64       HookBPLProcedure
 0001:00024D0C       HookDllProcedure
 0001:0004F0A0       HookedCreateThread
 0001:0004E8DC       HookedExceptionObject
 0001:0004EAB8       HookedExceptProc
 0001:0004F540       HookedExitThread
 0001:0004F628       HookedHttpExtensionProc
 0002:000038B8       HookedMethodsList
 0002:000038B0       HookedProcedures
 0001:0004E804       HookedRaise
 0001:0004F320       HookedResumeThread
 0001:0004ECDC       HookedRTLThreadProc
 0001:0004EA00       HookedRtlUnwind
 0001:0004EB84       HookedThreadExecute
 0001:0004EE0C       HookedThreadProc
 0001:0004F5F4       HookedWriteClientProc
 0001:0004EA28       HookedWriteFile
 0001:0004FF8C       Hooked_CGIHandleServerException
 0001:000500A0       Hooked_CLXHandleException
 0001:000500D0       Hooked_CLXShowException
 0001:00050604       Hooked_IndyThreadHandleException
 0001:00050124       Hooked_IntraWebCreateServer
 0001:000502E8       Hooked_IntraWebSendResponse
 0001:0004FFBC       Hooked_ISAPIHandleServerException
 0001:00050550       Hooked_NTServiceLogMessage
 0001:0004FFEC       Hooked_VCLHandleException
 0001:00050060       Hooked_VCLShowException
 0001:00088798       HookHintHooks
 0001:00051208       HookingModuleName
 0001:0005122C       HookingRTLModuleName
 0001:00050C00       HookLastFInit
 0001:00050BC8       HookLastInit
 0001:00024888       HookProcedure
 0001:000249C8       HookProcedureEx
 0001:0003CAC0       HookSymbolProcedure
 0001:00023FD0       HookVirtualMethod
 0001:00050C10       Hook_InitializationAndFinalization
 0001:00050DC0       Hook_OnExceptionEvents
 0001:00045EE8       HostName
 0001:00023B84       htons
 0002:0000458C       HttpAddRequestHeaders
 0002:0000459C       HttpEndRequest
 0002:00004588       HttpOpenRequest
 0002:000045A0       HttpQueryInfo
 0002:00004590       HttpSendRequest
 0002:00004594       HttpSendRequestEx
 0001:0002F2D8       HTTPUploadFiles
 0001:00006D04       HwndMSWheel
 0002:000022AC       IBreaks
 0002:000022B8       IChecks
 0002:00001A2C       IDATHeader
 0001:000442E8       IDATWrite
 0002:000022C0       IDefaults
 0001:000537A8       IdentToCharset
 0001:000535A0       IdentToColor
 0001:00067834       IdentToCursor
 0001:00017C38       IdentToInt
 0002:000022C8       IEnables
 0001:00035674       ifelseStr
 0001:0007CBD4       IfHotkeyAvailable
 0001:000356EC       ifStr
 0002:00002474       IID_IWMHeaderInfo
[...]
 0002:00004770       DbgSection
 0002:00004774       CurrentProcessWindowsList
 0002:00004778       IndyHooked
 0002:0000477C       LastDumpCriticalSection
 0002:00004794       LastExceptionThreadID
 0002:00004798       LastExceptionCallStackAddress
 0002:0000479C       LastExceptionCallStackSize
 0002:000047A0       LastExceptionCallStackDump
 0002:000047A4       HandledCacheCount
 0002:000047A8       HandledCache
 0002:00004898       HandledCacheCriticalSection
 0002:000048B0       DebugHook_Assigned
 0002:000048B1       Global_Execute
 0002:000048B2       Global_Handled
 0002:000048B3       Global_Retry
 0002:000048B4       OldGlobal_ExceptionRecord
 0002:000048D0       Global_ExceptionRecord
 0002:000048EC       MustFreeGlobalMappedObject
 0002:000048F0       Global_CurrentEvent
 0002:000048F4       Global_Password
 0002:000048F8       Global_LastInitPassword
 0002:000048FC       Global_CustomData
 0002:00004900       Global_AttachedFiles
 0002:00004904       Global_FieldsName
 0002:00004908       Global_FieldsValue
 0002:0000490C       Global_Module
 0002:00004910       Global_IntraWebText
 0002:00004914       Global_WebTextID
 0002:00004918       Cached_LogFile
 0002:0000491C       ExceptionModuleText
 0002:00004920       ExceptionAddressText
 0002:00004924       ExceptionTypeText
 0002:00004928       ExceptionMsgText
 0002:0000492C       fDlgBack
 0002:00004930       fMemoBack
 0002:00004934       fActive
 0002:00004938       fCaptionFont
 0002:0000493C       fVariableFont
 0002:00004940       fFixedFont1
 0002:00004944       fFixedFont2
 0002:00004948       fLinkFont
 0002:0000494C       FixedFontSize
 0002:00004950       CaptionFontName
 0002:00004954       FixedFontName1
 0002:00004958       FixedFontName2
 0002:0000495C       NonClientMetrics
 0002:00004AB0       fMonitor
 0002:00004AB4       fMonitorInfo
 0002:00004ACC       fListViewItems
 0002:00004AD0       rSupport
 0002:00004AE0       SupportLinkActive
 0002:00004AE4       OriginalWidth
 0002:00004AE8       OriginalHeight
 0002:00004AEC       RealLeft
 0002:00004AF0       RealTop
 0002:00004AF4       RealWidth
 0002:00004AF8       RealHeight
 0002:00004AFC       ListWidth
 0002:00004B00       ListHeight
 0002:00004B04       TextWidth
 0002:00004B08       LeftButton
 0002:00004B0C       TopButton
 0002:00004B10       WindowState
 0002:00004B14       ColWidths
 0002:00004B54       DetailsActive
 0002:00004B58       MainDialog
 0002:00004B5C       IsDialogShowed
 0002:00004B60       DialogHeight
 0002:00004B64       CAPTION_HEIGHT
 0002:00004B68       GlobalSendValues
 0002:00004B80       SavedLastHTMLPage
 0002:00004B84       PNG_ColoursCount
 0002:00004B88       PNG_RowBytes
 0002:00004B8C       PNG_DataSize
 0002:00004B90       PNG_ImgData
 0002:00004B94       PNG_Data
 0002:00004B98       PNG_HeaderData
 0002:00004BA8       PNG_Encode_Filter
 0002:00004BAC       PNG_Encode_Data
 0002:00004BB0       PNG_CRCList
 0002:00004FB0       PNG_pal
 0002:00004FB4       PNG_UsePal
 0002:00004FB8       PNG_HWindow
 0002:00004FBC       PNG_FocusWnd
 0002:00004FC0       PNG_Cursor
 0002:00004FC4       PNG_DCScreen
 0002:00004FC8       PNG_DCCompatible
 0002:00004FCC       PNG_Bitmap
 0002:00004FD0       PNG_Width
 0002:00004FD4       PNG_Height
 0002:00004FD8       .1
 0002:00004FDC       SystemPalette16
 0002:00004FE0       .12
 0002:00004FE4       ScreenLogPixels
 0002:00004FE8       StockPen
 0002:00004FEC       StockBrush
 0002:00004FF0       StockFont
 0002:00004FF4       StockIcon
 0002:00004FF8       BitmapImageLock
 0002:00005010       CounterLock
 0002:00005028       FontManager
 0002:0000502C       PenManager
 0002:00005030       BrushManager
 0002:00005034       CanvasList
 0002:00005038       PatternManager
 0002:0000503C       .2
 0002:00005040       .21
 0002:00005044       .1
 0002:00005048       ComCtl32DLL
 0002:0000504C       _InitCommonControlsEx
 0002:00005050       GetSystemMetrics
 0002:00005054       MonitorFromWindow
 0002:00005058       MonitorFromRect
 0002:0000505C       MonitorFromPoint
 0002:00005060       GetMonitorInfo
 0002:00005064       GetMonitorInfoA
 0002:00005068       GetMonitorInfoW
 0002:0000506C       EnumDisplayMonitors
 0002:00005070       .1
 0002:00005074       User32Dll
 0002:00005078       InitApis
 0002:00005080       MMAvailable
 0002:00005084       .1
 0002:00005088       .2
 0002:0000508C       HelpManager
 0002:00005090       .3
 0002:00005094       .3
 0002:00005098       FlatSB_EnableScrollBar
 0002:0000509C       FlatSB_ShowScrollBar
 0002:000050A0       FlatSB_GetScrollRange
 0002:000050A4       FlatSB_GetScrollInfo
 0002:000050A8       FlatSB_GetScrollPos
 0002:000050AC       FlatSB_SetScrollPos
 0002:000050B0       FlatSB_SetScrollInfo
 0002:000050B4       FlatSB_SetScrollRange
 0002:000050B8       .1
 0002:000050BC       _FlatSB_GetScrollProp
 0002:000050C0       _FlatSB_SetScrollProp
 0002:000050C4       _InitializeFlatSB
 0002:000050C8       _UninitializeFlatSB
 0002:000050CC       .6
 0002:000050D0       OpenThemeData
 0002:000050D4       CloseThemeData
 0002:000050D8       DrawThemeBackground
 0002:000050DC       DrawThemeText
 0002:000050E0       GetThemeBackgroundContentRect
 0002:000050E4       GetThemeBackgroundExtent
 0002:000050E8       GetThemePartSize
 0002:000050EC       GetThemeTextExtent
 0002:000050F0       GetThemeTextMetrics
 0002:000050F4       GetThemeBackgroundRegion
 0002:000050F8       HitTestThemeBackground
 0002:000050FC       DrawThemeEdge
 0002:00005100       DrawThemeIcon
 0002:00005104       IsThemePartDefined
 0002:00005108       IsThemeBackgroundPartiallyTransparent
 0002:0000510C       GetThemeColor
 0002:00005110       GetThemeMetric
 0002:00005114       GetThemeString
 0002:00005118       GetThemeBool
 0002:0000511C       GetThemeInt
 0002:00005120       GetThemeEnumValue
 0002:00005124       GetThemePosition
 0002:00005128       GetThemeFont
 0002:0000512C       GetThemeRect
 0002:00005130       GetThemeMargins
 0002:00005134       GetThemeIntList
 0002:00005138       GetThemePropertyOrigin
 0002:0000513C       SetWindowTheme
 0002:00005140       GetThemeFilename
 0002:00005144       GetThemeSysColor
 0002:00005148       GetThemeSysColorBrush
 0002:0000514C       GetThemeSysBool
 0002:00005150       GetThemeSysSize
 0002:00005154       GetThemeSysFont
 0002:00005158       GetThemeSysString
 0002:0000515C       GetThemeSysInt
 0002:00005160       IsThemeActive
 0002:00005164       IsAppThemed
 0002:00005168       GetWindowTheme
 0002:0000516C       EnableThemeDialogTexture
 0002:00005170       IsThemeDialogTextureEnabled
 0002:00005174       GetThemeAppProperties
 0002:00005178       SetThemeAppProperties
 0002:0000517C       GetCurrentThemeName
 0002:00005180       GetThemeDocumentationProperty
 0002:00005184       DrawThemeParentBackground
 0002:00005188       EnableTheming
 0002:0000518C       .1
 0002:00005190       ThemeLibrary
 0002:00005194       ReferenceCount
 0002:00005198       Lock
 0002:0000519C       .1
 0002:000051A0       .4
 0002:000051A4       .1
 0002:000051A8       .1
 0002:000051AC       .1
 0002:000051B0       .1
 0002:000051B4       .1
 0002:000051B8       .1
 0002:000051BC       .11
 0002:000051C0       HelpMsg
 0002:000051C4       FindMsg
 0002:000051C8       .12
 0002:000051CC       .1
 0002:000051D0       CF_PICTURE
 0002:000051D2       CF_COMPONENT
 0002:000051D4       .2
 0002:000051D8       FClipboard
 0002:000051DC       .1
 0002:000051E0       .4
 0002:000051E4       BitBtnGlyphs
 0002:00005210       .3
 0002:00005214       .8
 0002:00005218       .5
 0002:0000521C       .1
 0002:00005220       .72
 0002:00005224       UrlMonHandle
 0002:00005228       UrlMonInitialized
 0002:0000522C       .8
 0002:00005230       .36
 0002:00005234       ShellModule
 0002:00005238       FRichEditModule
 0002:0000523C       ComCtlVersion
 0002:00005240       .2
 0002:00005244       InternalServices
 0002:00005248       .42
 0002:0000524C       .73
 0002:00005250       WinHelpTester
 0002:00005254       ViewerName
 0002:00005258       .1
 0002:0000525C       HelpViewer
 0002:00005260       HelpViewerIntf
 0002:00005264       Mouse
 0002:00005268       NewStyleControls
 0002:0000526C       .72
 0002:00005270       WindowAtom
 0002:00005272       ControlAtom
 0002:00005274       WindowAtomString
 0002:00005278       ControlAtomString
 0002:0000527C       RM_GetObjectInstance
 0002:00005280       DragControl
 0002:00005284       DragObject
 0002:00005288       DragInternalObject
 0002:0000528C       DragCapture
 0002:00005290       DragStartPos
 0002:00005298       DragSaveCursor
 0002:0000529C       DragThreshold
 0002:000052A0       ActiveDrag
 0002:000052A4       DragImageList
 0002:000052A8       DockSiteList
 0002:000052AC       QualifyingSites
 0002:000052B0       DragSave
 0002:000052B4       CanvasList
 0002:000052B8       _WINNLSEnableIME
 0002:000052BC       _ImmGetContext
 0002:000052C0       _ImmReleaseContext
 0002:000052C4       _ImmGetConversionStatus
 0002:000052C8       _ImmSetConversionStatus
 0002:000052CC       _ImmSetOpenStatus
 0002:000052D0       _ImmSetCompositionWindow
 0002:000052D4       _ImmSetCompositionFont
 0002:000052D8       _ImmGetCompositionString
 0002:000052DC       _ImmIsIME
 0002:000052E0       _ImmNotifyIME
 0002:000052E4       .8
 0002:000052E8       .3
 0002:000052EC       CachedComCtrlVer
 0002:000052F0       ImageListWriteExProc
 0002:000052F4       PopupList
 0002:000052F8       ShortCutItems
 0002:000052FC       .9
 0002:00005300       CommandPool
 0002:00005304       Application
 0002:00005308       Screen
 0002:0000530C       .41
 0002:00005310       RM_TaskbarCreated
 0002:00005314       HintThreadID
 0002:00005318       HintDoneEvent
 0002:0000531C       HintHook
 0002:00005320       HintThread
 0002:00005324       .1
 0002:00005328       .7
 0002:0000532C       .1
 0002:00005330       .1
 0002:00005334       .1
 0002:00005338       .1
 0002:0000533C       .41
 0002:00005340       OleUninitializing
 0002:00005344       ComClassManagerVar
 0002:00005348       SaveInitProc
 0002:0000534C       NeedToUninitialize
 0002:00005350       .31
 0002:00005354       .1
 0002:00005358       .2
 0002:0000535C       Form1
 0002:00005360       net
 0002:00005364       .2


Line numbers for DirectDraw(DirectDraw.pas) segment .text

  7161 0001:0008B594  7161 0001:0008B59B

Line numbers for DXTypes(DXTypes.pas) segment .text

    67 0001:0008B604    67 0001:0008B60B

Line numbers for DirectSound(DirectSound.pas) segment .text

  2426 0001:0008B63C  2426 0001:0008B643

Line numbers for Direct3D9(Direct3D9.pas) segment .text

  4942 0001:0008B674  4942 0001:0008B67B

Line numbers for DirectShow9(DirectShow9.pas) segment .text

 31878 0001:0007C573

Line numbers for WMF9(WMF9.pas) segment .text

 15574 0001:0008C6E4 15575 0001:0008C6EC 15582 0001:0008C6F4 15611 0001:0008C6FC
 15611 0001:0008C728 15586 0001:0008C72C 15606 0001:0008C733

Line numbers for NetWrite(NetWrite.pas) segment .text

    82 0001:0008C75C    87 0001:0008C8FC    88 0001:0008C90E    89 0001:0008C916
    90 0001:0008C91E    91 0001:0008C926    92 0001:0008C92E    93 0001:0008C936
    94 0001:0008C93E    95 0001:0008C946    96 0001:0008C94B    97 0001:0008C950
    98 0001:0008C95E    99 0001:0008C97A   102 0001:0008C980   103 0001:0008C98B
   104 0001:0008C992   105 0001:0008C99B   106 0001:0008C9A3   107 0001:0008C9AB
   108 0001:0008C9B3   109 0001:0008C9BB   110 0001:0008C9C3   111 0001:0008C9DA
   120 0001:0008C9E0   121 0001:0008CA0C   123 0001:0008CA18   124 0001:0008CA1D
   127 0001:0008CA22   129 0001:0008CA34   130 0001:0008CA39   135 0001:0008CA3E
   136 0001:0008CA46   138 0001:0008CA4E   140 0001:0008CA53   141 0001:0008CA69
   143 0001:0008CA6D   144 0001:0008CA74   146 0001:0008CAA5   150 0001:0008CAAA
   151 0001:0008CAB7   153 0001:0008CAC2   154 0001:0008CADB   157 0001:0008CAE0
   158 0001:0008CAEF   160 0001:0008CAFA   161 0001:0008CB2E   164 0001:0008CB33
   166 0001:0008CB38   167 0001:0008CB49   169 0001:0008CB54   170 0001:0008CB6D
   174 0001:0008CB72   175 0001:0008CB7E   177 0001:0008CB82   178 0001:0008CB87
   181 0001:0008CB8C   182 0001:0008CB9C   184 0001:0008CBA7   185 0001:0008CBC0
   186 0001:0008CBC7   189 0001:0008CBCC   192 0001:0008CBFD   195 0001:0008CC04
   196 0001:0008CC13   198 0001:0008CC1E   199 0001:0008CC37   203 0001:0008CC3C
   204 0001:0008CC4B   206 0001:0008CC56   207 0001:0008CC6F   211 0001:0008CC74
   212 0001:0008CC8F   214 0001:0008CC9A   215 0001:0008CCB3   219 0001:0008CCB8
   220 0001:0008CCC3   222 0001:0008CCCF   223 0001:0008CD03   224 0001:0008CD06
   228 0001:0008CD0B   229 0001:0008CD18   231 0001:0008CD23   232 0001:0008CD3C
   237 0001:0008CD41   238 0001:0008CD5A   240 0001:0008CD65   241 0001:0008CD7E
   245 0001:0008CD83   246 0001:0008CD88   247 0001:0008CD97   249 0001:0008CDA2
   250 0001:0008CDD3   253 0001:0008CDD8   255 0001:0008CDEA   256 0001:0008CDFF
   258 0001:0008CE0A   259 0001:0008CE4F   261 0001:0008CE54   263 0001:0008CE5A
   264 0001:0008CE69   266 0001:0008CE74   268 0001:0008CEB9   271 0001:0008CEBB
   274 0001:0008CEC3   275 0001:0008CED5   277 0001:0008CEE0   279 0001:0008CF1F
   281 0001:0008CF21   253 0001:0008CF22   282 0001:0008CF2B   283 0001:0008CF33
   286 0001:0008CF42   287 0001:0008CF4F   289 0001:0008CF5A   290 0001:0008CF8B
   294 0001:0008CF90   295 0001:0008CF9F   297 0001:0008CFAA   298 0001:0008CFDB
   301 0001:0008CFE0   303 0001:0008CFE8   305 0001:0008CFED   306 0001:0008CFFC
   308 0001:0008D007   309 0001:0008D03E   312 0001:0008D043   315 0001:0008D051
   312 0001:0008D05E   319 0001:0008D063   320 0001:0008D071   322 0001:0008D080
   323 0001:0008D08E   325 0001:0008D09D   326 0001:0008D0AB   328 0001:0008D0BA
   329 0001:0008D0C8   331 0001:0008D0D7   332 0001:0008D0E5   334 0001:0008D0F4
   335 0001:0008D102   337 0001:0008D111   338 0001:0008D11F   340 0001:0008D12E
   341 0001:0008D13C   343 0001:0008D14B   344 0001:0008D159   346 0001:0008D168
   347 0001:0008D176   349 0001:0008D185   350 0001:0008D193   352 0001:0008D1A2
   353 0001:0008D1B0   355 0001:0008D1BF   356 0001:0008D1CD   358 0001:0008D1D8
   359 0001:0008D1E6   361 0001:0008D1F1   362 0001:0008D1FF   364 0001:0008D20A
   365 0001:0008D218   367 0001:0008D223   368 0001:0008D231   371 0001:0008D23C
   372 0001:0008D29E   375 0001:0008D7A0   376 0001:0008D7C0   381 0001:0008D7D8
   382 0001:0008D7DD   385 0001:0008D7E2   386 0001:0008D7ED   388 0001:0008D7F8
   389 0001:0008D829   392 0001:0008D82B   393 0001:0008D845   395 0001:0008D850
   396 0001:0008D881   407 0001:0008D8A8   410 0001:0008D910   413 0001:0008D92F
   415 0001:0008D935   416 0001:0008D940   418 0001:0008D94B   419 0001:0008D97C
   423 0001:0008D981   425 0001:0008D98B   426 0001:0008D996   428 0001:0008D9A1
   429 0001:0008D9D2   431 0001:0008D9D7   432 0001:0008D9E2   434 0001:0008D9ED
   435 0001:0008DA1E   439 0001:0008DA23   441 0001:0008DA29   442 0001:0008DA34
   444 0001:0008DA3F   445 0001:0008DA70   449 0001:0008DA75   451 0001:0008DA7B
   452 0001:0008DA8A   454 0001:0008DA95   455 0001:0008DAC6   459 0001:0008DAC8
   461 0001:0008DACE   462 0001:0008DAD9   464 0001:0008DAE4   465 0001:0008DB15
   469 0001:0008DB17   472 0001:0008DB45   475 0001:0008DC78   477 0001:0008DC9A
   478 0001:0008DCAE   480 0001:0008DCB9   481 0001:0008DCEA   484 0001:0008DCEF
   485 0001:0008DD08   487 0001:0008DD13   488 0001:0008DD44   491 0001:0008DD49
   492 0001:0008DD5B   494 0001:0008DD66   495 0001:0008DD97   498 0001:0008DD9C
   499 0001:0008DDB5   501 0001:0008DDC0   502 0001:0008DDF1   505 0001:0008DDF6
   506 0001:0008DE06   508 0001:0008DE11   509 0001:0008DE42   512 0001:0008DE47
   513 0001:0008DE60   515 0001:0008DE6B   516 0001:0008DE9C   519 0001:0008DE9E
   520 0001:0008DEB7   522 0001:0008DEC2   523 0001:0008DEF3   525 0001:0008DF1F
   529 0001:0008E050   530 0001:0008E06D   533 0001:0008E073   534 0001:0008E08C
   535 0001:0008E093   537 0001:0008E09C   538 0001:0008E0BD   542 0001:0008E104
   543 0001:0008E10F   546 0001:0008E124   547 0001:0008E127   551 0001:0008E135
   552 0001:0008E13C   553 0001:0008E155   554 0001:0008E158   559 0001:0008E163
   560 0001:0008E171   561 0001:0008E185   562 0001:0008E196   565 0001:0008E1B5
   566 0001:0008E1B7   570 0001:0008E248   571 0001:0008E275   574 0001:0008E2C7
   575 0001:0008E2E4   576 0001:0008E30D   579 0001:0008E358   581 0001:0008E35E
   583 0001:0008E364   584 0001:0008E378   586 0001:0008E387   587 0001:0008E389
   591 0001:0008E390   592 0001:0008E393   593 0001:0008E395   597 0001:0008E39C
   598 0001:0008E39F   599 0001:0008E3A1   603 0001:0008E3A8   604 0001:0008E3B6
   605 0001:0008E3BB   609 0001:0008E3C0   610 0001:0008E3CE   611 0001:0008E3D3
   620 0001:0008E3D8   621 0001:0008E401   622 0001:0008E407   624 0001:0008E40D
   627 0001:0008E412   628 0001:0008E42C   630 0001:0008E43F   631 0001:0008E47A
   634 0001:0008E47F   636 0001:0008E48E   637 0001:0008E490   640 0001:0008E495
   641 0001:0008E4A1   643 0001:0008E4A7   644 0001:0008E4D8   645 0001:0008E4DD
   651 0001:0008E4E2   652 0001:0008E4FE   654 0001:0008E509   655 0001:0008E544
   659 0001:0008E546   660 0001:0008E564   662 0001:0008E573   667 0001:0008E5AE
   668 0001:0008E5B6   669 0001:0008E5BB   670 0001:0008E5EF   682 0001:0008E6B4
   683 0001:0008E6DB   684 0001:0008E6DD   685 0001:0008E6E2   686 0001:0008E6E7
   687 0001:0008E6F5   688 0001:0008E6FB   689 0001:0008E701   692 0001:0008E707
   693 0001:0008E716   695 0001:0008E721   696 0001:0008E752   699 0001:0008E757
   702 0001:0008E76A   703 0001:0008E786   705 0001:0008E791   706 0001:0008E7CC
   709 0001:0008E7D1   710 0001:0008E7DF   712 0001:0008E7ED   714 0001:0008E7F9
   715 0001:0008E7FE   719 0001:0008E803   720 0001:0008E823   722 0001:0008E82E
   723 0001:0008E869   727 0001:0008E86E   728 0001:0008E887   730 0001:0008E892
   731 0001:0008E8CD   734 0001:0008E8CF   735 0001:0008E8DD   736 0001:0008E8EB
   737 0001:0008E8F0   738 0001:0008E8F5   739 0001:0008E8FB   740 0001:0008E901
   699 0001:0008E902   742 0001:0008E90B   743 0001:0008E919   744 0001:0008E927
   745 0001:0008E92C   746 0001:0008E931   747 0001:0008E967   750 0001:0008EA00
   751 0001:0008EA0B   752 0001:0008EA1B   754 0001:0008EA2E   755 0001:0008EA3E
   758 0001:0008EA51   759 0001:0008EA56   761 0001:0008EA58   762 0001:0008EA5A
   765 0001:0008EA60   766 0001:0008EA63   767 0001:0008EA68   770 0001:0008EA6C
   771 0001:0008EA6F   772 0001:0008EA74   774 0001:0008EAA8   774 0001:0008EAAF

Line numbers for Unit1(Unit1.pas) segment .text

    37 0001:0008ECFC    38 0001:0008ECFF    40 0001:0008ED0E    41 0001:0008ED21
    42 0001:0008ED32    44 0001:0008ED3F    48 0001:0008ED44    49 0001:0008ED5F
    50 0001:0008ED6C    51 0001:0008ED78    52 0001:0008ED9B    53 0001:0008EDAA
    54 0001:0008EDEB    55 0001:0008EE0E    56 0001:0008EE19    57 0001:0008EE25
    58 0001:0008EE7A    62 0001:0008EE80    63 0001:0008EE93    65 0001:0008EEC4
    65 0001:0008EECB

Line numbers for wmvnetwrite(E:\ControlToInstall\DsPack\Demos\wmvnetwrite\wmvnetwrite.dpr) segment .text

    10 0001:0008F1A4    11 0001:0008F1BC    12 0001:0008F1C8    13 0001:0008F1D9
    14 0001:0008F1F1    15 0001:0008F1FD

Bound resource files

C:\Program Files\EurekaLog 5\Delphi7\DIALOG.RES
c:\program files\borland\delphi7\Lib\Buttons.res
c:\program files\borland\delphi7\Lib\ExtDlgs.res
c:\program files\borland\delphi7\Lib\Controls.res
Unit1.dfm
wmvnetwrite.res
wmvnetwrite.drf


Program entry point at 0001:0008F1A4
