
 Start         Length     Name                   Class
 0001:00000000 00090A4CH .text                   CODE
 0002:00000000 00002BC8H .data                   DATA
 0002:00002BC8 00002361H .bss                    BSS


Detailed map of segments

 0001:00000000 00005E4B C=CODE     S=.text    G=(none)   M=System   ACBP=A9
 0001:00005E4C 00000140 C=CODE     S=.text    G=(none)   M=SysInit  ACBP=A9
 0001:00005F8C 00000078 C=CODE     S=.text    G=(none)   M=Types    ACBP=A9
 0001:00006004 00000EB8 C=CODE     S=.text    G=(none)   M=Windows  ACBP=A9
 0001:00006EBC 00000338 C=CODE     S=.text    G=(none)   M=SysConst ACBP=A9
 0001:000071F4 00007388 C=CODE     S=.text    G=(none)   M=SysUtils ACBP=A9
 0001:0000E57C 00000038 C=CODE     S=.text    G=(none)   M=Messages ACBP=A9
 0001:0000E5B4 000007FB C=CODE     S=.text    G=(none)   M=VarUtils ACBP=A9
 0001:0000EDB0 00005B62 C=CODE     S=.text    G=(none)   M=Variants ACBP=A9
 0001:00014914 00000130 C=CODE     S=.text    G=(none)   M=RTLConsts ACBP=A9
 0001:00014A44 00000B2C C=CODE     S=.text    G=(none)   M=TypInfo  ACBP=A9
 0001:00015570 00000164 C=CODE     S=.text    G=(none)   M=ActiveX  ACBP=A9
 0001:000156D4 0000A6AA C=CODE     S=.text    G=(none)   M=Classes  ACBP=A9
 0001:0001FD80 00000038 C=CODE     S=.text    G=(none)   M=ETypes   ACBP=A9
 0001:0001FDB8 000014D0 C=CODE     S=.text    G=(none)   M=EConsts  ACBP=A9
 0001:00021288 00003078 C=CODE     S=.text    G=(none)   M=ECore    ACBP=A9
 0001:00024300 00000040 C=CODE     S=.text    G=(none)   M=ShellAPI ACBP=A9
 0001:00024340 000000A0 C=CODE     S=.text    G=(none)   M=WinSock  ACBP=A9
 0001:000243E0 000016CC C=CODE     S=.text    G=(none)   M=EHook    ACBP=A9
 0001:00025AAC 000000E8 C=CODE     S=.text    G=(none)   M=ELang    ACBP=A9
 0001:00025B94 00001588 C=CODE     S=.text    G=(none)   M=ESockets ACBP=A9
 0001:0002711C 00005640 C=CODE     S=.text    G=(none)   M=EZlib    ACBP=A9
 0001:0002C75C 00000D3C C=CODE     S=.text    G=(none)   M=EEncrypt ACBP=A9
 0001:0002D498 000002DC C=CODE     S=.text    G=(none)   M=EBase64  ACBP=A9
 0001:0002D774 00000A7C C=CODE     S=.text    G=(none)   M=ETarGZip ACBP=A9
 0001:0002E1F0 00002288 C=CODE     S=.text    G=(none)   M=EWebTools ACBP=A9
 0001:00030478 000005A8 C=CODE     S=.text    G=(none)   M=EXMLBuilder ACBP=A9
 0001:00030A20 000035DC C=CODE     S=.text    G=(none)   M=ELogManager ACBP=A9
 0001:00033FFC 000012F0 C=CODE     S=.text    G=(none)   M=EListView ACBP=A9
 0001:000352EC 0001D224 C=CODE     S=.text    G=(none)   M=ExceptionLog ACBP=A9
 0001:00052510 00000290 C=CODE     S=.text    G=(none)   M=Consts   ACBP=A9
 0001:000527A0 000072D7 C=CODE     S=.text    G=(none)   M=Graphics ACBP=A9
 0001:00059A78 00000058 C=CODE     S=.text    G=(none)   M=Math     ACBP=A9
 0001:00059AD0 000002B8 C=CODE     S=.text    G=(none)   M=Contnrs  ACBP=A9
 0001:00059D88 000000F4 C=CODE     S=.text    G=(none)   M=CommCtrl ACBP=A9
 0001:00059E7C 00000787 C=CODE     S=.text    G=(none)   M=MultiMon ACBP=A9
 0001:0005A604 00000038 C=CODE     S=.text    G=(none)   M=Imm      ACBP=A9
 0001:0005A63C 00000FF8 C=CODE     S=.text    G=(none)   M=HelpIntfs ACBP=A9
 0001:0005B634 00000038 C=CODE     S=.text    G=(none)   M=WinSpool ACBP=A9
 0001:0005B66C 00000044 C=CODE     S=.text    G=(none)   M=Printers ACBP=A9
 0001:0005B6B0 0000031F C=CODE     S=.text    G=(none)   M=FlatSB   ACBP=A9
 0001:0005B9D0 000001A4 C=CODE     S=.text    G=(none)   M=SyncObjs ACBP=A9
 0001:0005BB74 000009BB C=CODE     S=.text    G=(none)   M=UxTheme  ACBP=A9
 0001:0005C530 00000038 C=CODE     S=.text    G=(none)   M=RichEdit ACBP=A9
 0001:0005C568 00000038 C=CODE     S=.text    G=(none)   M=ToolWin  ACBP=A9
 0001:0005C5A0 00000038 C=CODE     S=.text    G=(none)   M=RegStr   ACBP=A9
 0001:0005C5D8 00000038 C=CODE     S=.text    G=(none)   M=WinInet  ACBP=A9
 0001:0005C610 00000038 C=CODE     S=.text    G=(none)   M=UrlMon   ACBP=A9
 0001:0005C648 0000006C C=CODE     S=.text    G=(none)   M=ShlObj   ACBP=A9
 0001:0005C6B4 00000040 C=CODE     S=.text    G=(none)   M=CommDlg  ACBP=A9
 0001:0005C6F4 00000038 C=CODE     S=.text    G=(none)   M=Dlgs     ACBP=A9
 0001:0005C72C 000016A9 C=CODE     S=.text    G=(none)   M=Dialogs  ACBP=A9
 0001:0005DDD8 00000652 C=CODE     S=.text    G=(none)   M=ExtCtrls ACBP=A9
 0001:0005E42C 00000038 C=CODE     S=.text    G=(none)   M=ComStrs  ACBP=A9
 0001:0005E464 00000094 C=CODE     S=.text    G=(none)   M=Clipbrd  ACBP=A9
 0001:0005E4F8 00000038 C=CODE     S=.text    G=(none)   M=StrUtils ACBP=A9
 0001:0005E530 000000F5 C=CODE     S=.text    G=(none)   M=Buttons  ACBP=A9
 0001:0005E628 00000038 C=CODE     S=.text    G=(none)   M=ExtDlgs  ACBP=A9
 0001:0005E660 00000068 C=CODE     S=.text    G=(none)   M=IniFiles ACBP=A9
 0001:0005E6C8 00000068 C=CODE     S=.text    G=(none)   M=Registry ACBP=A9
 0001:0005E730 0000006C C=CODE     S=.text    G=(none)   M=Mapi     ACBP=A9
 0001:0005E79C 00000058 C=CODE     S=.text    G=(none)   M=ExtActns ACBP=A9
 0001:0005E7F4 00000038 C=CODE     S=.text    G=(none)   M=ListActns ACBP=A9
 0001:0005E82C 00000180 C=CODE     S=.text    G=(none)   M=ComCtrls ACBP=A9
 0001:0005E9AC 00000A0C C=CODE     S=.text    G=(none)   M=Themes   ACBP=A9
 0001:0005F3B8 00001B50 C=CODE     S=.text    G=(none)   M=StdCtrls ACBP=A9
 0001:00060F08 00000168 C=CODE     S=.text    G=(none)   M=StdActns ACBP=A9
 0001:00061070 00000D1F C=CODE     S=.text    G=(none)   M=WinHelpViewer ACBP=A9
 0001:00061D90 0001066F C=CODE     S=.text    G=(none)   M=Controls ACBP=A9
 0001:00072400 00001292 C=CODE     S=.text    G=(none)   M=ActnList ACBP=A9
 0001:00073694 000016E4 C=CODE     S=.text    G=(none)   M=ImgList  ACBP=A9
 0001:00074D78 000066AD C=CODE     S=.text    G=(none)   M=Menus    ACBP=A9
 0001:0007B428 0000C55C C=CODE     S=.text    G=(none)   M=Forms    ACBP=A9
 0001:00087984 00000038 C=CODE     S=.text    G=(none)   M=DirectDraw ACBP=A9
 0001:000879BC 00000038 C=CODE     S=.text    G=(none)   M=MMSystem ACBP=A9
 0001:000879F4 00000038 C=CODE     S=.text    G=(none)   M=DXTypes  ACBP=A9
 0001:00087A2C 00000038 C=CODE     S=.text    G=(none)   M=DirectSound ACBP=A9
 0001:00087A64 00000038 C=CODE     S=.text    G=(none)   M=Direct3D9 ACBP=A9
 0001:00087A9C 00000058 C=CODE     S=.text    G=(none)   M=ComConst ACBP=A9
 0001:00087AF4 00000EC1 C=CODE     S=.text    G=(none)   M=ComObj   ACBP=A9
 0001:000889B8 00000338 C=CODE     S=.text    G=(none)   M=DirectShow9 ACBP=A9
 0001:00088CF0 0000011C C=CODE     S=.text    G=(none)   M=WMF9     ACBP=A9
 0001:00088E0C 00000CAC C=CODE     S=.text    G=(none)   M=DSUtil   ACBP=A9
 0001:00089AB8 00006880 C=CODE     S=.text    G=(none)   M=DSPack   ACBP=A9
 0001:00090338 000003EC C=CODE     S=.text    G=(none)   M=Unit1    ACBP=A9
 0001:00090724 00000325 C=CODE     S=.text    G=(none)   M=asfp     ACBP=A9
 0002:00000000 000000A4 C=DATA     S=.data    G=DGROUP   M=System   ACBP=A9
 0002:000000A4 00000020 C=DATA     S=.data    G=DGROUP   M=SysInit  ACBP=A9
 0002:000000C4 00000254 C=DATA     S=.data    G=DGROUP   M=SysUtils ACBP=A9
 0002:00000318 00000008 C=DATA     S=.data    G=DGROUP   M=VarUtils ACBP=A9
 0002:00000320 0000008E C=DATA     S=.data    G=DGROUP   M=Variants ACBP=A9
 0002:000003B0 0000000C C=DATA     S=.data    G=DGROUP   M=TypInfo  ACBP=A9
 0002:000003BC 00000010 C=DATA     S=.data    G=DGROUP   M=ActiveX  ACBP=A9
 0002:000003CC 00000080 C=DATA     S=.data    G=DGROUP   M=Classes  ACBP=A9
 0002:0000044C 000003B4 C=DATA     S=.data    G=DGROUP   M=EConsts  ACBP=A9
 0002:00000800 00000024 C=DATA     S=.data    G=DGROUP   M=ECore    ACBP=A9
 0002:00000824 000001A0 C=DATA     S=.data    G=DGROUP   M=EHook    ACBP=A9
 0002:000009C4 00000DDC C=DATA     S=.data    G=DGROUP   M=EZlib    ACBP=A9
 0002:000017A0 000000C0 C=DATA     S=.data    G=DGROUP   M=EBase64  ACBP=A9
 0002:00001860 00000012 C=DATA     S=.data    G=DGROUP   M=ETarGZip ACBP=A9
 0002:00001874 000000E4 C=DATA     S=.data    G=DGROUP   M=EWebTools ACBP=A9
 0002:00001958 00000020 C=DATA     S=.data    G=DGROUP   M=EXMLBuilder ACBP=A9
 0002:00001978 00000020 C=DATA     S=.data    G=DGROUP   M=ELogManager ACBP=A9
 0002:00001998 000000A0 C=DATA     S=.data    G=DGROUP   M=ExceptionLog ACBP=A9
 0002:00001A38 00000304 C=DATA     S=.data    G=DGROUP   M=Graphics ACBP=A9
 0002:00001D3C 00000004 C=DATA     S=.data    G=DGROUP   M=Printers ACBP=A9
 0002:00001D40 000000D4 C=DATA     S=.data    G=DGROUP   M=Dialogs  ACBP=A9
 0002:00001E14 00000178 C=DATA     S=.data    G=DGROUP   M=ExtCtrls ACBP=A9
 0002:00001F8C 0000002C C=DATA     S=.data    G=DGROUP   M=Buttons  ACBP=A9
 0002:00001FB8 00000008 C=DATA     S=.data    G=DGROUP   M=IniFiles ACBP=A9
 0002:00001FC0 00000008 C=DATA     S=.data    G=DGROUP   M=Registry ACBP=A9
 0002:00001FC8 00000008 C=DATA     S=.data    G=DGROUP   M=Mapi     ACBP=A9
 0002:00001FD0 00000018 C=DATA     S=.data    G=DGROUP   M=ComCtrls ACBP=A9
 0002:00001FE8 00000068 C=DATA     S=.data    G=DGROUP   M=Themes   ACBP=A9
 0002:00002050 00000018 C=DATA     S=.data    G=DGROUP   M=StdCtrls ACBP=A9
 0002:00002068 0000013C C=DATA     S=.data    G=DGROUP   M=Controls ACBP=A9
 0002:000021A4 00000020 C=DATA     S=.data    G=DGROUP   M=ImgList  ACBP=A9
 0002:000021C4 000000EC C=DATA     S=.data    G=DGROUP   M=Menus    ACBP=A9
 0002:000022B0 0000011C C=DATA     S=.data    G=DGROUP   M=Forms    ACBP=A9
 0002:000023CC 00000030 C=DATA     S=.data    G=DGROUP   M=ComObj   ACBP=A9
 0002:000023FC 00000110 C=DATA     S=.data    G=DGROUP   M=DirectShow9 ACBP=A9
 0002:0000250C 00000020 C=DATA     S=.data    G=DGROUP   M=WMF9     ACBP=A9
 0002:0000252C 000001C4 C=DATA     S=.data    G=DGROUP   M=DSUtil   ACBP=A9
 0002:000026F0 00000020 C=DATA     S=.data    G=DGROUP   M=DSPack   ACBP=A9
 0002:00003000 00000664 C=BSS      S=.bss     G=DGROUP   M=System   ACBP=A9
 0002:00003664 00000010 C=BSS      S=.bss     G=DGROUP   M=SysInit  ACBP=A9
 0002:00003674 00000004 C=BSS      S=.bss     G=DGROUP   M=Types    ACBP=A9
 0002:00003678 00000004 C=BSS      S=.bss     G=DGROUP   M=Windows  ACBP=A9
 0002:0000367C 00000004 C=BSS      S=.bss     G=DGROUP   M=SysConst ACBP=A9
 0002:00003680 00000120 C=BSS      S=.bss     G=DGROUP   M=SysUtils ACBP=A9
 0002:000037A0 00000004 C=BSS      S=.bss     G=DGROUP   M=Messages ACBP=A9
 0002:000037A4 0000005C C=BSS      S=.bss     G=DGROUP   M=VarUtils ACBP=A9
 0002:00003800 00000040 C=BSS      S=.bss     G=DGROUP   M=Variants ACBP=A9
 0002:00003840 00000004 C=BSS      S=.bss     G=DGROUP   M=RTLConsts ACBP=A9
 0002:00003844 00000004 C=BSS      S=.bss     G=DGROUP   M=TypInfo  ACBP=A9
 0002:00003848 00000004 C=BSS      S=.bss     G=DGROUP   M=ActiveX  ACBP=A9
 0002:0000384C 00000044 C=BSS      S=.bss     G=DGROUP   M=Classes  ACBP=A9
 0002:00003890 00000004 C=BSS      S=.bss     G=DGROUP   M=ETypes   ACBP=A9
 0002:00003894 00000004 C=BSS      S=.bss     G=DGROUP   M=EConsts  ACBP=A9
 0002:00003898 00000009 C=BSS      S=.bss     G=DGROUP   M=ECore    ACBP=A9
 0002:000038A4 00000004 C=BSS      S=.bss     G=DGROUP   M=ShellAPI ACBP=A9
 0002:000038A8 00000004 C=BSS      S=.bss     G=DGROUP   M=WinSock  ACBP=A9
 0002:000038AC 00000010 C=BSS      S=.bss     G=DGROUP   M=EHook    ACBP=A9
 0002:000038BC 00000004 C=BSS      S=.bss     G=DGROUP   M=ELang    ACBP=A9
 0002:000038C0 00000004 C=BSS      S=.bss     G=DGROUP   M=ESockets ACBP=A9
 0002:000038C4 00000890 C=BSS      S=.bss     G=DGROUP   M=EZlib    ACBP=A9
 0002:00004154 0000001C C=BSS      S=.bss     G=DGROUP   M=EEncrypt ACBP=A9
 0002:00004170 00000004 C=BSS      S=.bss     G=DGROUP   M=EBase64  ACBP=A9
 0002:00004174 00000404 C=BSS      S=.bss     G=DGROUP   M=ETarGZip ACBP=A9
 0002:00004578 00000048 C=BSS      S=.bss     G=DGROUP   M=EWebTools ACBP=A9
 0002:000045C0 00000004 C=BSS      S=.bss     G=DGROUP   M=EXMLBuilder ACBP=A9
 0002:000045C4 00000004 C=BSS      S=.bss     G=DGROUP   M=ELogManager ACBP=A9
 0002:000045C8 00000004 C=BSS      S=.bss     G=DGROUP   M=EListView ACBP=A9
 0002:000045CC 00000A0C C=BSS      S=.bss     G=DGROUP   M=ExceptionLog ACBP=A9
 0002:00004FD8 00000004 C=BSS      S=.bss     G=DGROUP   M=Consts   ACBP=A9
 0002:00004FDC 00000060 C=BSS      S=.bss     G=DGROUP   M=Graphics ACBP=A9
 0002:0000503C 00000004 C=BSS      S=.bss     G=DGROUP   M=Math     ACBP=A9
 0002:00005040 00000004 C=BSS      S=.bss     G=DGROUP   M=Contnrs  ACBP=A9
 0002:00005044 00000004 C=BSS      S=.bss     G=DGROUP   M=CommCtrl ACBP=A9
 0002:00005048 00000031 C=BSS      S=.bss     G=DGROUP   M=MultiMon ACBP=A9
 0002:0000507C 00000004 C=BSS      S=.bss     G=DGROUP   M=Imm      ACBP=A9
 0002:00005080 00000008 C=BSS      S=.bss     G=DGROUP   M=HelpIntfs ACBP=A9
 0002:00005088 00000004 C=BSS      S=.bss     G=DGROUP   M=WinSpool ACBP=A9
 0002:0000508C 00000004 C=BSS      S=.bss     G=DGROUP   M=Printers ACBP=A9
 0002:00005090 00000034 C=BSS      S=.bss     G=DGROUP   M=FlatSB   ACBP=A9
 0002:000050C4 00000004 C=BSS      S=.bss     G=DGROUP   M=SyncObjs ACBP=A9
 0002:000050C8 000000CC C=BSS      S=.bss     G=DGROUP   M=UxTheme  ACBP=A9
 0002:00005194 00000004 C=BSS      S=.bss     G=DGROUP   M=RichEdit ACBP=A9
 0002:00005198 00000004 C=BSS      S=.bss     G=DGROUP   M=ToolWin  ACBP=A9
 0002:0000519C 00000004 C=BSS      S=.bss     G=DGROUP   M=RegStr   ACBP=A9
 0002:000051A0 00000004 C=BSS      S=.bss     G=DGROUP   M=WinInet  ACBP=A9
 0002:000051A4 00000004 C=BSS      S=.bss     G=DGROUP   M=UrlMon   ACBP=A9
 0002:000051A8 00000004 C=BSS      S=.bss     G=DGROUP   M=ShlObj   ACBP=A9
 0002:000051AC 00000004 C=BSS      S=.bss     G=DGROUP   M=CommDlg  ACBP=A9
 0002:000051B0 00000004 C=BSS      S=.bss     G=DGROUP   M=Dlgs     ACBP=A9
 0002:000051B4 0000000C C=BSS      S=.bss     G=DGROUP   M=Dialogs  ACBP=A9
 0002:000051C0 00000004 C=BSS      S=.bss     G=DGROUP   M=ExtCtrls ACBP=A9
 0002:000051C4 00000004 C=BSS      S=.bss     G=DGROUP   M=ComStrs  ACBP=A9
 0002:000051C8 0000000C C=BSS      S=.bss     G=DGROUP   M=Clipbrd  ACBP=A9
 0002:000051D4 00000004 C=BSS      S=.bss     G=DGROUP   M=StrUtils ACBP=A9
 0002:000051D8 00000030 C=BSS      S=.bss     G=DGROUP   M=Buttons  ACBP=A9
 0002:00005208 00000004 C=BSS      S=.bss     G=DGROUP   M=ExtDlgs  ACBP=A9
 0002:0000520C 00000004 C=BSS      S=.bss     G=DGROUP   M=IniFiles ACBP=A9
 0002:00005210 00000004 C=BSS      S=.bss     G=DGROUP   M=Registry ACBP=A9
 0002:00005214 00000004 C=BSS      S=.bss     G=DGROUP   M=Mapi     ACBP=A9
 0002:00005218 00000009 C=BSS      S=.bss     G=DGROUP   M=ExtActns ACBP=A9
 0002:00005224 00000004 C=BSS      S=.bss     G=DGROUP   M=ListActns ACBP=A9
 0002:00005228 00000010 C=BSS      S=.bss     G=DGROUP   M=ComCtrls ACBP=A9
 0002:00005238 00000008 C=BSS      S=.bss     G=DGROUP   M=Themes   ACBP=A9
 0002:00005240 00000004 C=BSS      S=.bss     G=DGROUP   M=StdCtrls ACBP=A9
 0002:00005244 00000004 C=BSS      S=.bss     G=DGROUP   M=StdActns ACBP=A9
 0002:00005248 00000014 C=BSS      S=.bss     G=DGROUP   M=WinHelpViewer ACBP=A9
 0002:0000525C 00000080 C=BSS      S=.bss     G=DGROUP   M=Controls ACBP=A9
 0002:000052DC 00000004 C=BSS      S=.bss     G=DGROUP   M=ActnList ACBP=A9
 0002:000052E0 0000000C C=BSS      S=.bss     G=DGROUP   M=ImgList  ACBP=A9
 0002:000052EC 00000010 C=BSS      S=.bss     G=DGROUP   M=Menus    ACBP=A9
 0002:000052FC 00000020 C=BSS      S=.bss     G=DGROUP   M=Forms    ACBP=A9
 0002:0000531C 00000004 C=BSS      S=.bss     G=DGROUP   M=DirectDraw ACBP=A9
 0002:00005320 00000004 C=BSS      S=.bss     G=DGROUP   M=MMSystem ACBP=A9
 0002:00005324 00000004 C=BSS      S=.bss     G=DGROUP   M=DXTypes  ACBP=A9
 0002:00005328 00000004 C=BSS      S=.bss     G=DGROUP   M=DirectSound ACBP=A9
 0002:0000532C 00000004 C=BSS      S=.bss     G=DGROUP   M=Direct3D9 ACBP=A9
 0002:00005330 00000004 C=BSS      S=.bss     G=DGROUP   M=ComConst ACBP=A9
 0002:00005334 00000011 C=BSS      S=.bss     G=DGROUP   M=ComObj   ACBP=A9
 0002:00005348 00000004 C=BSS      S=.bss     G=DGROUP   M=DirectShow9 ACBP=A9
 0002:0000534C 00000004 C=BSS      S=.bss     G=DGROUP   M=WMF9     ACBP=A9
 0002:00005350 00000004 C=BSS      S=.bss     G=DGROUP   M=DSUtil   ACBP=A9
 0002:00005354 00000004 C=BSS      S=.bss     G=DGROUP   M=DSPack   ACBP=A9
 0002:00005358 00000008 C=BSS      S=.bss     G=DGROUP   M=Unit1    ACBP=A9


  Address         Publics by Name

 0001:00027820       ..
 0002:000009F4       ..
 0002:00000A48       ..
 0002:00000A98       ..
 0002:000038C8       ..
 0002:00000C08       ..
 0001:0002A8E4       ..
 0002:00000D34       ..
 0002:000009EC       ..
 0002:00005330       .1
 0002:0000532C       .1
 0002:000051AC       .1
 0002:00005328       .1
 0002:00005324       .1
 0002:0000534C       .1
 0002:0000531C       .1
 0002:000038BC       .1
 0002:000038AC       .1
 0002:000038A8       .1
 0002:000038A4       .1
 0002:00004154       .1
 0002:00004170       .1
 0002:00004578       .1
 0002:00003890       .1
 0002:00003840       .1
 0002:0000366C       .1
 0002:00004FD8       .1
 0002:00005044       .1
 0002:00005068       .1
 0002:0000507C       .1
 0002:00003674       .1
 0002:000050B0       .1
 0002:0000367C       .1
 0002:00005184       .1
 0002:00005194       .1
 0002:0000519C       .1
 0002:000051A0       .1
 0002:00005250       .1
 0002:000051A4       .1
 0002:000051A8       .1
 0002:000051B0       .1
 0002:000037A0       .1
 0002:000051C4       .1
 0002:000051D4       .1
 0002:00005214       .1
 0002:000051B4       .11
 0002:00005350       .11
 0002:00004FE0       .12
 0002:000051C0       .12
 0002:0000535C       .2
 0002:000038C4       .2
 0002:000051CC       .2
 0002:0000389C       .2
 0002:00005080       .2
 0002:000045C8       .2
 0002:0000503C       .2
 0002:00005238       .2
 0002:00005040       .21
 0002:00003678       .3
 0002:0000508C       .3
 0002:00005088       .3
 0002:000052E0       .3
 0002:00005208       .3
 0002:00004174       .3
 0002:000045C0       .3
 0002:000045C4       .3
 0002:00003848       .3
 0002:00005348       .31
 0002:00003790       .35
 0002:00005228       .36
 0002:00005198       .4
 0002:000051D8       .4
 0002:00003894       .4
 0002:000038C0       .4
 0002:00005334       .41
 0002:00005354       .41
 0002:00005304       .41
 0002:00005240       .42
 0002:00003858       .45
 0002:000037FC       .5
 0002:000035BC       .5
 0002:00005210       .5
 0002:000050C4       .6
 0002:00003844       .6
 0002:00005320       .7
 0002:00005218       .72
 0002:00005264       .72
 0002:00005244       .73
 0002:000052DC       .8
 0002:00005224       .8
 0002:000045E8       .8
 0002:0000520C       .8
 0002:00003820       .81
 0002:000052F4       .9
 0001:00002124       @AbstractError
 0001:00004880       @AddRefArray
 0001:00004838       @AddRefRecord
 0001:000030BC       @AfterConstruction
 0001:00002F00       @AsClass
 0001:00003B98       @Assert
 0001:00002560       @AStrCmp
 0001:000030CC       @BeforeDestruction
 0001:00002C80       @BoundErr
 0001:00002F4C       @CallDynaInst
 0001:00005888       @CheckAutoResult
 0001:00003064       @ClassCreate
 0001:000030B4       @ClassDestroy
 0001:0000245C       @Close
 0001:00001CD8       @Copy
 0001:00004A74       @CopyArray
 0001:00004958       @CopyRecord
 0001:00004BE0       @DispCallByIDError
 0001:0000F8D4       @DispInvokeError
 0001:00004B7C       @Dispose
 0001:0000360C       @DoneExcept
 0001:0000507C       @DynArrayAddRef
 0001:00005054       @DynArrayAsg
 0001:00005018       @DynArrayClear
 0001:00004E38       @DynArrayHigh
 0001:00004E30       @DynArrayLength
 0001:0000500C       @DynArraySetLength
 0001:000036F4       @ExceptionHandler
 0001:000025D0       @FillChar
 0001:0000482C       @Finalize
 0001:00004740       @FinalizeArray
 0001:000046F4       @FinalizeRecord
 0001:00002450       @Flush
 0001:00002C74       @FpuInit
 0001:00002BB0       @FpuMaskInit
 0001:00001B4C       @FreeMem
 0001:00001B1C       @GetMem
 0001:00005EC4       @GetTls
 0001:00003B80       @Halt
 0001:00003AA0       @Halt0
 0001:000031E0       @HandleAnyException
 0001:000034CC       @HandleAutoException
 0001:00003494       @HandleFinally
 0001:0000330C       @HandleOnException
 0001:00028A0C       @inflate_fast
 0001:0002A474       @inflate_table
 0001:00005F10       @InitExe
 0001:000046E8       @Initialize
 0001:00004654       @InitializeArray
 0001:00004624       @InitializeRecord
 0001:00003948       @InitImports
 0001:00003920       @InitResStringImports
 0001:000038FC       @InitResStrings
 0001:0000396C       @InitWideStrings
 0001:00001D94       @Insert
 0001:000057EC       @IntfAddRef
 0001:000057BC       @IntfCast
 0001:00005778       @IntfClear
 0001:00005790       @IntfCopy
 0001:00002EDC       @IsClass
 0001:00002B80       @isNECWindows
 0001:00001D1C       @LGetDir
 0001:00004108       @LStrAddRef
 0001:00003C60       @LStrArrayClr
 0001:00003C90       @LStrAsg
 0001:00003F20       @LStrCat
 0001:00003F64       @LStrCat3
 0001:00003FD8       @LStrCatN
 0001:00003C3C       @LStrClr
 0001:00004064       @LStrCmp
 0001:00004178       @LStrCopy
 0001:000041B8       @LStrDelete
 0001:00003EAC       @LStrFromArray
 0001:00003E24       @LStrFromChar
 0001:00003E34       @LStrFromPChar
 0001:00003D2C       @LStrFromPCharLen
 0001:00003E64       @LStrFromPWChar
 0001:00003D98       @LStrFromPWCharLen
 0001:00003EA0       @LStrFromString
 0001:00003EC4       @LStrFromWArray
 0001:00003EE0       @LStrFromWStr
 0001:00004200       @LStrInsert
 0001:00003CD4       @LStrLAsg
 0001:00003F18       @LStrLen
 0001:0000425C       @LStrPos
 0001:000042A4       @LStrSetLength
 0001:00004118       @LStrToPChar
 0001:00003EF4       @LStrToString
 0001:00004B68       @New
 0001:00003D00       @NewAnsiString
 0001:0000434C       @NewWideString
 0001:00014018       @OleVarFromLStr
 0001:0000208C       @Pos
 0001:00002894       @Pow10
 0001:000024DC       @PStrCmp
 0001:000024B4       @PStrCpy
 0001:000024C0       @PStrNCpy
 0001:000035B8       @RaiseAgain
 0001:00003590       @RaiseExcept
 0001:000025F0       @RandInt
 0001:00001B6C       @ReallocMem
 0001:00002198       @RewritText
 0001:000020F4       @ROUND
 0001:00003B8C       @RunError
 0001:00002878       @SetEq
 0001:000020CC       @SetLength
 0001:000038BC       @StartExe
 0001:00000388       @strlen
 0001:00002100       @TRUNC
 0001:0000363C       @TryFinallyExit
 0001:00004170       @UniqueStringA
 0001:00004C0C       @ValInt64
 0001:0000260C       @ValLong
 0001:00014068       @VarAddRef
 0001:00004868       @VarAddRef
 0001:000101C8       @VarCast
 0001:0000FBC0       @VarClear
 0001:00004728       @VarClr
 0001:0000FBD4       @VarClr
 0001:0000FEFC       @VarCopy
 0001:00004940       @VarCopy
 0001:00013EF8       @VarFromBool
 0001:00013D84       @VarFromByte
 0001:00013F48       @VarFromCurr
 0001:00013EA0       @VarFromCurrency
 0001:00013ECC       @VarFromDate
 0001:00013FEC       @VarFromDisp
 0001:00013E74       @VarFromDouble
 0001:00013D28       @VarFromInt
 0001:00013E24       @VarFromInt64
 0001:00013D64       @VarFromInteger
 0001:00013FC0       @VarFromIntf
 0001:00013DC4       @VarFromLongWord
 0001:00013F5C       @VarFromLStr
 0001:00013F20       @VarFromReal
 0001:00013DE4       @VarFromShortInt
 0001:00013E50       @VarFromSingle
 0001:00013E04       @VarFromSmallInt
 0001:00013F34       @VarFromTDateTime
 0001:00013DA4       @VarFromWord
 0001:00013F88       @VarFromWStr
 0001:0000F928       @VarNull
 0001:0001164C       @VarToBoolean
 0001:00010A8C       @VarToByte
 0001:00012810       @VarToCurrency
 0001:000122A8       @VarToDate
 0001:00013C7C       @VarToDisp
 0001:00011B54       @VarToDouble
 0001:00011050       @VarToInt64
 0001:0001058C       @VarToInteger
 0001:00013BB0       @VarToIntf
 0001:00010D04       @VarToLongWord
 0001:00012EC4       @VarToLStr
 0001:000109DC       @VarToShortInt
 0001:00011ED0       @VarToSingle
 0001:00010B34       @VarToSmallInt
 0001:00010C2C       @VarToWord
 0001:000135E4       @VarToWStr
 0001:00004308       @Write0LString
 0001:00002724       @WriteBytes
 0001:000027F4       @WriteLn
 0001:00004324       @WriteLString
 0001:00002778       @WriteSpaces
 0001:00004604       @WStrAddRef
 0001:0000438C       @WStrArrayClr
 0001:000043B0       @WStrAsg
 0001:00004374       @WStrClr
 0001:000044EC       @WStrCmp
 0001:00004570       @WStrCopy
 0001:000044C0       @WStrFromLStr
 0001:000043D4       @WStrFromPCharLen
 0001:00004484       @WStrFromPWChar
 0001:00004460       @WStrFromPWCharLen
 0001:000044E0       @WStrLen
 0001:000045BC       @WStrSetLength
 0001:000044D0       @WStrToPWChar
 0001:00002854       @_CLenToPasStr
 0001:00002848       @_CToPasStr
 0001:00001CA8       @_IOTest
 0001:00004BE8       @_llmul
 0001:0002BADC       @_tr_align
 0001:0002BDA8       @_tr_flush_block
 0001:0002A8E8       @_tr_init
 0001:0002BA20       @_tr_stored_block
 0001:0000C3A4       Abort
 0001:00064630       AbsMin
 0001:0000C770       AbstractErrorHandler
 0002:0000302C       AbstractErrorProc
 0002:00000148       AccessMode
 0001:0004918C       AccessViolationModuleInLongFormat
 0001:00001C08       AcquireExceptionObject
 0001:00042830       ActicatePage
 0001:00017C28       ActivateClassGroup
 0002:0000474C       ActivateEurekaLog
 0001:00006688       ActivateKeyboardLayout
 0002:00005298       ActiveDrag
 0001:000156CC       ActiveX
 0001:00073668       ActnList
 0001:000004F0       AddBlockAfter
 0001:0004D200       AddCallerCallStack
 0001:00044D28       AddColor
 0001:0003F244       AddCustomHeaderToLog
 0002:000003CC       AddDataModule
 0001:00026820       AddDNS
 0001:00007EC8       AddExitProc
 0001:0001B498       AddFinished
 0001:00089228       AddGraphToRot
 0001:000769AC       AddIn
 0001:0003E160       AddModule
 0001:000055E0       AddModuleUnloadProc
 0001:000055D0       AddModuleUnloadProc
 0001:0001B4D0       AddNotFinished
 0001:00024A20       AddrSize
 0001:0001BEF4       AddSubComponentsToLoaded
 0001:0001E308       AddThread
 0001:0003E2CC       AddToStack
 0001:00031B5C       AddValueField
 0001:00055E00       AdjustColor
 0001:00042780       AdjustDialog
 0001:000403C8       AdjustFlatStyle
 0001:0007DA44       Adjustment
 0001:00006690       AdjustWindowRectEx
 0001:00027518       adler32
 0001:000459CC       AfterScreenshot
 0001:000456D4       AfterScreenshotToStream
 0002:00002298       Alignments
 0002:00002288       Alignments
 0002:00002058       Alignments
 0001:00069C50       AlignWork
 0001:00084988       AlignWork
 0001:0007D530       AllocateHWnd
 0001:0001FB60       AllocateHWnd
 0001:0005D4E8       AllocFilterStr
 0001:00007E6C       AllocMem
 0002:000035B4       AllocMemCount
 0002:000035B8       AllocMemSize
 0001:00059870       AllocPatternBitmap
 0001:00005E6C       AllocTlsBuffer
 0001:00088CB0       AMGetErrorText
 0002:00002074       AnchorAlign
 0002:00002068       AnimateWindowProc
 0002:00002170       AnimationStyle
 0001:0000D144       AnsiCompareFileName
 0001:0000809C       AnsiCompareStr
 0001:000080D4       AnsiCompareText
 0001:000088A0       AnsiLastChar
 0001:00006698       AnsiLower
 0001:00008068       AnsiLowerCase
 0001:0000D1C4       AnsiLowerCaseFileName
 0001:0000D108       AnsiPos
 0001:0007B234       AnsiSameCaption
 0001:0000810C       AnsiSameText
 0001:00008124       AnsiStrLIComp
 0001:0000D250       AnsiStrPos
 0001:0000D310       AnsiStrRScan
 0001:0000D358       AnsiStrScan
 0001:00005C08       AnsiToUtf8
 0001:00013B38       AnyToIntf
 0001:0000A640       AppendChars
 0001:0000AA0C       AppendFormat
 0001:0000A6A4       AppendNumber
 0001:0000A684       AppendString
 0002:000052FC       Application
 0002:000003DC       ApplicationHandleException
 0001:0003E94C       ApplicationRestore
 0002:000003E4       ApplicationShowException
 0002:000023C4       AppVisible
 0001:00090A04       asfp
 0001:0003D424       ASMAssigned
 0002:000008C4       AsmConst
 0001:0000C754       AssertErrorHandler
 0002:00003024       AssertErrorProc
 0001:00014E38       AssignLongStr
 0001:0003F96C       AssignPriority
 0001:0001539C       AssignVariant
 0001:00046724       AttachedFile
 0001:00046980       AttachedFiles
 0002:000045E0       AttachedFilesRequest
 0002:00004758       AutoCloseTimer
 0001:0003F118       AutoCloseTimerProc
 0002:0000360C       avail
 0001:00008DA4       BackfillGetDiskFreeSpaceEx
 0001:000671C4       BackgroundClipped
 0001:0000E844       BackupVarBoolFromStr
 0001:0000E9A4       BackupVarBStrFromBool
 0001:0000E8C4       BackupVarBStrFromCy
 0001:0000E934       BackupVarBStrFromDate
 0001:0000E7D8       BackupVarCyFromStr
 0001:0000E76C       BackupVarDateFromStr
 0001:0000E628       BackupVarI4FromStr
 0001:0000E5D4       BackupVariantChangeTypeEx
 0001:0000E694       BackupVarR4FromStr
 0001:0000E700       BackupVarR8FromStr
 0001:0002D5B8       Base64Decode
 0001:0002D698       Base64DecodeStr
 0001:0002D700       Base64DecodeString
 0001:0002D4FC       Base64Encode
 0001:000463D4       Base64EncodeFromFile
 0001:0002D64C       Base64EncodeStr
 0001:0002D6F8       Base64EncodeString
 0001:0002D708       Base64EncodeToString
 0001:0000CD50       Beep
 0001:00017F80       BeginGlobalLoading
 0001:000066A0       BeginPaint
 0001:00003BF0       BeginThread
 0001:00055E0C       BetterSize
 0001:00077840       BiDiDraw
 0001:00022C3C       BinToStr
 0001:00006498       BitBlt
 0002:00001F8C       BitBtnCaptions
 0002:000051DC       BitBtnGlyphs
 0002:00001CF0       BitmapCanvasList
 0002:00004FF8       BitmapImageLock
 0001:0000E610       BiUnimplemented
 0002:00000420       BlockCode
 0002:000035E4       blockDescBlockList
 0002:000035E8       blockDescFreeList
 0001:00048698       BlockingSendInternetMessage
 0002:000003B0       BooleanIdents
 0002:0000032C       BooleanToStringRule
 0001:000085AC       BoolToStr
 0001:00012C4C       BoolToWStrViaOS
 0001:00016F40       Bounds
 0001:00005FB0       Bounds
 0002:00002230       Breaks
 0002:00005030       BrushManager
 0001:0007A014       BuildImage
 0002:00001DE8       ButtonCaptions
 0002:00001DBC       ButtonNames
 0001:0005E600       Buttons
 0002:000022AC       Buttons
 0002:00002050       ButtonStyles
 0001:00044EA4       BytesPerScanline
 0001:000555D8       BytesPerScanline
 0001:00044904       BytesSwap
 0001:0005593C       ByteSwapColors
 0001:0000CE34       ByteToCharIndex
 0001:0000CE0C       ByteToCharLen
 0001:0000CDD0       ByteType
 0001:0000CD58       ByteTypeTest
 0002:000052E4       CachedComCtrlVer
 0002:00004918       Cached_LogFile
 0001:000503CC       CalcAddr
 0001:00044934       CalcCRC
 0001:0002D4C4       CalcDecodedSize
 0001:0003B988       CalcDuplicatedException
 0001:0002D498       CalcEncodedSize
 0001:0001FA9C       CalcJmpOffset
 0001:000716F0       CalcSplitterPos
 0001:00024DAC       CalculateRelocatedAsmSize
 0001:0003C85C       CallAttachedFilesRequest
 0001:0003C8CC       CallAttachedFilesRequestEvents
 0001:0003C780       CallCustomDataRequest
 0001:0003C7EC       CallCustomDataRequestEvents
 0001:0003C940       CallCustomFieldsRequest
 0001:0003C9BC       CallCustomFieldsRequestEvents
 0001:0003C44C       CallExceptionActionNotify
 0001:0004A568       CallExceptionActionNotify_atSavedLogFile
 0001:0004A544       CallExceptionActionNotify_atSavingLogFile
 0001:00047AD0       CallExceptionActionNotify_atSendingEmail
 0001:00047B18       CallExceptionActionNotify_atSendingWebMessage
 0001:00047AF4       CallExceptionActionNotify_atSentEmail
 0001:00047B3C       CallExceptionActionNotify_atSentWebMessage
 0001:0004A7C4       CallExceptionActionNotify_atShowedExceptionInfo
 0001:0004A7A0       CallExceptionActionNotify_atShowingExceptionInfo
 0001:00044528       CallExceptionActionNotify_atTerminating
 0001:0003C5CC       CallExceptionErrorNotify
 0001:0004A58C       CallExceptionErrorNotify_atSavedLogFile
 0001:00047B60       CallExceptionErrorNotify_atSentEmail
 0001:00047B84       CallExceptionErrorNotify_atSentWebMessage
 0001:0003C318       CallExceptionNotify
 0001:0003C384       CallExceptionNotifyEvents
 0001:0003C390       CallModuleEvent_ExceptionActionNotify
 0001:0003C514       CallModuleEvent_ExceptionErrorNotify
 0001:0003C7F8       CallModule_AttachedFilesRequest
 0001:0003C700       CallModule_CustomDataRequest
 0001:0003C8D8       CallModule_CustomFieldsRequest
 0001:0003C2BC       CallModule_ExceptionNotify
 0001:0003C9C8       CallModule_PasswordRequestEvent
 0001:000066A8       CallNextHookEx
 0001:0003C694       CallPasswordRequest
 0001:0003E5A4       CallStackByAddresses
 0001:00041440       CallStackDialogProc
 0001:0000DA30       CallTerminateProcs
 0001:000066B0       CallWindowProc
 0001:0004A7E8       CallWriteIntraWebText
 0001:0004F0A0       Call_HookedExceptionObject
 0001:0004EF30       Call_HookedRaise
 0001:0004F0CC       Call_HookedRtlUnwind
 0002:0000470D       CanAttachScreenshot
 0002:00004709       CanAttachScreenshot_Show
 0001:00065668       CancelDrag
 0002:0000470E       CanCopy
 0002:0000470A       CanCopy_Show
 0001:0003D1C4       CanExit
 0002:000046D1       CanHookLibraries
 0002:000019A8       CannotProcessMessagesExceptions
 0001:0004D274       CanPauseThisThread
 0002:00004708       CanSendEmail_Show
 0002:0000470C       CanSendMessage
 0002:0000470B       CanSupport_Show
 0002:00005034       CanvasList
 0002:000052AC       CanvasList
 0002:00004950       CaptionFontName
 0002:00001DA8       Captions
 0002:00004B64       CAPTION_HEIGHT
 0002:0000212C       CaptureControl
 0002:000017E0       cBase64Codec
 0002:000017A0       cBase64Codec
 0002:000021D0       cBooleanToItemAutoFlag
 0001:0005CDF8       CenterWindow
 0002:000051CA       CF_COMPONENT
 0002:000051C8       CF_PICTURE
 0002:00004694       CGIHandleException
 0002:00004644       CGIOutputFile
 0002:00003818       ChangeAnyProc
 0001:00008928       ChangeFileExt
 0001:00003D5C       CharFromWChar
 0001:0000D018       CharLength
 0001:000066B8       CharLowerBuff
 0001:000066C0       CharNext
 0001:000002E8       CharNext
 0002:00001978       chars
 0001:00053F5C       CharsetToIdent
 0001:0000CF20       CharToByteIndex
 0001:0000CF84       CharToByteLen
 0001:000066C8       CharToOemA
 0001:000563C8       CheckBool
 0001:000221FC       CheckDirectoryExists
 0001:00089460       CheckDSError
 0001:0002F070       CheckError
 0001:00025474       CheckFail
 0001:0003A9C4       CheckForResult
 0001:00021BAC       CheckIntoIDE
 0001:0000315C       CheckJmp
 0001:000066D0       CheckMenuItem
 0002:00002220       Checks
 0001:0001BF30       CheckSubComponents
 0001:0001E320       CheckSynchronize
 0001:0007D464       CheckTaskWindow
 0001:0006531C       CheckUndock
 0001:0000CC44       CheckWin32Version
 0002:00000330       CInvalidCustomVariantType
 0002:000021D4       cItemAutoFlagToBoolean
 0002:000021CC       cItemAutoFlagToMenu
 0001:0001FCEC       Classes
 0001:000179EC       ClassNotFound
 0002:00003814       ClearAnyProc
 0001:000537DC       ClearColor
 0001:0002DBF8       ClearDirRec
 0001:00088698       ClearExcepInfo
 0001:000385A8       ClearInternalError
 0001:000143A4       ClearVariantTypeList
 0001:00034908       ClickOnSign
 0001:000066D8       ClientToScreen
 0001:0006ECD8       ClientToWindow
 0002:00001CE8       ClipboardFormats
 0001:0005E4A0       Clipbrd
 0001:000371B4       CloneObject
 0001:000066E0       CloseClipboard
 0001:000060F0       CloseHandle
 0001:00000288       CloseHandle
 0001:0003B96C       CloseLogFile
 0001:00046698       CloseSendDialog
 0001:00024340       closesocket
 0002:000050CC       CloseThemeData
 0001:0001565C       CLSIDFromString
 0002:0000247C       CLSID_CaptureGraphBuilder2
 0002:000024BC       CLSID_DvdGraphBuilder
 0002:0000248C       CLSID_FilterGraph
 0002:000026F0       CLSID_FilterGraphCallback
 0002:000024CC       CLSID_VideoMixingRenderer9
 0002:0000249C       CLSID_VideoRenderer
 0002:000024AC       CLSID_WMAsfWriter
 0002:0000469C       CLXHandleException
 0002:000046A0       CLXShowException
 0002:00003040       CmdLine
 0002:0000303C       CmdShow
 0002:000021C8       cMenuAutoFlagToItem
 0001:0000E61C       CmpUnimplemented
 0002:000023D4       CoAddRefServerProcess
 0001:00015654       CoCreateInstance
 0002:000023CC       CoCreateInstanceEx
 0002:000023E4       CoInitFlags
 0001:00015644       CoInitialize
 0002:000023D0       CoInitializeEx
 0002:00001A24       ColIdx
 0002:00001A68       Colors
 0001:00053D54       ColorToIdent
 0002:00001E14       ColorToPretyName
 0001:00053D44       ColorToRGB
 0002:00004B14       ColWidths
 0001:000064A0       CombineRgn
 0002:0000533C       ComClassManagerVar
 0001:00087AEC       ComConst
 0002:00005234       ComCtlVersion
 0001:0005E9A4       ComCtrls
 0002:000052F8       CommandPool
 0001:00059E74       CommCtrl
 0001:0005C6EC       CommDlg
 0001:00000870       Commit
 0002:00003628       committedRoot
 0001:00045618       CommonSaveToStream
 0001:00088960       ComObj
 0001:0003D5F4       CompareEurekaFunctions
 0001:00075F90       CompareFront
 0001:00007FD0       CompareMem
 0001:00039124       CompareModulesFunctions
 0001:00007FA0       CompareStr
 0001:000060F8       CompareString
 0001:00007FF0       CompareText
 0001:000084D4       CompareWith
 0001:00049E44       CompleteIP
 0001:00035FF0       CompleteStr
 0001:0001C010       ComponentCreated
 0001:0002C7CC       Compress
 0001:000278D4       compressBound
 0001:00036C68       ComputerName
 0001:00023F60       ComputerName
 0001:0005E45C       ComStrs
 0001:00024348       connect
 0001:00052798       Consts
 0001:00059D80       Contnrs
 0002:0000526A       ControlAtom
 0002:00005270       ControlAtomString
 0001:0008222C       ControlHasHelp
 0001:00072370       Controls
 0001:0000C134       ConvertAddr
 0001:0002145C       ConvertAddress
 0001:0000A798       ConvertEraString
 0001:00007E30       ConvertError
 0001:00007E48       ConvertErrorFmt
 0001:00030C18       ConvertNotDosText
 0001:0000A904       ConvertYearString
 0001:00004E40       CopyArray
 0001:00056EA0       CopyBitmap
 0001:00057568       CopyBitmapAsMask
 0001:00006C00       CopyMemory
 0001:00057504       CopyPalette
 0001:000066E8       CopyRect
 0002:00001FEC       Copyright
 0001:0003CC38       CopyStrings
 0001:000790C0       CopyToBest
 0002:000023D8       CoReleaseServerProcess
 0002:000023DC       CoResumeClassObjects
 0002:000023E0       CoSuspendClassObjects
 0001:0001564C       CoUninitialize
 0001:0000CE90       CountChars
 0002:00005010       CounterLock
 0001:00042368       CPUDialogProc
 0001:000366C8       CPUToRTF
 0002:00000334       CRangeToType
 0002:00004178       crc_table
 0002:00001860       crc_table_computed
 0001:000450B8       Create8bitBitmap
 0001:0000C698       CreateAssertException
 0001:0000C820       CreateAVObject
 0001:000064A8       CreateBitmap
 0001:000064B0       CreateBrushIndirect
 0001:000064B8       CreateCompatibleBitmap
 0001:000064C0       CreateCompatibleDC
 0001:0001C090       CreateComponent
 0001:00006D74       CreateDialog
 0001:0003EE10       CreateDialogFonts
 0001:000066F0       CreateDialogParam
 0001:000064D0       CreateDIBitmap
 0001:000064C8       CreateDIBSection
 0001:00008E9C       CreateDir
 0001:00006100       CreateDirectory
 0001:00006108       CreateEvent
 0001:00006110       CreateFile
 0001:00000290       CreateFileA
 0001:00006118       CreateFileMapping
 0001:000064D8       CreateFont
 0001:000064E0       CreateFontIndirect
 0001:0004A7F4       CreateGeneralText
 0001:0002D8A4       CreateGZipFile
 0001:000064E8       CreateHalftonePalette
 0001:00039DC0       CreateHTMLByLayout
 0001:0003BF28       CreateHTMLFile
 0001:000066F8       CreateIcon
 0001:0000C5C4       CreateInOutError
 0001:00015664       CreateItemMoniker
 0001:0004B754       CreateLogText
 0001:00006700       CreateMenu
 0001:00026C54       CreateMXQuery
 0001:00044CC4       CreateOctreeNode
 0001:000064F0       CreatePalette
 0001:000064F8       CreatePenIndirect
 0001:00006708       CreatePopupMenu
 0001:00006120       CreateProcess
 0001:00006500       CreateRectRgn
 0001:00006508       CreateRectRgnIndirect
 0001:00006510       CreateSolidBrush
 0001:00055994       CreateSystemPalette
 0001:0003A198       CreateTemplateFile
 0001:00047BA8       CreateTGZFile
 0001:000002F0       CreateThread
 0001:00006128       CreateThread
 0001:0003FC1C       CreateThreadStr
 0001:00047608       CreateTmpLogFile
 0001:00036C9C       CreateVirtualFile
 0001:00006D1C       CreateWindow
 0001:00006CC4       CreateWindowEx
 0001:0003BFF4       CreateXMLLogCopy
 0002:0000206C       CreationControl
 0002:00001D44       CreationControl
 0002:0000039C       CRelationshipToBoolean
 0002:00000318       CResult
 0002:00000800       CriticalError
 0002:000019C4       CriticalExceptObject
 0002:00000140       cSimpleBoolStrs
 0002:00000348       CText
 0002:00002168       Ctl3DStyles
 0002:00003620       curAlloc
 0002:00003688       CurrencyDecimals
 0002:00003684       CurrencyFormat
 0002:00003680       CurrencyString
 0002:000046CC       CurrentCPUErrorText
 0002:0000475C       CurrentDialog
 0001:00050440       CurrentEurekaLogOptions
 0002:000046C8       CurrentGeneralErrorText
 0002:00004640       CurrentOptions
 0002:00004774       CurrentProcessWindowsList
 0002:0000472C       CurrentRequestValue
 0002:000019B4       CurrentStackList
 0001:0000A62C       CurrentYear
 0001:0000A030       CurrToStr
 0001:00012BDC       CurrToWStrViaOS
 0002:00002348       CursorMap
 0002:0000207C       Cursors
 0001:00063F08       CursorToIdent
 0002:00002338       cUseAlpha
 0002:00002340       cUseColorKey
 0001:00042570       CustomDataDialogProc
 0002:000045DC       CustomDataRequest
 0002:000046F8       CustomExceptMessage
 0002:000045E4       CustomFieldsRequest
 0002:00004158       CV
 0001:000081F8       CvtInt
 0001:00008264       CvtInt64
 0002:00000180       CWNear
 0002:00003689       DateSeparator
 0001:0000B240       DateTimeToStr
 0001:0000B1E4       DateTimeToString
 0001:0000A148       DateTimeToTimeStamp
 0001:00012C14       DateToWStrViaOS
 0001:0000A5B4       DayOfWeek
 0002:00001A08       Days
 0002:00004770       DbgSection
 0002:0000017C       DCon10
 0002:00001A64       DDBsOnly
 0001:0007D544       DeallocateHWnd
 0001:0001FC14       DeallocateHWnd
 0002:0000002C       DebugHook
 0002:000048B0       DebugHook_Assigned
 0002:00003687       DecimalSeparator
 0001:0000A524       DecodeDate
 0001:0000A3D4       DecodeDateFully
 0001:0000A23C       DecodeTime
 0001:00000930       Decommit
 0001:0000105C       DecommitFree
 0002:000035FC       decommittedRoot
 0001:0002D390       Decrypt
 0001:000855C4       Default
 0001:0007FEAC       Default
 0002:00000024       Default8087CW
 0002:00002070       DefaultDockTreeClass
 0002:00000038       DefaultTextLineBreakStyle
 0002:000035C0       DefaultUserCodePage
 0002:00001CB8       DefBrushData
 0002:00001A38       DefFontData
 0001:00006710       DefFrameProc
 0001:00027ED4       deflate
 0001:00028184       deflateEnd
 0001:0002720C       DeflateInit
 0001:000278E8       deflateInit_
 0002:0000020C       DefLongDayNames
 0002:000001C0       DefLongMonthNames
 0001:00006718       DefMDIChildProc
 0002:00001C98       DefPenData
 0002:000001F0       DefShortDayNames
 0002:00000190       DefShortMonthNames
 0001:00006720       DefWindowProc
 0001:000050B8       DelayLoadResourceModule
 0001:0000054C       DeleteBlock
 0001:0000045C       DeleteCriticalSection
 0001:00006130       DeleteCriticalSection
 0001:00006518       DeleteDC
 0001:00047D24       DeleteExtraFiles
 0001:00008888       DeleteFile
 0001:00006138       DeleteFile
 0001:00000E44       DeleteFree
 0001:00006728       DeleteMenu
 0001:00006520       DeleteObject
 0001:00044BD8       DeleteTree
 0001:00036E28       DeleteVirtualFile
 0001:00056A5C       DeselectBitmap
 0001:00006730       DestroyCursor
 0001:0003F018       DestroyDialogFonts
 0001:00006738       DestroyIcon
 0001:0005E530       DestroyLocals
 0001:00006740       DestroyMenu
 0001:00006748       DestroyWindow
 0002:00004B54       DetailsActive
 0001:00040408       DetailsState
 0001:00006750       DialogBoxParam
 0001:00061A44       DialogEnumerationTester
 0002:00004B60       DialogHeight
 0001:0005CEAC       DialogHook
 0001:0005DD98       Dialogs
 0002:00001CF4       DIBPalSizes
 0002:00000094       dig
 0001:00087A94       Direct3D9
 0001:000879B4       DirectDraw
 0001:0003A174       DirectoryExists
 0001:00088CE8       DirectShow9
 0001:00087A5C       DirectSound
 0001:0007D2A0       DisableTaskWindows
 0001:000880AC       DispatchInvoke
 0001:0008868C       DispatchInvokeError
 0001:00006758       DispatchMessage
 0001:0008350C       DispatchShortCut
 0001:000886A8       DispCall
 0001:0008878C       DispCallByID
 0002:00003000       DispCallByIDProc
 0001:000885B8       DispCallError
 0001:00007E14       DivMod
 0001:0005C724       Dlgs
 0001:0003EAC8       DlgTemplate
 0002:000038B4       DllList
 0001:0008483C       DoAlign
 0001:00069AE0       DoAlign
 0001:0006DB94       DoCalcConstraints
 0002:000052A0       DockSiteList
 0001:00079CE0       DoClick
 0001:0006B224       DoControlMsg
 0001:0007D250       DoDisableWindow
 0001:00064C48       DoDragOver
 0001:00007E8C       DoExitProc
 0001:0006F9C4       DoFindControlZone
 0001:0007D3A4       DoFindWindow
 0001:0006FF50       DoFindZone
 0001:0006FA48       DoForEach
 0001:00071354       DoGetNextLimit
 0001:00027088       Done
 0001:0005217C       Done
 0001:00024278       Done
 0001:00025968       Done
 0001:0007D218       DoneApplication
 0001:000510B4       DoneCheckFreeze
 0001:000720B4       DoneControls
 0001:0000CB54       DoneExceptions
 0001:0002ED00       DoneLib
 0001:00081888       DoNestedActivation
 0001:0001E2BC       DoneThreadSynchronization
 0001:000868E0       DoOnHelp
 0001:0008468C       DoPosition
 0001:000696A0       DoPosition
 0001:0007097C       DoPrune
 0001:00070E54       DoSaveZone
 0001:00071058       DoSetNewBounds
 0002:000003B8       DotSep
 0001:000194A0       DoWrite
 0001:000745F0       DoWrite
 0001:00056620       DoWrite
 0001:0006A80C       DoWriteDesignSize
 0001:000682B8       DoWriteIsControl
 0002:00005284       DragCapture
 0002:00005278       DragControl
 0001:00065390       DragDone
 0001:00064BF8       DragFindTarget
 0001:00064BCC       DragFindWindow
 0002:0000529C       DragImageList
 0001:00064FE8       DragInit
 0001:00065158       DragInitControl
 0002:00005280       DragInternalObject
 0001:00064B14       DragMessage
 0002:0000527C       DragObject
 0002:000052A8       DragSave
 0002:00005290       DragSaveCursor
 0002:00005288       DragStartPos
 0002:00005294       DragThreshold
 0001:00064D18       DragTo
 0001:00085600       DrawAppIcon
 0001:000340CC       DrawBmp
 0001:00034C78       DrawBottom
 0001:000704E8       DrawCloseButton
 0001:00006760       DrawEdge
 0001:00034C04       DrawFrame
 0001:00006768       DrawFrameControl
 0001:00070540       DrawGrabberLine
 0001:00006770       DrawIcon
 0001:00006778       DrawIconEx
 0002:000021A4       DrawingStyles
 0001:00034D20       DrawItem
 0001:00034CCC       DrawLine
 0001:00006780       DrawMenuBar
 0001:0007B050       DrawMenuItem
 0001:00042AC8       DrawSupportLink
 0001:00006788       DrawText
 0002:000050D0       DrawThemeBackground
 0002:000050F4       DrawThemeEdge
 0002:000050F8       DrawThemeIcon
 0002:0000517C       DrawThemeParentBackground
 0002:000050D4       DrawThemeText
 0001:00090330       DSPack
 0001:00089AA4       DSUtil
 0001:00055458       DupBits
 0002:0000470F       DuplicatedException
 0001:00006140       DuplicateHandle
 0001:00087A24       DXTypes
 0001:00004E58       DynArrayClear
 0001:00004E60       DynArraySetLength
 0001:0002D76C       EBase64
 0001:00021280       EConsts
 0001:000242D0       ECore
 0002:00002290       EdgeStyle
 0002:00002158       EdgeStyles
 0001:0002D490       EEncrypt
 0001:0000C598       EHeapException.FreeInstance
 0001:00025A7C       EHook
 0001:00031058       ElaborateString
 0001:0002F1CC       ElaborateURL
 0001:00025B8C       ELang
 0001:000352E4       EListView
 0001:00033FF4       ELogManager
 0001:00006790       EmptyClipboard
 0002:00003800       EmptyParam
 0002:000000C4       EmptyStr
 0002:000000C8       EmptyWideStr
 0002:00000450       EMsgs
 0001:00006798       EnableMenuItem
 0002:00002228       Enables
 0001:000067A0       EnableScrollBar
 0001:0007D354       EnableTaskWindows
 0002:00005164       EnableThemeDialogTexture
 0002:00005180       EnableTheming
 0001:000067A8       EnableWindow
 0001:00044AFC       Encode
 0001:0000A3A4       EncodeDate
 0002:00001958       EncodedChars
 0001:0000A1FC       EncodeTime
 0001:0004776C       EncodeURL
 0001:000067B0       EndDialog
 0001:00018008       EndGlobalLoading
 0001:000067B8       EndPaint
 0001:00003C34       EndThread
 0001:00059A88       EnsureRange
 0001:0000044C       EnterCriticalSection
 0001:00006148       EnterCriticalSection
 0001:00006150       EnumCalendarInfoA
 0002:00005064       EnumDisplayMonitors
 0001:0000BDA8       EnumEraNames
 0001:0000BDE4       EnumEraYearOffsets
 0001:00080470       EnumMonitorsProc
 0001:00006158       EnumSystemLocales
 0001:000067C0       EnumThreadWindows
 0001:0001B840       EnumValue
 0001:000067C8       EnumWindows
 0001:000387BC       EnumWindowsProc
 0001:00038734       EnumWindowsProc
 0001:00021D60       EnvironmentVariable
 0001:00087D80       EOleException.Create
 0001:00087CB0       EOleSysError.Create
 0001:000067D0       EqualRect
 0002:00003750       EraNames
 0001:0000B4CC       EraToYear
 0002:0000376C       EraYearOffsets
 0002:0000006C       errCaption
 0001:0001B024       Error
 0001:00045ACC       Error
 0001:00075CE0       Error
 0001:00001C9C       Error
 0001:00017590       Error
 0002:00000004       ErrorAddr
 0001:00001C50       ErrorAt
 0001:0000C644       ErrorHandler
 0002:00000228       ErrorMap
 0002:00003008       ErrorProc
 0002:000033E8       ErrOutput
 0002:0000077C       EShowOptions
 0001:000270E8       ESockets
 0001:0002E1E8       ETarGZip
 0001:0001FDB0       ETypes
 0002:0000044C       EurekaLogCurrentVersion
 0002:00004728       EurekaLogList
 0001:00046330       EurekaLogSendEmail
 0001:0003D06C       EurekaLog_AttachedFilesRequestEvent
 0001:0004F708       EurekaLog_CallCreateThread
 0001:0004EFF0       EurekaLog_CallExceptObject
 0001:0004F84C       EurekaLog_CallExitThread
 0001:0004EEFC       EurekaLog_CallGeneralRaise
 0001:0004F7A8       EurekaLog_CallResumeThread
 0001:0003CFBC       EurekaLog_CustomDataRequestEvent
 0001:0003D110       EurekaLog_CustomFieldsRequestEvent
 0001:0003CE74       EurekaLog_ExceptionActionNotifyEvent
 0001:0003CF18       EurekaLog_ExceptionErrorNotifyEvent
 0001:0003CDD0       EurekaLog_ExceptionNotifyEvent
 0001:0003CCBC       EurekaLog_PasswordRequestEvent
 0001:0003CD00       EurekaLog_PasswordRequestEventEx
 0002:000005FC       EVals
 0001:00030470       EWebTools
 0001:00001BDC       ExceptAddr
 0002:0000300C       ExceptClsProc
 0001:0000CAC0       ExceptHandler
 0001:0000C3C4       Exception.Create
 0001:0000C400       Exception.CreateFmt
 0001:0000C550       Exception.CreateHelp
 0001:0000C480       Exception.CreateRes
 0001:0000C4BC       Exception.CreateResFmt
 0002:000045D0       ExceptionActionNotify
 0002:00004920       ExceptionAddressText
 0002:0000301C       ExceptionClass
 0002:00004614       ExceptionCriticalSection
 0001:0000C140       ExceptionErrorMessage
 0002:000045D4       ExceptionErrorNotify
 0001:000524A8       ExceptionLog
 0001:0005061C       ExceptionManager
 0002:0000491C       ExceptionModuleText
 0002:00004928       ExceptionMsgText
 0002:000045CC       ExceptionNotify
 0002:0000464C       ExceptionNumber
 0002:00004764       ExceptionsTime
 0002:00004768       ExceptionTime
 0001:0003A6D8       ExceptionTypeByAddr
 0002:00004924       ExceptionTypeText
 0002:00000260       ExceptMap
 0001:0004E634       ExceptNotify
 0001:0004899C       ExceptNotifyAfter1
 0001:00048A8C       ExceptNotifyAfter2
 0001:00048AA0       ExceptNotifyAfter3
 0001:00001BBC       ExceptObject
 0002:00003010       ExceptObjProc
 0002:00003004       ExceptProc
 0001:00006528       ExcludeClipRect
 0002:00000000       ExitCode
 0001:000039E4       ExitDll
 0002:00003048       ExitProc
 0001:00000300       ExitProcess
 0002:00003028       ExitProcessProc
 0002:0000013C       ExitProcList
 0001:00006160       ExitThread
 0001:000002F8       ExitThread
 0001:00030A18       EXMLBuilder
 0001:00006168       ExpandEnvironmentStrings
 0001:00008B04       ExpandFileName
 0001:00045A98       ExpandPath
 0001:0005D184       ExplorerHook
 0001:0003D694       ExportedFunctions
 0001:0005E7EC       ExtActns
 0001:0005E3FC       ExtCtrls
 0001:0005E658       ExtDlgs
 0001:000089F0       ExtractFileDrive
 0001:00008ABC       ExtractFileExt
 0001:0005D7FC       ExtractFileName
 0001:00008A84       ExtractFileName
 0001:0005D844       ExtractFileNames
 0001:000089BC       ExtractFilePath
 0001:00008B40       ExtractFilePathNoDrive
 0001:0002DAB0       ExtractGZipStream
 0001:0003BA68       ExtractList
 0001:00008BD4       ExtractRelativePath
 0001:0003B3AC       ExtractStr
 0001:00021930       ExtractStringsEx
 0001:0003FA54       ExtractThreadByList
 0001:00032078       ExtractValue
 0001:0002C754       EZlib
 0002:00004934       fActive
 0002:000019D0       fActivePage
 0001:00015690       Failed
 0002:0000378C       FalseBoolStrs
 0002:00004938       fCaptionFont
 0002:000051D0       FClipboard
 0002:00000170       FCon1E18
 0002:0000492C       fDlgBack
 0002:00004940       fFixedFont1
 0002:00004944       fFixedFont2
 0001:00008714       FileAge
 0001:0000870C       FileClose
 0001:00008674       FileCreate
 0001:00008650       FileCreate
 0001:00008E24       FileDateToDateTime
 0001:0000877C       FileExists
 0002:00001CEC       FileFormats
 0002:0000000C       FileMode
 0001:000021E0       FileNOPProc
 0001:000085F8       FileOpen
 0001:0000867C       FileRead
 0002:000003F4       FilerSignature
 0001:000086D4       FileSeek
 0001:00006170       FileTimeToDosDateTime
 0001:00006178       FileTimeToLocalFileTime
 0001:00006180       FileTimeToSystemTime
 0001:000086A8       FileWrite
 0001:00000F7C       FillAfterGap
 0001:0003C180       FillAttachedList
 0001:00000F1C       FillBeforeGap
 0001:0000101C       FillerSizeAfterGap
 0001:00000FA4       FillerSizeBeforeGap
 0001:000067D8       FillRect
 0001:0005E42C       Finalization
 0001:0005E3B4       Finalization
 0001:0003040C       Finalization
 0001:00074D40       Finalization
 0001:0005DD3C       Finalization
 0001:0005E464       Finalization
 0001:0005E4F8       Finalization
 0001:0005C6F4       Finalization
 0001:0005E5C8       Finalization
 0001:0000ED70       Finalization
 0001:00073638       Finalization
 0001:0005C6BC       Finalization
 0001:0005C67C       Finalization
 0001:0005C610       Finalization
 0001:00072308       Finalization
 0001:0005E628       Finalization
 0001:0005C5D8       Finalization
 0001:0005C5A0       Finalization
 0001:0005C568       Finalization
 0001:0005C530       Finalization
 0001:0005C4C0       Finalization
 0001:00005FCC       Finalization
 0001:0005BB3C       Finalization
 0001:00061CBC       Finalization
 0001:0005B990       Finalization
 0001:0005E678       Finalization
 0001:00005F54       Finalization
 0001:0005B66C       Finalization
 0001:0005B634       Finalization
 0001:0007B330       Finalization
 0001:0005B5EC       Finalization
 0001:0005A604       Finalization
 0001:0005A5C4       Finalization
 0001:0005E6E0       Finalization
 0001:00059E44       Finalization
 0001:00059D50       Finalization
 0001:00059A98       Finalization
 0001:0000E57C       Finalization
 0001:0000E37C       Finalization
 0001:000598A8       Finalization
 0001:00052768       Finalization
 0001:000522F0       Finalization
 0001:000309E8       Finalization
 0001:0001569C       Finalization
 0001:000071BC       Finalization
 0001:0005E744       Finalization
 0001:0002E1B8       Finalization
 0001:000878E4       Finalization
 0001:00005D24       Finalization
 0001:00087984       Finalization
 0001:00006E84       Finalization
 0001:0001FC3C       Finalization
 0001:0005E79C       Finalization
 0001:0001FD80       Finalization
 0001:000879BC       Finalization
 0001:000352B4       Finalization
 0001:000879F4       Finalization
 0001:00087A2C       Finalization
 0001:00021210       Finalization
 0001:00087A64       Finalization
 0001:00087ABC       Finalization
 0001:000888E0       Finalization
 0001:0002427C       Finalization
 0001:0005E7F4       Finalization
 0001:00024308       Finalization
 0001:00015518       Finalization
 0001:0005E92C       Finalization
 0001:0002D73C       Finalization
 0001:000243A8       Finalization
 0001:00088CB8       Finalization
 0001:00025A28       Finalization
 0001:0005F36C       Finalization
 0001:00025B5C       Finalization
 0001:00027090       Finalization
 0001:00088DD4       Finalization
 0001:00060ED0       Finalization
 0001:0002D460       Finalization
 0001:0002C724       Finalization
 0001:00061038       Finalization
 0001:00089A5C       Finalization
 0001:00014A0C       Finalization
 0001:00090300       Finalization
 0001:000147F0       Finalization
 0001:000906EC       Finalization
 0001:00090724       Finalization
 0001:00033FC4       Finalization
 0001:00004E50       FinalizeArray
 0001:000037DC       FinalizeUnits
 0001:00079AA0       Find
 0001:00005148       FindBS
 0001:00017AAC       FindClass
 0001:000050B0       FindClassHInstance
 0001:00000310       FindClose
 0001:00006188       FindClose
 0001:0000886C       FindClose
 0001:00000ED8       FindCommitted
 0001:00063CE8       FindControl
 0001:0007017C       FindControlAtPos
 0001:00014648       FindCustomVariantType
 0001:00014700       FindCustomVariantType
 0001:000656B4       FindDragTarget
 0001:00047588       FindEOFLine
 0001:0002F32C       FindErrorMessage
 0001:0004A718       FindException
 0001:0001C240       FindExistingComponent
 0001:000087F8       FindFirst
 0001:00000318       FindFirstFile
 0001:00006190       FindFirstFile
 0001:0003B770       FindFunction
 0001:00017E98       FindGlobalComponent
 0001:0007D4B0       FindGlobalComponent
 0002:00003864       FindGlobalComponentProcs
 0001:00035AA0       FindHandled
 0001:00005088       FindHInstance
 0001:00017D40       FindIdentToInt
 0001:00051A04       FindMainInstance
 0001:0000878C       FindMatchingFile
 0001:00038BC4       FindModuleType
 0002:000051BC       FindMsg
 0001:0001B3D0       FindNestedComponent
 0001:00008848       FindNext
 0001:00006198       FindNextFile
 0001:00075CA8       FindPopupControl
 0001:0000EA38       FindProc
 0001:000061A0       FindResource
 0001:00005100       FindResourceHInstance
 0001:00087114       FindScanline
 0001:00033C0C       FindSection
 0001:0007D408       FindTopMostWindow
 0001:0001D124       FindUniqueName
 0001:00065680       FindVCLWindow
 0001:000067E0       FindWindow
 0001:000067E8       FindWindowEx
 0001:00061A9C       FindWinHelp
 0002:00004954       FixedFontName1
 0002:00004958       FixedFontName2
 0002:0000494C       FixedFontSize
 0001:00056E54       FixupBitFields
 0002:000022A0       Flags
 0002:0000379C       FLanguages
 0001:0005B9C0       FlatSB
 0002:00005090       FlatSB_EnableScrollBar
 0002:0000509C       FlatSB_GetScrollInfo
 0002:000050A0       FlatSB_GetScrollPos
 0002:00005098       FlatSB_GetScrollRange
 0002:000050A8       FlatSB_SetScrollInfo
 0002:000050A4       FlatSB_SetScrollPos
 0001:0005B6B0       FlatSB_SetScrollProp
 0002:000050AC       FlatSB_SetScrollRange
 0002:00005094       FlatSB_ShowScrollBar
 0002:00004948       fLinkFont
 0002:00004ACC       fListViewItems
 0001:00009CC0       FloatToDecimal
 0001:0000A000       FloatToStr
 0001:000096F8       FloatToText
 0001:000099CC       FloatToTextFmt
 0001:00002444       Flush
 0001:000061A8       FlushInstructionCache
 0002:00004930       fMemoBack
 0002:00004AB0       fMonitor
 0002:00004AB4       fMonitorInfo
 0002:00000184       FMSecsPerDay
 0001:000095EC       FmtStr
 0002:000022BC       FocusCount
 0002:000022B8       FocusMessages
 0002:00001C08       FontCharsets
 0002:00005028       FontManager
 0001:00050570       ForceApplicationTermination
 0002:00001D40       ForceCurrentDirectory
 0001:0007D484       ForegroundTask
 0002:00005358       Form1
 0002:0000018C       Format
 0001:000095D8       Format
 0001:000091C8       FormatBuf
 0001:000091BC       FormatClearStr
 0001:0004A484       FormatComplete
 0001:0000B254       FormatDateTime
 0001:00009140       FormatError
 0002:00000168       FormatErrorStrs
 0001:0000A060       FormatFloat
 0001:000061B0       FormatMessage
 0001:00009198       FormatVarToStr
 0001:00087940       Forms
 0001:0000288C       FPower10
 0002:00001D3C       FPrinter
 0001:000067F0       FrameRect
 0001:00089218       FreeAndNil
 0001:0000DF5C       FreeAndNil
 0001:000371E8       FreeClonedObject
 0001:00000BD8       FreeCommitted
 0001:00001210       FreeCurAlloc
 0001:00065774       FreeDeviceContext
 0001:00065830       FreeDeviceContexts
 0001:0001FA08       FreeIntConstList
 0001:000061B8       FreeLibrary
 0001:00000320       FreeLibrary
 0001:000569B0       FreeMemoryContexts
 0001:0001FB3C       FreeObjectInstance
 0001:000061D8       FreeResource
 0001:00045A5C       FreeScreenshot
 0001:000007A8       FreeSpace
 0001:0000DA5C       FreeTerminateProcs
 0001:0005BB74       FreeThemeLibrary
 0002:000046D4       FreezeThread
 0002:00005230       FRichEditModule
 0002:000045AC       FtpOpenFile
 0001:0002FF9C       FTPUploadFiles
 0002:0000493C       fVariableFont
 0001:00055448       GDICheck
 0001:000553A0       GDIError
 0001:00042160       GeneralDialogProc
 0001:0004ED94       GeneralRaise
 0001:0003629C       GeneralToRTF
 0001:0003A050       GenerateHTML
 0001:0002F418       GenerateMultipartBoundary
 0001:0002F548       GenerateRequestBody
 0001:000020EC       Get8087CW
 0001:000061E0       GetACP
 0001:00048E08       GetActiveControlClass
 0001:00048E20       GetActiveControlText
 0001:00048D28       GetActiveFormClass
 0001:00048D74       GetActiveFormText
 0001:00045200       GetActiveMonitorData
 0001:000067F8       GetActiveWindow
 0001:00049F80       GetAdapterInfo
 0001:00084D18       GetAnimation
 0001:00049884       GetApplicationName
 0001:00024B88       GetAsmSize
 0001:0004EB70       GetBaseOfStack
 0001:00006530       GetBitmapBits
 0001:00000464       GetBlockDesc
 0001:00006538       GetBrushOrgEx
 0001:00006C84       GetBValue
 0001:0003E89C       GetCallStackByAddresses
 0001:00037A50       GetCallStackDump
 0001:00006800       GetCapture
 0001:00063FB0       GetCaptureControl
 0001:00017A58       GetClass
 0001:00006808       GetClassInfo
 0001:00006810       GetClassName
 0001:00006818       GetClientRect
 0001:00006540       GetClipBox
 0001:00000400       GetCmdShow
 0001:00073808       GetColor
 0001:00035134       GetColumnAlign
 0001:00035108       GetColumnCount
 0001:0005E8CC       GetComCtlVersion
 0001:00000328       GetCommandLine
 0001:000061F0       GetCommandLine
 0001:000009EC       GetCommitted
 0001:00000A94       GetCommittedAt
 0001:00048CC0       GetCompilationDate
 0001:000061F8       GetComputerName
 0001:0006ADD8       GetControlAtPos
 0001:0004E194       GetControlClass
 0001:0004E1EC       GetControlText
 0001:0000A6F0       GetCount
 0001:000061E8       GetCPInfo
 0001:00008E90       GetCurrentDir
 0001:00000330       GetCurrentDirectory
 0001:00006548       GetCurrentObject
 0001:00006550       GetCurrentPositionEx
 0001:00006200       GetCurrentProcess
 0001:00006208       GetCurrentProcessId
 0001:0004EB78       GetCurrentStackPointer
 0001:00050614       GetCurrentStackPointer
 0002:00005174       GetCurrentThemeName
 0001:00006210       GetCurrentThread
 0001:00006218       GetCurrentThreadId
 0001:000003F0       GetCurrentThreadId
 0001:00006BF8       GetCurrentTime
 0001:00037208       GetCurrentTopOfStack
 0001:00006820       GetCursor
 0001:00087124       GetCursorHeightMargin
 0001:00006828       GetCursorPos
 0001:0000A720       GetDate
 0001:00006220       GetDateFormat
 0001:0000B3E4       GetDateOrder
 0001:00006830       GetDC
 0001:00006838       GetDCEx
 0001:00006558       GetDCOrgEx
 0001:0003E28C       GetDebugDetail
 0001:0003B818       GetDebugInfosByAddr
 0001:0003B558       GetDebugPartialInfo
 0001:000594B0       GetDefFontCharSet
 0001:00006840       GetDesktopWindow
 0001:00006570       GetDeviceCaps
 0001:0004275C       GetDialogState
 0001:000563B0       GetDIB
 0001:00006560       GetDIBColorTable
 0001:00006568       GetDIBits
 0001:000562F8       GetDIBSizes
 0001:000555B8       GetDInColors
 0001:00006228       GetDiskFreeSpaceA
 0002:00000138       GetDiskFreeSpaceEx
 0001:0004963C       GetDiskInfo
 0001:00049DA4       GetDisplayMode
 0001:00006848       GetDlgItem
 0001:00026844       GetDNSList
 0001:00071434       GetDockAlign
 0001:00064958       GetDockSiteAtPos
 0001:00026A10       GetDomain
 0001:00026B7C       GetDomainName
 0001:00064C84       GetDropCtl
 0001:0004B430       GetDump
 0001:00002F1C       GetDynaMethod
 0001:0004B170       GetEAX
 0001:0004B1C8       GetEBX
 0001:0004B220       GetECX
 0001:0004B328       GetEDI
 0001:0004B278       GetEDX
 0001:0003D41C       GetEF
 0001:0004B3D8       GetEIP
 0001:0004B6AC       GetEmptySection
 0001:00014A7C       GetEnumName
 0001:00014B54       GetEnumNameValue
 0001:00014BA0       GetEnumValue
 0001:00006230       GetEnvironmentVariable
 0001:0000BE5C       GetEraNamesAndYearOffsets
 0001:0000B478       GetEraYearOffset
 0001:0001567C       GetErrorInfo
 0001:00089430       GetErrorString
 0001:0004B2D0       GetESI
 0001:00037A40       GetESP
 0001:0004B380       GetESP
 0001:00049094       GetExceptionAddress
 0001:0000C808       GetExceptionClass
 0001:0004907C       GetExceptionDate
 0001:00049458       GetExceptionMessage
 0001:000490C8       GetExceptionModule
 0001:0000C9F4       GetExceptionObject
 0001:0004911C       GetExceptionType
 0001:0003E9D8       GetExceptMessage
 0001:00006238       GetExitCodeProcess
 0001:00006240       GetExitCodeThread
 0001:000179E0       GetFieldClassTable
 0001:00006248       GetFileAttributes
 0001:0002F4DC       GetFileContents
 0001:0002FF60       GetFileSize
 0001:000390F0       GetFileSize
 0001:000002A0       GetFileSize
 0001:00000298       GetFileType
 0001:0000CC64       GetFileVersion
 0001:00006480       GetFileVersionInfo
 0001:00006488       GetFileVersionInfoSize
 0001:00006850       GetFocus
 0001:00053F7C       GetFontData
 0001:00006858       GetForegroundWindow
 0001:0000D604       GetFormatSettings
 0001:0004972C       GetFreeDisk
 0001:000495AC       GetFreeMemory
 0001:00006250       GetFullPathName
 0001:00024CDC       GetFunctionSize
 0001:00021B64       GetGMT
 0001:00006C80       GetGValue
 0001:00006258       GetHandleInformation
 0001:000534C4       GetHashCode
 0001:00082264       GetHelpInfo
 0001:0005AA84       GetHelpSystem
 0001:00084AFC       GetHint
 0001:00084B34       GetHintControl
 0001:00024378       gethostbyname
 0001:00024380       gethostname
 0001:0007B1D0       GetHotkey
 0001:0002F844       GetHTTPResponse
 0001:00006860       GetIconInfo
 0001:00088424       GetIDsOfNames
 0001:0004E9AC       GetIntraWebExceptionType
 0001:000340A4       GetItemRect
 0001:000413F4       GetItemText
 0001:00006878       GetKeyboardLayout
 0001:00006880       GetKeyboardLayoutList
 0001:00006888       GetKeyboardState
 0001:00002B78       GetKeyboardType
 0001:00006868       GetKeyNameText
 0001:00006870       GetKeyState
 0001:00049048       GetLanguageString
 0001:00006890       GetLastActivePopup
 0001:0006F6FC       GetLastChildZone
 0001:00006260       GetLastError
 0001:00000338       GetLastError
 0001:0003C29C       GetLastExceptionObject
 0001:0000BC20       GetLocaleChar
 0001:00048F1C       GetLocaleDataA
 0001:00048EDC       GetLocaleDataW
 0001:00006270       GetLocaleInfo
 0001:00000340       GetLocaleInfo
 0001:00006278       GetLocaleInfoA
 0001:00006280       GetLocaleInfoW
 0001:0000BBD4       GetLocaleStr
 0001:00006268       GetLocalTime
 0001:00063F6C       GetLongHint
 0001:00021548       GetLongNameFromShort
 0001:00014E4C       GetLongStrProp
 0001:0003876C       GetMainWindow
 0001:00006578       GetMapMode
 0001:0002D088       GetMD5Key
 0001:00006898       GetMenu
 0001:000821EC       GetMenuHelpContext
 0001:000068A0       GetMenuItemCount
 0001:000068A8       GetMenuItemID
 0001:000068B0       GetMenuItemInfo
 0001:000782EC       GetMenuSize
 0001:000068B8       GetMenuState
 0001:000068C0       GetMenuString
 0001:000153F0       GetMethodProp
 0001:000214A4       GetModifiedDate
 0001:00038E48       GetModuleDescriptionAndVersion
 0001:00006288       GetModuleFileName
 0001:00000348       GetModuleFileName
 0001:00006290       GetModuleHandle
 0001:00000350       GetModuleHandle
 0001:00005E4C       GetModuleHandle
 0001:00038D88       GetModulePath
 0001:00039420       GetModulesList
 0001:00039290       GetModulesWin9X
 0001:0003912C       GetModulesWinNT
 0002:00005058       GetMonitorInfo
 0002:0000505C       GetMonitorInfoA
 0002:00005060       GetMonitorInfoW
 0001:0000BC84       GetMonthDayNames
 0001:00026D7C       GetMXBestRecord
 0001:00026CDC       GetMXRecord
 0001:00026E6C       GetMXServerFromEmail
 0001:0004A2E8       GetNetworkData
 0001:000068C8       GetNextWindow
 0001:00006580       GetObject
 0001:0005C6B4       GetOpenFileName
 0001:00045048       GetOptimizedPalette
 0001:00014C74       GetOrdProp
 0001:00048E94       GetOSBuild
 0001:00049070       GetOSLanguage
 0001:00037590       GetOSType
 0001:00048EC8       GetOSUpdate
 0001:00044C14       GetPaletteColors
 0001:00006588       GetPaletteEntries
 0001:00048C1C       GetParameters
 0001:00001E5C       GetParamStr
 0001:000068D0       GetParent
 0001:0007D698       GetParentForm
 0001:0003DC60       GetPassword
 0001:00006590       GetPixel
 0001:00006298       GetPrivateProfileString
 0001:00000358       GetProcAddress
 0001:000062A0       GetProcAddress
 0001:00049900       GetProcessor
 0001:000068D8       GetProp
 0001:00014C04       GetPropInfo
 0001:000213BC       GetReadableSize
 0001:0003BB8C       GetRealFileName
 0001:0007DB58       GetRealScrollPosition
 0001:0003A7D4       GetResourceData
 0001:000737E8       GetRGBColor
 0001:0001566C       GetRunningObjectTable
 0001:00006C7C       GetRValue
 0001:000068E0       GetScrollInfo
 0001:000068E8       GetScrollPos
 0001:000068F0       GetScrollRange
 0001:00063F28       GetShortHint
 0001:00014D44       GetShortStrProp
 0001:00014DDC       GetShortStrPropAsLongStr
 0001:0003AB10       GetSourceInfoByAddr
 0001:000006CC       GetSpace
 0001:00000730       GetSpaceAt
 0001:00075D38       GetSpecialName
 0001:0004B61C       GetStack
 0001:0004986C       GetStartDate
 0001:00000360       GetStartupInfo
 0001:000062A8       GetStartupInfo
 0001:000002A8       GetStdHandle
 0001:000062B0       GetStdHandle
 0001:00006598       GetStockObject
 0001:000062B8       GetStringTypeEx
 0001:00014F7C       GetStrProp
 0001:000068F8       GetSubMenu
 0001:0003B25C       GetSymbolAddr
 0001:00006900       GetSysColor
 0001:00006908       GetSysColorBrush
 0001:000062C0       GetSystemDefaultLangID
 0001:000062C8       GetSystemInfo
 0001:00006910       GetSystemMenu
 0001:00006918       GetSystemMetrics
 0002:00005048       GetSystemMetrics
 0001:000065A0       GetSystemPaletteEntries
 0001:000062D0       GetSystemTime
 0001:00049AEC       GetSystemUpTime
 0001:000062D8       GetTempPath
 0001:000065A8       GetTextExtentPoint32
 0001:0003F3A0       GetTextHeight
 0001:000065B0       GetTextMetrics
 0002:0000516C       GetThemeAppProperties
 0002:000050D8       GetThemeBackgroundContentRect
 0002:000050DC       GetThemeBackgroundExtent
 0002:000050EC       GetThemeBackgroundRegion
 0002:00005110       GetThemeBool
 0002:00005104       GetThemeColor
 0002:00005178       GetThemeDocumentationProperty
 0002:00005118       GetThemeEnumValue
 0002:00005138       GetThemeFilename
 0002:00005120       GetThemeFont
 0002:00005114       GetThemeInt
 0002:0000512C       GetThemeIntList
 0002:00005128       GetThemeMargins
 0002:00005108       GetThemeMetric
 0002:000050E0       GetThemePartSize
 0002:0000511C       GetThemePosition
 0002:00005130       GetThemePropertyOrigin
 0002:00005124       GetThemeRect
 0002:0000510C       GetThemeString
 0002:00005144       GetThemeSysBool
 0002:0000513C       GetThemeSysColor
 0002:00005140       GetThemeSysColorBrush
 0002:0000514C       GetThemeSysFont
 0002:00005154       GetThemeSysInt
 0002:00005148       GetThemeSysSize
 0002:00005150       GetThemeSysString
 0002:000050E4       GetThemeTextExtent
 0002:000050E8       GetThemeTextMetrics
 0001:000062E0       GetThreadContext
 0001:0003FAEC       GetThreadData
 0001:00000368       GetThreadLocale
 0001:000062E8       GetThreadLocale
 0001:0004E934       GetThreadParams
 0001:000062F0       GetThreadPriority
 0001:000062F8       GetTickCount
 0001:0000A758       GetTime
 0001:00005E78       GetTlsSize
 0001:000852DC       GetTopMostWindows
 0001:00037A48       GetTopOfStack
 0001:000640B8       GetTopParent
 0001:00006920       GetTopWindow
 0001:000497CC       GetTotalDisk
 0001:0004951C       GetTotalMemory
 0001:00014A70       GetTypeData
 0001:0002DF10       GetUnixGMTFileTime
 0001:000060D0       GetUserName
 0001:000221B8       GetUserPath
 0001:00006300       GetVersion
 0001:000003F8       GetVersion
 0001:00006308       GetVersionEx
 0001:00048E38       GetVersionNumber
 0001:0002472C       GetVirtualMethod
 0001:00014FE8       GetWideStrProp
 0001:00014ECC       GetWideStrPropAsLongStr
 0001:00006928       GetWindow
 0001:00006930       GetWindowDC
 0001:00006938       GetWindowLong
 0001:000065B8       GetWindowOrgEx
 0001:00006940       GetWindowPlacement
 0001:00006948       GetWindowRect
 0001:00006310       GetWindowsDirectory
 0001:00006950       GetWindowText
 0002:00005160       GetWindowTheme
 0001:00006960       GetWindowThreadProcessId
 0001:00006958       GetWindowThreadProcessId
 0001:0002223C       GetWorkingFile
 0001:00006318       GlobalAddAtom
 0001:00006320       GlobalAlloc
 0001:00006C14       GlobalAllocPtr
 0001:00006328       GlobalDeleteAtom
 0001:00006330       GlobalFindAtom
 0002:00003868       GlobalFixupList
 0001:0001B518       GlobalFixupReferences
 0001:00006338       GlobalFree
 0001:00006C40       GlobalFreePtr
 0001:00006348       GlobalHandle
 0001:00006340       GlobalLock
 0001:00006350       GlobalMemoryStatus
 0002:0000384C       GlobalNameSpace
 0001:00006358       GlobalReAlloc
 0001:00006C24       GlobalReAllocPtr
 0002:00004B68       GlobalSendValues
 0001:00006360       GlobalUnlock
 0002:00004900       Global_AttachedFiles
 0002:000048F0       Global_CurrentEvent
 0002:000048FC       Global_CustomData
 0002:000048D0       Global_ExceptionRecord
 0002:000048B1       Global_Execute
 0002:00004904       Global_FieldsName
 0002:00004908       Global_FieldsValue
 0002:000048B2       Global_Handled
 0002:000019C8       Global_IntoHandleException
 0002:00004910       Global_IntraWebText
 0002:000048F8       Global_LastInitPassword
 0002:0000490C       Global_Module
 0002:000048F4       Global_Password
 0002:000048B3       Global_Retry
 0002:00004914       Global_WebTextID
 0001:0004EC84       GoNotify
 0001:0005997C       Graphics
 0001:00017BD4       GroupDescendentsWith
 0002:0000246C       GUID_NULL
 0002:000003BC       GUID_NULL
 0001:00051290       HandleAnyExceptionAddr
 0002:00004650       HandleAnyExceptionAddr_Variable
 0001:00051334       HandleAutoExceptionAddr
 0002:00004658       HandleAutoExceptionAddr_Variable
 0001:00034B90       HandleBackgroundState
 0001:0000F850       HandleConversionException
 0002:000047A8       HandledCache
 0002:000047A4       HandledCacheCount
 0002:00004898       HandledCacheCriticalSection
 0001:0008246C       HandleEdge
 0001:0001C97C       HandleException
 0001:000512DC       HandleOnExceptionAddr
 0002:00004654       HandleOnExceptionAddr_Variable
 0002:00000028       HeapAllocFlags
 0002:000035C8       heapErrorCode
 0002:000035CC       heapLock
 0001:0005B62C       HelpIntfs
 0002:00005084       HelpManager
 0002:000051B8       HelpMsg
 0002:00005254       HelpViewer
 0002:00005258       HelpViewerIntf
 0002:00000134       HexDisplayPrefix
 0001:000714B0       HideZone
 0002:00003668       HInstance
 0002:00005310       HintDoneEvent
 0001:00084C04       HintGetMsgHook
 0002:00005314       HintHook
 0001:00084BA8       HintMouseThread
 0002:00005318       HintThread
 0002:0000530C       HintThreadID
 0001:00084B54       HintTimerProc
 0002:000022B0       HintWindowClass
 0002:000050F0       HitTestThemeBackground
 0001:00006BF4       HiWord
 0001:0003D330       HookBPLProcedure
 0001:000254D8       HookDllProcedure
 0001:0004F86C       HookedCreateThread
 0001:0004F0A8       HookedExceptionObject
 0001:0004F284       HookedExceptProc
 0001:0004FD0C       HookedExitThread
 0001:0004FDF4       HookedHttpExtensionProc
 0002:000038B8       HookedMethodsList
 0002:000038B0       HookedProcedures
 0001:0004EFD0       HookedRaise
 0001:0004FAEC       HookedResumeThread
 0001:0004F4A8       HookedRTLThreadProc
 0001:0004F1CC       HookedRtlUnwind
 0001:0004F350       HookedThreadExecute
 0001:0004F5D8       HookedThreadProc
 0001:0004FDC0       HookedWriteClientProc
 0001:0004F1F4       HookedWriteFile
 0001:00050758       Hooked_CGIHandleServerException
 0001:0005086C       Hooked_CLXHandleException
 0001:0005089C       Hooked_CLXShowException
 0001:00050DD0       Hooked_IndyThreadHandleException
 0001:000508F0       Hooked_IntraWebCreateServer
 0001:00050AB4       Hooked_IntraWebSendResponse
 0001:00050788       Hooked_ISAPIHandleServerException
 0001:00050D1C       Hooked_NTServiceLogMessage
 0001:000507B8       Hooked_VCLHandleException
 0001:0005082C       Hooked_VCLShowException
 0001:00084C48       HookHintHooks
 0001:000519D4       HookingModuleName
 0001:000519F8       HookingRTLModuleName
 0001:000513CC       HookLastFInit
 0001:00051394       HookLastInit
[...]

 31878 0001:00078CEF

Line numbers for WMF9(WMF9.pas) segment .text

 15582 0001:00088DCC 15611 0001:00088DD4 15611 0001:00088E00 15586 0001:00088E04
 15606 0001:00088E0B

Line numbers for DSUtil(DSUtil.pas) segment .text

  1003 0001:000891F0  1004 0001:000891F5  1005 0001:000891FC  1004 0001:0008920B
  1006 0001:00089210  1007 0001:00089214  1097 0001:00089218  1098 0001:0008921A
  1099 0001:0008921E  1100 0001:00089225  1110 0001:00089228  1111 0001:00089259
  1112 0001:0008926B  1113 0001:0008926F  1114 0001:000892A6  1115 0001:000892C4
  1116 0001:000892C8  1117 0001:000892DE  1118 0001:00089325  1125 0001:00089350
  1126 0001:00089367  1127 0001:00089379  1128 0001:0008937D  1129 0001:00089389
  1130 0001:000893B0  1134 0001:000893B8  1135 0001:000893C5  1136 0001:000893D3
  1137 0001:000893E1  1138 0001:000893EF  1139 0001:000893FD  1140 0001:0008940B
  1141 0001:00089419  1142 0001:00089424  1143 0001:0008942D  1367 0001:00089430
  1368 0001:00089439  1369 0001:00089449  1370 0001:00089457  1876 0001:00089460
  1877 0001:00089480  1878 0001:00089482  1880 0001:0008948D  1881 0001:000894CD
  1882 0001:000894D0  1884 0001:000894FB  2749 0001:00089514  2750 0001:00089543
  2751 0001:0008954C  2752 0001:00089557  2753 0001:00089592  2756 0001:00089598
  2757 0001:000895A3  2758 0001:000895BA  2763 0001:000895C0  2764 0001:000895D8
  2765 0001:000895DE  2766 0001:000895F2  2767 0001:00089616  2768 0001:00089643
  2778 0001:00089648  2779 0001:00089664  2780 0001:0008969C  2798 0001:000896B4
  2799 0001:000896D4  2800 0001:000896FF  2813 0001:00089704  2814 0001:00089724
  2815 0001:0008974F  2827 0001:00089754  2828 0001:00089783  2829 0001:0008978C
  2830 0001:00089797  2831 0001:000897D2  2834 0001:000897D8  2835 0001:000897E3
  2836 0001:000897EB  2837 0001:00089802  2843 0001:00089808  2844 0001:00089820
  2845 0001:00089827  2846 0001:00089841  2847 0001:00089865  2848 0001:00089892
  2859 0001:00089898  2860 0001:000898B3  2861 0001:000898D1  2862 0001:00089902
  2865 0001:00089908  2866 0001:00089924  2867 0001:0008995C  2885 0001:00089974
  2886 0001:00089994  2887 0001:000899BF  4862 0001:000899EC  4863 0001:000899F0
  4864 0001:000899F1  4865 0001:00089A0F  4874 0001:00089A20  4875 0001:00089A24
  4876 0001:00089A45  4877 0001:00089A4B  5015 0001:00089AA4  5015 0001:00089AB7

Line numbers for DSPack(DSPack.pas) segment .text

   879 0001:0008A790  1040 0001:0008B9DC  1203 0001:0008C0C4  1714 0001:0008C34C
  1715 0001:0008C35E  1716 0001:0008C367  1717 0001:0008C375  1718 0001:0008C37C
  1719 0001:0008C381  1720 0001:0008C38D  1721 0001:0008C3A8  1724 0001:0008C3AC
  1725 0001:0008C3B7  1726 0001:0008C3C0  1727 0001:0008C3C8  1728 0001:0008C3DF
  1732 0001:0008C3E4  1733 0001:0008C3EB  1734 0001:0008C3F0  1735 0001:0008C3F3
  1736 0001:0008C3FC  1737 0001:0008C3FF  1738 0001:0008C408  1747 0001:0008C40C
  1748 0001:0008C426  1749 0001:0008C42F  1752 0001:0008C43E  1753 0001:0008C450
  1755 0001:0008C470  1756 0001:0008C48E  1757 0001:0008C4AC  1760 0001:0008C4BB
  1761 0001:0008C4D9  1764 0001:0008C4EB  1766 0001:0008C4EF  1768 0001:0008C50C
  1769 0001:0008C517  1773 0001:0008C52D  1775 0001:0008C54A  1776 0001:0008C55F
  1778 0001:0008C565  1779 0001:0008C572  1781 0001:0008C57A  1782 0001:0008C58F
  1784 0001:0008C595  1785 0001:0008C5A2  1787 0001:0008C5AA  1791 0001:0008C5B2
  1793 0001:0008C5BC  1795 0001:0008C5C6  1797 0001:0008C5CD  1798 0001:0008C5E5
  1802 0001:0008C5F8  1803 0001:0008C606  1804 0001:0008C60D  1806 0001:0008C613
  1807 0001:0008C61E  1809 0001:0008C626  1811 0001:0008C62D  1812 0001:0008C632
  1814 0001:0008C637  1815 0001:0008C642  1817 0001:0008C650  1818 0001:0008C658
  1819 0001:0008C660  1820 0001:0008C668  1823 0001:0008C699  1826 0001:0008C6B0
  1827 0001:0008C6B3  1828 0001:0008C6C8  1829 0001:0008C6CF  1832 0001:0008C6D4
  1834 0001:0008C6E0  1835 0001:0008C6EA  1836 0001:0008C6F8  1838 0001:0008C70F
  1841 0001:0008C725  1842 0001:0008C73D  1847 0001:0008C744  1848 0001:0008C74B
  1850 0001:0008C751  1851 0001:0008C76D  1853 0001:0008C771  1854 0001:0008C785
  1855 0001:0008C79D  1851 0001:0008C7B9  1858 0001:0008C7BD  1873 0001:0008C7C4
  1874 0001:0008C7F5  1875 0001:0008C805  1876 0001:0008C827  1877 0001:0008CA01
  1878 0001:0008CA29  1879 0001:0008CA4A  1880 0001:0008CA72  1881 0001:0008CA9E
  1882 0001:0008CACA  1883 0001:0008CAEE  1884 0001:0008CB12  1885 0001:0008CB36
  1886 0001:0008CB57  1887 0001:0008CB7F  1888 0001:0008CBA7  1889 0001:0008CBC8
  1890 0001:0008CBEC  1891 0001:0008CC0D  1892 0001:0008CC35  1893 0001:0008CC5D
  1894 0001:0008CC7E  1895 0001:0008CCA6  1896 0001:0008CCCE  1897 0001:0008CCF6
  1898 0001:0008CD1E  1899 0001:0008CD3F  1900 0001:0008CD69  1901 0001:0008CD91
  1902 0001:0008CDB9  1903 0001:0008CDDA  1905 0001:0008CDFE  1908 0001:0008CE26
  1909 0001:0008CE34  1911 0001:0008CE55  1912 0001:0008CE6B  1913 0001:0008CE85
  1914 0001:0008CEB7  1917 0001:0008CEC4  1918 0001:0008CEEC  1919 0001:0008CF0D
  1922 0001:0008CF31  1924 0001:0008CF3F  1925 0001:0008CF4A  1926 0001:0008CF57
  1927 0001:0008CF5E  1929 0001:0008CF65  1931 0001:0008CF67  1936 0001:0008CFC2
  1937 0001:0008CFED  1938 0001:0008D00E  1939 0001:0008D02F  1940 0001:0008D050
  1941 0001:0008D071  1946 0001:0008D092  1947 0001:0008D0C9  1948 0001:0008D0EA
  1949 0001:0008D10B  1950 0001:0008D12C  1951 0001:0008D14D  1952 0001:0008D16E
  1953 0001:0008D18F  1954 0001:0008D1B0  1957 0001:0008D1D1  1958 0001:0008D1F2
  1959 0001:0008D213  1962 0001:0008D23F  1964 0001:0008D26E  1965 0001:0008D27F
  1966 0001:0008D299  1967 0001:0008D2CB  1970 0001:0008D2D8  1971 0001:0008D2FC
  1974 0001:0008D320  1975 0001:0008D34F  1976 0001:0008D370  1977 0001:0008D391
  1978 0001:0008D3B2  1979 0001:0008D3D3  1980 0001:0008D3F4  1983 0001:0008D415
  1984 0001:0008D446  1985 0001:0008D46A  1986 0001:0008D48B  1987 0001:0008D4B3
  1988 0001:0008D4D4  1989 0001:0008D4F8  1990 0001:0008D51C  1991 0001:0008D540
  1992 0001:0008D55A  1995 0001:0008D574  1997 0001:0008D57E  1998 0001:0008D584
  1999 0001:0008D58F  2002 0001:0008D5A6  2004 0001:0008D5F2  2007 0001:0008D610
  2008 0001:0008D61C  2009 0001:0008D629  2010 0001:0008D642  2011 0001:0008D654
  2013 0001:0008D665  2014 0001:0008D674  2017 0001:0008D690  2018 0001:0008D69F
  2019 0001:0008D6BA  2022 0001:0008D6D6  2025 0001:0008D6E0  2026 0001:0008D6E6
  2029 0001:0008D6EE  2030 0001:0008D6F4  2031 0001:0008D6FA  2035 0001:0008D707
  2037 0001:0008D70E  2038 0001:0008D713  2042 0001:0008D718  2043 0001:0008D71B
  2047 0001:0008D720  2048 0001:0008D746  2049 0001:0008D75B  2050 0001:0008D766
  2052 0001:0008D76C  2053 0001:0008D778  2054 0001:0008D78E  2055 0001:0008D7AF
  2057 0001:0008D7F3  2060 0001:0008D7FC  2061 0001:0008D824  2062 0001:0008D82F
  2064 0001:0008D835  2065 0001:0008D844  2066 0001:0008D85C  2068 0001:0008D86B
  2069 0001:0008D877  2070 0001:0008D8A4  2073 0001:0008D8AC  2074 0001:0008D8CC
  2075 0001:0008D8E1  2076 0001:0008D909  2079 0001:0008D910  2080 0001:0008D930
  2082 0001:0008D937  2083 0001:0008D93F  2085 0001:0008D970  2089 0001:0008D974
  2090 0001:0008D991  2091 0001:0008D99D  2093 0001:0008D9B0  2094 0001:0008D9CC
  2095 0001:0008D9F1  2096 0001:0008DA0D  2091 0001:0008DA0E  2097 0001:0008DA4B
  2103 0001:0008DA54  2104 0001:0008DA74  2105 0001:0008DA88  2107 0001:0008DA9F
  2108 0001:0008DAB8  2109 0001:0008DADB  2110 0001:0008DB09  2111 0001:0008DB25
  2105 0001:0008DB26  2112 0001:0008DB7F  2127 0001:0008DB88  2128 0001:0008DBAC
  2129 0001:0008DBB3  2130 0001:0008DBC9  2129 0001:0008DBEC  2131 0001:0008DC0C
  2135 0001:0008DC18  2136 0001:0008DC3C  2137 0001:0008DC43  2138 0001:0008DC59
  2137 0001:0008DC78  2139 0001:0008DC98  2143 0001:0008DCA0  2144 0001:0008DCB7
  2145 0001:0008DCB9  2147 0001:0008DCD6  2148 0001:0008DCE1  2149 0001:0008DCF6
  2151 0001:0008DD1D  2167 0001:0008DD34  2168 0001:0008DD4B  2169 0001:0008DD4D
  2171 0001:0008DD6A  2172 0001:0008DD78  2173 0001:0008DD8B  2175 0001:0008DDB2
  2178 0001:0008DDC8  2179 0001:0008DDED  2181 0001:0008DDFA  2182 0001:0008DE08
  2183 0001:0008DE1C  2184 0001:0008DE22  2186 0001:0008DE30  2188 0001:0008DE4C
  2190 0001:0008DE6B  2191 0001:0008DE79  2192 0001:0008DE8D  2195 0001:0008DE99
  2196 0001:0008DEC4  2204 0001:0008DECC  2205 0001:0008DEED  2207 0001:0008DEF7
  2208 0001:0008DF09  2209 0001:0008DF19  2211 0001:0008DF35  2212 0001:0008DF53
  2213 0001:0008DF64  2214 0001:0008DF6F  2215 0001:0008DF85  2214 0001:0008DFA3
  2216 0001:0008DFA6  2217 0001:0008DFAD  2218 0001:0008DFB5  2209 0001:0008DFB8
  2219 0001:0008DFC1  2221 0001:0008DFF6  2227 0001:0008E00C  2228 0001:0008E028
  2230 0001:0008E032  2231 0001:0008E039  2232 0001:0008E040  2233 0001:0008E052
  2234 0001:0008E059  2235 0001:0008E064  2236 0001:0008E07B  2235 0001:0008E0A2
  2237 0001:0008E0A5  2238 0001:0008E0B1  2239 0001:0008E0C8  2238 0001:0008E0EB
  2240 0001:0008E0EE  2242 0001:0008E123  2284 0001:0008E12C  2285 0001:0008E145
  2286 0001:0008E156  2288 0001:0008E173  2289 0001:0008E179  2290 0001:0008E18D
  2291 0001:0008E19F  2293 0001:0008E1C4  2297 0001:0008E1DC  2298 0001:0008E1F5
  2299 0001:0008E209  2301 0001:0008E226  2302 0001:0008E22C  2303 0001:0008E240
  2304 0001:0008E24D  2306 0001:0008E272  2323 0001:0008E288  2324 0001:0008E2A9
  2325 0001:0008E2AE  2327 0001:0008E2B4  2328 0001:0008E2C2  2329 0001:0008E2DD
  2331 0001:0008E2E8  2332 0001:0008E2EF  2335 0001:0008E31C  2388 0001:0008E324
  2389 0001:0008E33A  2390 0001:0008E346  2392 0001:0008E363  2393 0001:0008E372
  2395 0001:0008E397  2466 0001:0008E3B0  2467 0001:0008E3B3  2468 0001:0008E3B8
  2469 0001:0008E3BB  2470 0001:0008E3C5  2471 0001:0008E3CF  2474 0001:0008E3D4
  2475 0001:0008E3D7  2476 0001:0008E3E1  2477 0001:0008E3EB  2478 0001:0008E3F8
  2486 0001:0008E3FC  2487 0001:0008E427  2489 0001:0008E435  2490 0001:0008E451
  2491 0001:0008E481  2492 0001:0008E48F  2494 0001:0008E4B1  2496 0001:0008E4B9
  2497 0001:0008E4DE  2498 0001:0008E4E2  2500 0001:0008E4E9  2501 0001:0008E535
  2506 0001:0008E568  2507 0001:0008E588  2509 0001:0008E592  2510 0001:0008E59F
  2511 0001:0008E5B5  2512 0001:0008E5B9  2514 0001:0008E5C0  2515 0001:0008E5E1
  2523 0001:0008E5E8  2524 0001:0008E630  2526 0001:0008E635  2534 0001:0008E6F1
  2536 0001:0008E6F3  2537 0001:0008E6FE  2538 0001:0008E709  2539 0001:0008E75A
  2542 0001:0008E774  2543 0001:0008E77B  2546 0001:0008E79F  2547 0001:0008E7A4
  2549 0001:0008E7A8  2550 0001:0008E7AD  2557 0001:0008E7B4  2558 0001:0008E7C3
  2559 0001:0008E7CC  2560 0001:0008E7D3  2561 0001:0008E7D6  2562 0001:0008E7DB
  2563 0001:0008E7F2  2566 0001:0008E7F8  2567 0001:0008E7FC  2568 0001:0008E810
  2570 0001:0008E813  2571 0001:0008E825  2573 0001:0008E831  2574 0001:0008E843
  2576 0001:0008E85B  2579 0001:0008E860  2580 0001:0008E868  2581 0001:0008E86E
  2583 0001:0008E871  2584 0001:0008E883  2586 0001:0008E88F  2587 0001:0008E8A1
  2589 0001:0008E8B9  2592 0001:0008E8C0  2593 0001:0008E8C4  2594 0001:0008E8C7
  2596 0001:0008E8CA  2597 0001:0008E8DC  2599 0001:0008E8E8  2600 0001:0008E8FA
  2602 0001:0008E912  2606 0001:0008E918  2607 0001:0008E931  2608 0001:0008E934
  2611 0001:0008E93C  2612 0001:0008E95C  2613 0001:0008E963  2614 0001:0008E975
  2620 0001:0008E9A2  2628 0001:0008E9B8  2629 0001:0008E9CA  2630 0001:0008E9D3
  2631 0001:0008E9E7  2633 0001:0008E9EF  2634 0001:0008E9F8  2635 0001:0008EA04
  2636 0001:0008EA10  2637 0001:0008EA19  2638 0001:0008EA20  2639 0001:0008EA3E
  2642 0001:0008EA48  2643 0001:0008EA53  2644 0001:0008EA5E  2645 0001:0008EA67
  2646 0001:0008EA7E  2649 0001:0008EA84  2650 0001:0008EA8A  2651 0001:0008EA9A
  2652 0001:0008EAA4  2653 0001:0008EAAA  2654 0001:0008EAB4  2656 0001:0008EABA
  2657 0001:0008EACB  2658 0001:0008EAE2  2661 0001:0008EAE8  2662 0001:0008EAEB
  2663 0001:0008EAF2  2664 0001:0008EB07  2665 0001:0008EB1C  2669 0001:0008EB20
  2670 0001:0008EB29  2671 0001:0008EB34  2672 0001:0008EB41  2673 0001:0008EB49
  2676 0001:0008EB50  2677 0001:0008EB56  2678 0001:0008EB60  2680 0001:0008EB64
  2681 0001:0008EB75  2683 0001:0008EB8C  2685 0001:0008EB90  2686 0001:0008EBA3
  2688 0001:0008EBB6  2689 0001:0008EBBC  2692 0001:0008EBC0  2693 0001:0008EBC6
  2694 0001:0008EBD3  2697 0001:0008EBD8  2698 0001:0008EBDE  2699 0001:0008EBE8
  2715 0001:0008EBEC  2717 0001:0008EBF0  2718 0001:0008EC0D  2719 0001:0008EC26
  2720 0001:0008EC2E  2721 0001:0008EC46  2722 0001:0008EC58  2724 0001:0008EC6F
  2725 0001:0008EC7D  2726 0001:0008EC84  2727 0001:0008ECAB  2730 0001:0008ECC9
  2733 0001:0008ECE1  2734 0001:0008ECEA  2735 0001:0008ECF8  2736 0001:0008ED1B
  2737 0001:0008ED37  2738 0001:0008ED52  2739 0001:0008ED67  2742 0001:0008ED7C
  2743 0001:0008ED88  2745 0001:0008ED9E  2746 0001:0008EDC4  2748 0001:0008EDD0
  2749 0001:0008EDE3  2750 0001:0008EDE9  2753 0001:0008EDF0  2754 0001:0008EE00
  2755 0001:0008EE22  2757 0001:0008EE45  2758 0001:0008EE5C  2759 0001:0008EE65
  2762 0001:0008EE72  2764 0001:0008EE87  2767 0001:0008EE98  2772 0001:0008EEC0
  2775 0001:0008EED8  2776 0001:0008EEE8  2778 0001:0008EF11  2781 0001:0008EF28
  2782 0001:0008EF37  2786 0001:0008EF52  2790 0001:0008EF6A  2791 0001:0008EF90
  2796 0001:0008EF99  2797 0001:0008EFBF  2798 0001:0008EFDC  2799 0001:0008EFE3
  2809 0001:0008EFEF  2810 0001:0008EFF7  2813 0001:0008F00D  2817 0001:0008F038
  2820 0001:0008F048  2821 0001:0008F05C  2822 0001:0008F073  2823 0001:0008F07E
  2824 0001:0008F094  2823 0001:0008F0B2  2825 0001:0008F0B5  2826 0001:0008F0BC
  2828 0001:0008F0E4  2829 0001:0008F0F1  2834 0001:0008F0FE  2835 0001:0008F10B
  2836 0001:0008F118  2839 0001:0008F15A  2842 0001:0008F1D8  2843 0001:0008F1DB
  2844 0001:0008F1E2  2845 0001:0008F1FA  2849 0001:0008F1FC  2850 0001:0008F202
  2851 0001:0008F209  2854 0001:0008F21B  2855 0001:0008F235  2856 0001:0008F23E
  2858 0001:0008F25E  2861 0001:0008F282  2864 0001:0008F297  2865 0001:0008F2A9
  2866 0001:0008F2B2  2868 0001:0008F2CF  2871 0001:0008F2F0  2873 0001:0008F2F9
  2874 0001:0008F30E  2879 0001:0008F31D  2882 0001:0008F324  2883 0001:0008F32A
  2884 0001:0008F339  2885 0001:0008F344  2888 0001:0008F34C  2889 0001:0008F34F
  2890 0001:0008F358  2892 0001:0008F378  2893 0001:0008F383  2899 0001:0008F398
  2900 0001:0008F3B1  2901 0001:0008F3BA  2902 0001:0008F3C8  2904 0001:0008F3F9
  2905 0001:0008F402  2907 0001:0008F432  2912 0001:0008F438  2913 0001:0008F43F
  2914 0001:0008F45B  2917 0001:0008F46B  2918 0001:0008F47E  2919 0001:0008F49B
  2921 0001:0008F4A7  2922 0001:0008F4B3  2923 0001:0008F4C5  2924 0001:0008F4F7
  2928 0001:0008F503  2929 0001:0008F50C  2931 0001:0008F527  2932 0001:0008F541
  2933 0001:0008F563  2934 0001:0008F57B  2935 0001:0008F584  2937 0001:0008F5A6
  2938 0001:0008F5CA  2942 0001:0008F5D1  2943 0001:0008F5DA  2945 0001:0008F5E1
  2946 0001:0008F5E7  2950 0001:0008F5EC  2951 0001:0008F5F8  2953 0001:0008F611
  2954 0001:0008F613  2955 0001:0008F621  2957 0001:0008F623  2958 0001:0008F630
  2959 0001:0008F644  2960 0001:0008F658  2963 0001:0008F660  2964 0001:0008F678
  2966 0001:0008F687  2968 0001:0008F694  2969 0001:0008F6A1  2970 0001:0008F6A7
  2971 0001:0008F6C7  2975 0001:0008F6E2  2977 0001:0008F6F7  2978 0001:0008F6FD
  2979 0001:0008F71D  2983 0001:0008F758  2989 0001:0008F760  2990 0001:0008F768
  2991 0001:0008F76C  2992 0001:0008F775  2993 0001:0008F78A  2994 0001:0008F798
  2995 0001:0008F7AA  2997 0001:0008F7B8  2998 0001:0008F7BC  2999 0001:0008F7BE
  2994 0001:0008F7BF  3001 0001:0008F7CF  3003 0001:0008F7E2  3012 0001:0008F7E8
  3013 0001:0008F82A  3016 0001:0008F83C  3017 0001:0008F84C  3018 0001:0008F86F
  3020 0001:0008F879  3021 0001:0008F890  3022 0001:0008F89F  3024 0001:0008F8BA
  3025 0001:0008F8DD  3027 0001:0008F8FC  3028 0001:0008F907  3029 0001:0008F912
  3030 0001:0008F91D  3031 0001:0008F93E  3032 0001:0008F95A  3034 0001:0008F95F
  3022 0001:0008F962  3039 0001:0008F970  3041 0001:0008F97B  3043 0001:0008F98A
  3045 0001:0008F993  3046 0001:0008F9A0  3047 0001:0008F9A6  3048 0001:0008F9CC
  3050 0001:0008F9E7  3056 0001:0008FA3B  3059 0001:0008FA54  3060 0001:0008FA5E
  3062 0001:0008FA6C  3063 0001:0008FA73  3065 0001:0008FA79  3066 0001:0008FAA8
  3070 0001:0008FAB1  3071 0001:0008FABA  3075 0001:0008FAC4  3076 0001:0008FACA
  3077 0001:0008FADA  3081 0001:0008FADC  3082 0001:0008FAEB  3083 0001:0008FAF4
  3085 0001:0008FB28  3086 0001:0008FB3C  3089 0001:0008FB44  3090 0001:0008FB50
  3091 0001:0008FB59  3093 0001:0008FB8A  3094 0001:0008FB98  3097 0001:0008FBA0
  3098 0001:0008FBAF  3099 0001:0008FBB8  3101 0001:0008FBEC  3102 0001:0008FC00
  3135 0001:0008FC08  3136 0001:0008FC0B  3139 0001:0008FC0C  3140 0001:0008FC12
  3141 0001:0008FC1B  3142 0001:0008FC3C  3517 0001:0008FC40  3518 0001:0008FC52
  3519 0001:0008FC5B  3520 0001:0008FC5F  3521 0001:0008FC63  3522 0001:0008FC7E
  3525 0001:0008FC84  3526 0001:0008FC8F  3527 0001:0008FC98  3528 0001:0008FCAF
  3531 0001:0008FCB4  3532 0001:0008FCBA  3533 0001:0008FCC1  3534 0001:0008FCD3
  3535 0001:0008FCE7  3536 0001:0008FCEA  3539 0001:0008FCF0  3540 0001:0008FCF6
  3541 0001:0008FD00  3544 0001:0008FD04  3545 0001:0008FD0A  3546 0001:0008FD14
  3553 0001:0008FD18  3554 0001:0008FD38  3555 0001:0008FD52  3557 0001:0008FD74
  3559 0001:0008FD7E  3560 0001:0008FD88  3561 0001:0008FD9D  3563 0001:0008FDBD
  3564 0001:0008FDD0  3565 0001:0008FDE3  3568 0001:0008FDF6  3569 0001:0008FE08
  3570 0001:0008FE16  3572 0001:0008FE25  3573 0001:0008FE3D  3575 0001:0008FE4A
  3576 0001:0008FE65  3578 0001:0008FE7C  3579 0001:0008FE93  3581 0001:0008FEB0
  3582 0001:0008FECE  3584 0001:0008FED6  3585 0001:0008FEE2  3587 0001:0008FEF9
  3588 0001:0008FF04  3589 0001:0008FF11  3590 0001:0008FF1E  3594 0001:0008FF38
  3600 0001:0008FF48  3601 0001:0008FF57  3603 0001:0008FF5D  3604 0001:0008FF66
  3606 0001:0008FF6F  3607 0001:0008FF7E  3611 0001:0008FF8F  3612 0001:0008FF97
  3613 0001:0008FF9F  3614 0001:0008FFA7  3615 0001:0008FFAF  3616 0001:0008FFB7
  3617 0001:0008FFBF  3620 0001:00090007  3623 0001:0009002C  3624 0001:00090035
  3625 0001:00090040  3626 0001:0009004A  3627 0001:0009004F  3633 0001:00090054
  3634 0001:00090070  3636 0001:0009008D  3637 0001:0009009A  3638 0001:000900A4
  3641 0001:000900AE  3642 0001:000900D0  3647 0001:000900E8  3648 0001:00090101
  3650 0001:0009011E  3651 0001:00090137  3654 0001:00090141  3655 0001:00090161
  3661 0001:00090178  3662 0001:00090197  3664 0001:000901B4  3665 0001:000901C3
  3666 0001:000901CB  3669 0001:000901D7  3670 0001:000901FE  3674 0001:00090214
  3675 0001:0009023B  3676 0001:00090246  3678 0001:00090263  3679 0001:00090277
  3681 0001:000902A4  3684 0001:000902BC  3685 0001:000902C8  3686 0001:000902D5
  3687 0001:000902E6  3688 0001:000902F7  5947 0001:00090330  5947 0001:00090337

Line numbers for Unit1(Unit1.pas) segment .text

    34 0001:00090560    35 0001:00090563    36 0001:0009056F    37 0001:00090574
    39 0001:00090581    40 0001:0009058D    41 0001:00090592    43 0001:0009059F
    46 0001:000905A4    47 0001:000905BF    48 0001:000905D2    49 0001:000905DD
    50 0001:000905EA    51 0001:00090611    53 0001:0009061C    54 0001:0009062E
    55 0001:00090639    56 0001:00090646    57 0001:00090684    60 0001:000906C9
    62 0001:0009071C    62 0001:00090723

Line numbers for asfp(E:\ControlToInstall\DsPack\asfplayer\asfp.dpr) segment .text

    10 0001:00090A04    11 0001:00090A14    12 0001:00090A20    13 0001:00090A38
    14 0001:00090A44

Bound resource files

C:\Program Files\EurekaLog 5\Delphi7\DIALOG.RES
c:\program files\borland\delphi7\Lib\Buttons.res
c:\program files\borland\delphi7\Lib\ExtDlgs.res
c:\program files\borland\delphi7\Lib\Controls.res
Unit1.dfm
asfp.res
asfp.drf


Program entry point at 0001:00090A04
